{
    "single end fastq": {
        "content": [
            [
                [
                    "test.kraken2.report.txt:md5,4227755fe40478b8d7dc8634b489761e"
                ],
                [
                    "test.html"
                ]
            ]
        ],
        "timestamp": "2026-06-15T13:30:48.324218441",
        "meta": {
            "nf-test": "0.9.5",
            "nextflow": "26.04.3"
        }
    }
}