{
    "Miseq data test (skip all tools)": {
        "content": [
            0,
            {
                
            },
            [
                "pipeline_info",
                "pipeline_info/nf_core_seqinspector_software_mqc_versions.yml"
            ],
            "No stable content",
            "No BAM files",
            "No warnings"
        ],
        "timestamp": "2026-03-05T16:55:16.91082134",
        "meta": {
            "nf-test": "0.9.4",
            "nextflow": "25.10.4"
        }
    },
    "MiSeq data test (single end reads)": {
        "content": [
            9,
            {
                "BWAMEM2_INDEX": {
                    "bwamem2": "2.2.1"
                },
                "BWAMEM2_MEM": {
                    "bwamem2": "2.2.1",
                    "samtools": "1.22.1"
                },
                "FASTQC": {
                    "fastqc": "0.12.1"
                },
                "FASTQSCREEN_FASTQSCREEN": {
                    "fastqscreen": "0.16.0"
                },
                "PICARD_COLLECTMULTIPLEMETRICS": {
                    "picard": "3.4.0"
                },
                "SAMTOOLS_FAIDX": {
                    "samtools": "1.22.1"
                },
                "SAMTOOLS_INDEX": {
                    "samtools": "1.22.1"
                },
                "SEQFU_STATS": {
                    "seqfu": "1.22.3"
                }
            },
            [
                "bwamem2_index",
                "bwamem2_index/bwamem2",
                "bwamem2_index/bwamem2/genome.fa.0123",
                "bwamem2_index/bwamem2/genome.fa.amb",
                "bwamem2_index/bwamem2/genome.fa.ann",
                "bwamem2_index/bwamem2/genome.fa.bwt.2bit.64",
                "bwamem2_index/bwamem2/genome.fa.pac",
                "bwamem2_mem",
                "bwamem2_mem/SAMPLE_SINGLE_END_01.bam",
                "bwamem2_mem/SAMPLE_SINGLE_END_01.bam.bai",
                "fastqc",
                "fastqc/SAMPLE_SINGLE_END_01_fastqc.html",
                "fastqc/SAMPLE_SINGLE_END_01_fastqc.zip",
                "fastqscreen",
                "fastqscreen/SAMPLE_SINGLE_END_01_screen.html",
                "fastqscreen/SAMPLE_SINGLE_END_01_screen.png",
                "fastqscreen/SAMPLE_SINGLE_END_01_screen.txt",
                "multiqc",
                "multiqc/global_report",
                "multiqc/global_report/multiqc_data",
                "multiqc/global_report/multiqc_data/fastq_screen_plot.txt",
                "multiqc/global_report/multiqc_data/fastqc-status-check-heatmap.txt",
                "multiqc/global_report/multiqc_data/fastqc_overrepresented_sequences_plot.txt",
                "multiqc/global_report/multiqc_data/fastqc_per_base_n_content_plot.txt",
                "multiqc/global_report/multiqc_data/fastqc_per_base_sequence_quality_plot.txt",
                "multiqc/global_report/multiqc_data/fastqc_per_sequence_gc_content_plot_Counts.txt",
                "multiqc/global_report/multiqc_data/fastqc_per_sequence_gc_content_plot_Percentages.txt",
                "multiqc/global_report/multiqc_data/fastqc_per_sequence_quality_scores_plot.txt",
                "multiqc/global_report/multiqc_data/fastqc_sequence_counts_plot.txt",
                "multiqc/global_report/multiqc_data/fastqc_sequence_duplication_levels_plot.txt",
                "multiqc/global_report/multiqc_data/fastqc_top_overrepresented_sequences_table.txt",
                "multiqc/global_report/multiqc_data/llms-full.txt",
                "multiqc/global_report/multiqc_data/multiqc.log",
                "multiqc/global_report/multiqc_data/multiqc.parquet",
                "multiqc/global_report/multiqc_data/multiqc_citations.txt",
                "multiqc/global_report/multiqc_data/multiqc_data.json",
                "multiqc/global_report/multiqc_data/multiqc_fastq_screen.txt",
                "multiqc/global_report/multiqc_data/multiqc_fastqc.txt",
                "multiqc/global_report/multiqc_data/multiqc_general_stats.txt",
                "multiqc/global_report/multiqc_data/multiqc_picard_AlignmentSummaryMetrics.txt",
                "multiqc/global_report/multiqc_data/multiqc_picard_baseContent.txt",
                "multiqc/global_report/multiqc_data/multiqc_picard_quality_by_cycle.txt",
                "multiqc/global_report/multiqc_data/multiqc_picard_quality_score_distribution.txt",
                "multiqc/global_report/multiqc_data/multiqc_seqfu_mqc.txt",
                "multiqc/global_report/multiqc_data/multiqc_software_versions.txt",
                "multiqc/global_report/multiqc_data/multiqc_sources.txt",
                "multiqc/global_report/multiqc_data/picard_MarkIlluminaAdapters_histogram.txt",
                "multiqc/global_report/multiqc_data/picard_MeanQualityByCycle_histogram.txt",
                "multiqc/global_report/multiqc_data/picard_MeanQualityByCycle_histogram_1.txt",
                "multiqc/global_report/multiqc_data/picard_QualityScoreDistribution_histogram.txt",
                "multiqc/global_report/multiqc_data/picard_alignment_readlength_plot.txt",
                "multiqc/global_report/multiqc_data/picard_alignment_summary.txt",
                "multiqc/global_report/multiqc_data/picard_base_distribution_by_cycle__Adenine.txt",
                "multiqc/global_report/multiqc_data/picard_base_distribution_by_cycle__Cytosine.txt",
                "multiqc/global_report/multiqc_data/picard_base_distribution_by_cycle__Guanine.txt",
                "multiqc/global_report/multiqc_data/picard_base_distribution_by_cycle__Thymine.txt",
                "multiqc/global_report/multiqc_data/picard_base_distribution_by_cycle__Undetermined.txt",
                "multiqc/global_report/multiqc_data/picard_quality_by_cycle.txt",
                "multiqc/global_report/multiqc_data/picard_quality_score_distribution.txt",
                "multiqc/global_report/multiqc_plots",
                "multiqc/global_report/multiqc_plots/pdf",
                "multiqc/global_report/multiqc_plots/pdf/fastq_screen_plot-cnt.pdf",
                "multiqc/global_report/multiqc_plots/pdf/fastq_screen_plot-pct.pdf",
                "multiqc/global_report/multiqc_plots/pdf/fastqc-status-check-heatmap.pdf",
                "multiqc/global_report/multiqc_plots/pdf/fastqc_overrepresented_sequences_plot.pdf",
                "multiqc/global_report/multiqc_plots/pdf/fastqc_per_base_n_content_plot.pdf",
                "multiqc/global_report/multiqc_plots/pdf/fastqc_per_base_sequence_quality_plot.pdf",
                "multiqc/global_report/multiqc_plots/pdf/fastqc_per_sequence_gc_content_plot_Counts.pdf",
                "multiqc/global_report/multiqc_plots/pdf/fastqc_per_sequence_gc_content_plot_Percentages.pdf",
                "multiqc/global_report/multiqc_plots/pdf/fastqc_per_sequence_quality_scores_plot.pdf",
                "multiqc/global_report/multiqc_plots/pdf/fastqc_sequence_counts_plot-cnt.pdf",
                "multiqc/global_report/multiqc_plots/pdf/fastqc_sequence_counts_plot-pct.pdf",
                "multiqc/global_report/multiqc_plots/pdf/fastqc_sequence_duplication_levels_plot.pdf",
                "multiqc/global_report/multiqc_plots/pdf/fastqc_top_overrepresented_sequences_table.pdf",
                "multiqc/global_report/multiqc_plots/pdf/picard_alignment_readlength_plot.pdf",
                "multiqc/global_report/multiqc_plots/pdf/picard_alignment_summary-cnt.pdf",
                "multiqc/global_report/multiqc_plots/pdf/picard_alignment_summary-pct.pdf",
                "multiqc/global_report/multiqc_plots/pdf/picard_base_distribution_by_cycle__Adenine.pdf",
                "multiqc/global_report/multiqc_plots/pdf/picard_base_distribution_by_cycle__Cytosine.pdf",
                "multiqc/global_report/multiqc_plots/pdf/picard_base_distribution_by_cycle__Guanine.pdf",
                "multiqc/global_report/multiqc_plots/pdf/picard_base_distribution_by_cycle__Thymine.pdf",
                "multiqc/global_report/multiqc_plots/pdf/picard_base_distribution_by_cycle__Undetermined.pdf",
                "multiqc/global_report/multiqc_plots/pdf/picard_quality_by_cycle.pdf",
                "multiqc/global_report/multiqc_plots/pdf/picard_quality_score_distribution.pdf",
                "multiqc/global_report/multiqc_plots/pdf/seqfu_mqc.pdf",
                "multiqc/global_report/multiqc_plots/png",
                "multiqc/global_report/multiqc_plots/png/fastq_screen_plot-cnt.png",
                "multiqc/global_report/multiqc_plots/png/fastq_screen_plot-pct.png",
                "multiqc/global_report/multiqc_plots/png/fastqc-status-check-heatmap.png",
                "multiqc/global_report/multiqc_plots/png/fastqc_overrepresented_sequences_plot.png",
                "multiqc/global_report/multiqc_plots/png/fastqc_per_base_n_content_plot.png",
                "multiqc/global_report/multiqc_plots/png/fastqc_per_base_sequence_quality_plot.png",
                "multiqc/global_report/multiqc_plots/png/fastqc_per_sequence_gc_content_plot_Counts.png",
                "multiqc/global_report/multiqc_plots/png/fastqc_per_sequence_gc_content_plot_Percentages.png",
                "multiqc/global_report/multiqc_plots/png/fastqc_per_sequence_quality_scores_plot.png",
                "multiqc/global_report/multiqc_plots/png/fastqc_sequence_counts_plot-cnt.png",
                "multiqc/global_report/multiqc_plots/png/fastqc_sequence_counts_plot-pct.png",
                "multiqc/global_report/multiqc_plots/png/fastqc_sequence_duplication_levels_plot.png",
                "multiqc/global_report/multiqc_plots/png/fastqc_top_overrepresented_sequences_table.png",
                "multiqc/global_report/multiqc_plots/png/picard_alignment_readlength_plot.png",
                "multiqc/global_report/multiqc_plots/png/picard_alignment_summary-cnt.png",
                "multiqc/global_report/multiqc_plots/png/picard_alignment_summary-pct.png",
                "multiqc/global_report/multiqc_plots/png/picard_base_distribution_by_cycle__Adenine.png",
                "multiqc/global_report/multiqc_plots/png/picard_base_distribution_by_cycle__Cytosine.png",
                "multiqc/global_report/multiqc_plots/png/picard_base_distribution_by_cycle__Guanine.png",
                "multiqc/global_report/multiqc_plots/png/picard_base_distribution_by_cycle__Thymine.png",
                "multiqc/global_report/multiqc_plots/png/picard_base_distribution_by_cycle__Undetermined.png",
                "multiqc/global_report/multiqc_plots/png/picard_quality_by_cycle.png",
                "multiqc/global_report/multiqc_plots/png/picard_quality_score_distribution.png",
                "multiqc/global_report/multiqc_plots/png/seqfu_mqc.png",
                "multiqc/global_report/multiqc_plots/svg",
                "multiqc/global_report/multiqc_plots/svg/fastq_screen_plot-cnt.svg",
                "multiqc/global_report/multiqc_plots/svg/fastq_screen_plot-pct.svg",
                "multiqc/global_report/multiqc_plots/svg/fastqc-status-check-heatmap.svg",
                "multiqc/global_report/multiqc_plots/svg/fastqc_overrepresented_sequences_plot.svg",
                "multiqc/global_report/multiqc_plots/svg/fastqc_per_base_n_content_plot.svg",
                "multiqc/global_report/multiqc_plots/svg/fastqc_per_base_sequence_quality_plot.svg",
                "multiqc/global_report/multiqc_plots/svg/fastqc_per_sequence_gc_content_plot_Counts.svg",
                "multiqc/global_report/multiqc_plots/svg/fastqc_per_sequence_gc_content_plot_Percentages.svg",
                "multiqc/global_report/multiqc_plots/svg/fastqc_per_sequence_quality_scores_plot.svg",
                "multiqc/global_report/multiqc_plots/svg/fastqc_sequence_counts_plot-cnt.svg",
                "multiqc/global_report/multiqc_plots/svg/fastqc_sequence_counts_plot-pct.svg",
                "multiqc/global_report/multiqc_plots/svg/fastqc_sequence_duplication_levels_plot.svg",
                "multiqc/global_report/multiqc_plots/svg/fastqc_top_overrepresented_sequences_table.svg",
                "multiqc/global_report/multiqc_plots/svg/picard_alignment_readlength_plot.svg",
                "multiqc/global_report/multiqc_plots/svg/picard_alignment_summary-cnt.svg",
                "multiqc/global_report/multiqc_plots/svg/picard_alignment_summary-pct.svg",
                "multiqc/global_report/multiqc_plots/svg/picard_base_distribution_by_cycle__Adenine.svg",
                "multiqc/global_report/multiqc_plots/svg/picard_base_distribution_by_cycle__Cytosine.svg",
                "multiqc/global_report/multiqc_plots/svg/picard_base_distribution_by_cycle__Guanine.svg",
                "multiqc/global_report/multiqc_plots/svg/picard_base_distribution_by_cycle__Thymine.svg",
                "multiqc/global_report/multiqc_plots/svg/picard_base_distribution_by_cycle__Undetermined.svg",
                "multiqc/global_report/multiqc_plots/svg/picard_quality_by_cycle.svg",
                "multiqc/global_report/multiqc_plots/svg/picard_quality_score_distribution.svg",
                "multiqc/global_report/multiqc_plots/svg/seqfu_mqc.svg",
                "multiqc/global_report/multiqc_report.html",
                "picard_collectmultiplemetrics",
                "picard_collectmultiplemetrics/SAMPLE_SINGLE_END_01.CollectMultipleMetrics.alignment_summary_metrics",
                "picard_collectmultiplemetrics/SAMPLE_SINGLE_END_01.CollectMultipleMetrics.base_distribution_by_cycle.pdf",
                "picard_collectmultiplemetrics/SAMPLE_SINGLE_END_01.CollectMultipleMetrics.base_distribution_by_cycle_metrics",
                "picard_collectmultiplemetrics/SAMPLE_SINGLE_END_01.CollectMultipleMetrics.quality_by_cycle.pdf",
                "picard_collectmultiplemetrics/SAMPLE_SINGLE_END_01.CollectMultipleMetrics.quality_by_cycle_metrics",
                "picard_collectmultiplemetrics/SAMPLE_SINGLE_END_01.CollectMultipleMetrics.quality_distribution.pdf",
                "picard_collectmultiplemetrics/SAMPLE_SINGLE_END_01.CollectMultipleMetrics.quality_distribution_metrics",
                "picard_collectmultiplemetrics/SAMPLE_SINGLE_END_01.CollectMultipleMetrics.read_length_histogram.pdf",
                "pipeline_info",
                "pipeline_info/nf_core_seqinspector_software_mqc_versions.yml",
                "samtools_faidx",
                "samtools_faidx/genome.fa.fai",
                "seqfu_stats",
                "seqfu_stats/SAMPLE_SINGLE_END_01_seqfu.tsv",
                "seqfu_stats/SAMPLE_SINGLE_END_01_seqfu_mqc.txt"
            ],
            [
                "genome.fa.0123:md5,8af61f4bc59cc2fe7b396db46a2173f3",
                "genome.fa.amb:md5,657cfdf0628d140d645d8d01a24f0c5f",
                "genome.fa.ann:md5,4439f90bdaaf2cdf9089c9f7f07b9d6b",
                "genome.fa.bwt.2bit.64:md5,c9a1ea631cf4ad59f4c3549a030c6c5e",
                "genome.fa.pac:md5,fd24ae5f67c642dfe9453e63350618cc",
                "SAMPLE_SINGLE_END_01_screen.png:md5,ad98ae0f39335aede67e0a233cf16616",
                "SAMPLE_SINGLE_END_01_screen.txt:md5,588b1b1f2d307fae7272ab0819e4bac5",
                "fastq_screen_plot.txt:md5,7d120ba49a8a9220f85efb05e55bfae1",
                "fastqc-status-check-heatmap.txt:md5,976c0ef6a62569395931028d05c2a320",
                "fastqc_overrepresented_sequences_plot.txt:md5,89a55ca2171daea540258b0fc37e6766",
                "fastqc_per_base_n_content_plot.txt:md5,54814a92014a4e3b07bca1449e2fcce4",
                "fastqc_per_base_sequence_quality_plot.txt:md5,e216aeee526de6c65d221924c0b7891e",
                "fastqc_per_sequence_gc_content_plot_Counts.txt:md5,a494a0634c54d6ff7821765748908380",
                "fastqc_per_sequence_gc_content_plot_Percentages.txt:md5,f838935c85ecfac06a744d7aa635926d",
                "fastqc_per_sequence_quality_scores_plot.txt:md5,40c09f977034ca189f4894c8849212a0",
                "fastqc_sequence_counts_plot.txt:md5,b1cf5ced11bf843a79f0e4265c7e48a1",
                "fastqc_sequence_duplication_levels_plot.txt:md5,70648ea8c46035d60647a128a5aa2fc6",
                "multiqc_citations.txt:md5,5f52d7a0141e4234c6069df9ef575c9a",
                "multiqc_fastq_screen.txt:md5,1cfa6a74e8e735bf59da770f6cb25959",
                "multiqc_fastqc.txt:md5,b5f6993152fb8e7142a1d84c6b75fc18",
                "multiqc_picard_AlignmentSummaryMetrics.txt:md5,3b5a594aed12f8c904c57ee0b75ae990",
                "multiqc_picard_baseContent.txt:md5,06ef2cbc8f27964c4d84ce70bf75c152",
                "multiqc_picard_quality_by_cycle.txt:md5,4cf5e6149b8feb8da1e6bb885e4a5829",
                "multiqc_picard_quality_score_distribution.txt:md5,7f2087055d3268efd2f6de24aa556e2c",
                "multiqc_seqfu_mqc.txt:md5,7ec63bc3465b3fc8e316e2443ec4c848",
                "picard_MarkIlluminaAdapters_histogram.txt:md5,d41d8cd98f00b204e9800998ecf8427e",
                "picard_MeanQualityByCycle_histogram.txt:md5,d41d8cd98f00b204e9800998ecf8427e",
                "picard_MeanQualityByCycle_histogram_1.txt:md5,4cf5e6149b8feb8da1e6bb885e4a5829",
                "picard_QualityScoreDistribution_histogram.txt:md5,7f2087055d3268efd2f6de24aa556e2c",
                "picard_alignment_readlength_plot.txt:md5,5dbb52fb316ab11457e8b2bbd5eb6e2a",
                "picard_alignment_summary.txt:md5,fcc65f1b88cadefaf095d0aec6ef7634",
                "picard_base_distribution_by_cycle__Adenine.txt:md5,770aa7550d7d8f78c5ab8841a577078d",
                "picard_base_distribution_by_cycle__Cytosine.txt:md5,264b9e23455de2556e8188951fc4c31d",
                "picard_base_distribution_by_cycle__Guanine.txt:md5,b44066e25c38fc8345c7d1c878245602",
                "picard_base_distribution_by_cycle__Thymine.txt:md5,55c04c3520e955d4d403635fe1dd01c5",
                "picard_base_distribution_by_cycle__Undetermined.txt:md5,a65cb6ad0f510954d869c6c23d97b950",
                "picard_quality_by_cycle.txt:md5,d754b0c0d9aac602637d0c923dc88834",
                "picard_quality_score_distribution.txt:md5,d86da8fb7d48098fd5ec4a8419a8bc9e",
                "genome.fa.fai:md5,6f4c0ce5258e6948135ad006e1f9ee1b",
                "SAMPLE_SINGLE_END_01_seqfu.tsv:md5,33a9e44386f308d43881a58394b6b17c",
                "SAMPLE_SINGLE_END_01_seqfu_mqc.txt:md5,e67e819605ab49182aacf1d676dc885d"
            ],
            [
                "SAMPLE_SINGLE_END_01.bam:md5,9acd4428f95f70c1393671680ab9270f"
            ],
            "No warnings"
        ],
        "timestamp": "2026-02-19T16:04:51.402781572",
        "meta": {
            "nf-test": "0.9.4",
            "nextflow": "25.10.4"
        }
    },
    "MiSeq data test (paired end reads)": {
        "content": [
            16,
            {
                "BWAMEM2_INDEX": {
                    "bwamem2": "2.2.1"
                },
                "BWAMEM2_MEM": {
                    "bwamem2": "2.2.1",
                    "samtools": "1.22.1"
                },
                "FASTQC": {
                    "fastqc": "0.12.1"
                },
                "FASTQSCREEN_FASTQSCREEN": {
                    "fastqscreen": "0.16.0"
                },
                "PICARD_COLLECTMULTIPLEMETRICS": {
                    "picard": "3.4.0"
                },
                "SAMTOOLS_FAIDX": {
                    "samtools": "1.22.1"
                },
                "SAMTOOLS_INDEX": {
                    "samtools": "1.22.1"
                },
                "SEQFU_STATS": {
                    "seqfu": "1.22.3"
                }
            },
            [
                "bwamem2_index",
                "bwamem2_index/bwamem2",
                "bwamem2_index/bwamem2/genome.fa.0123",
                "bwamem2_index/bwamem2/genome.fa.amb",
                "bwamem2_index/bwamem2/genome.fa.ann",
                "bwamem2_index/bwamem2/genome.fa.bwt.2bit.64",
                "bwamem2_index/bwamem2/genome.fa.pac",
                "bwamem2_mem",
                "bwamem2_mem/SAMPLE_PAIRED_END_1_01.bam",
                "bwamem2_mem/SAMPLE_PAIRED_END_1_01.bam.bai",
                "bwamem2_mem/SAMPLE_PAIRED_END_2_02.bam",
                "bwamem2_mem/SAMPLE_PAIRED_END_2_02.bam.bai",
                "fastqc",
                "fastqc/SAMPLE_PAIRED_END_1_01_1_fastqc.html",
                "fastqc/SAMPLE_PAIRED_END_1_01_1_fastqc.zip",
                "fastqc/SAMPLE_PAIRED_END_1_01_2_fastqc.html",
                "fastqc/SAMPLE_PAIRED_END_1_01_2_fastqc.zip",
                "fastqc/SAMPLE_PAIRED_END_2_02_1_fastqc.html",
                "fastqc/SAMPLE_PAIRED_END_2_02_1_fastqc.zip",
                "fastqc/SAMPLE_PAIRED_END_2_02_2_fastqc.html",
                "fastqc/SAMPLE_PAIRED_END_2_02_2_fastqc.zip",
                "fastqscreen",
                "fastqscreen/SAMPLE_PAIRED_END_1_01_1_screen.html",
                "fastqscreen/SAMPLE_PAIRED_END_1_01_1_screen.png",
                "fastqscreen/SAMPLE_PAIRED_END_1_01_1_screen.txt",
                "fastqscreen/SAMPLE_PAIRED_END_1_01_2_screen.html",
                "fastqscreen/SAMPLE_PAIRED_END_1_01_2_screen.png",
                "fastqscreen/SAMPLE_PAIRED_END_1_01_2_screen.txt",
                "fastqscreen/SAMPLE_PAIRED_END_2_02_1_screen.html",
                "fastqscreen/SAMPLE_PAIRED_END_2_02_1_screen.png",
                "fastqscreen/SAMPLE_PAIRED_END_2_02_1_screen.txt",
                "fastqscreen/SAMPLE_PAIRED_END_2_02_2_screen.html",
                "fastqscreen/SAMPLE_PAIRED_END_2_02_2_screen.png",
                "fastqscreen/SAMPLE_PAIRED_END_2_02_2_screen.txt",
                "multiqc",
                "multiqc/global_report",
                "multiqc/global_report/multiqc_data",
                "multiqc/global_report/multiqc_data/fastq_screen_plot.txt",
                "multiqc/global_report/multiqc_data/fastqc-status-check-heatmap.txt",
                "multiqc/global_report/multiqc_data/fastqc_adapter_content_plot.txt",
                "multiqc/global_report/multiqc_data/fastqc_per_base_n_content_plot.txt",
                "multiqc/global_report/multiqc_data/fastqc_per_base_sequence_quality_plot.txt",
                "multiqc/global_report/multiqc_data/fastqc_per_sequence_gc_content_plot_Counts.txt",
                "multiqc/global_report/multiqc_data/fastqc_per_sequence_gc_content_plot_Percentages.txt",
                "multiqc/global_report/multiqc_data/fastqc_per_sequence_quality_scores_plot.txt",
                "multiqc/global_report/multiqc_data/fastqc_sequence_counts_plot.txt",
                "multiqc/global_report/multiqc_data/fastqc_sequence_duplication_levels_plot.txt",
                "multiqc/global_report/multiqc_data/llms-full.txt",
                "multiqc/global_report/multiqc_data/multiqc.log",
                "multiqc/global_report/multiqc_data/multiqc.parquet",
                "multiqc/global_report/multiqc_data/multiqc_citations.txt",
                "multiqc/global_report/multiqc_data/multiqc_data.json",
                "multiqc/global_report/multiqc_data/multiqc_fastq_screen.txt",
                "multiqc/global_report/multiqc_data/multiqc_fastqc.txt",
                "multiqc/global_report/multiqc_data/multiqc_general_stats.txt",
                "multiqc/global_report/multiqc_data/multiqc_picard_AlignmentSummaryMetrics.txt",
                "multiqc/global_report/multiqc_data/multiqc_picard_baseContent.txt",
                "multiqc/global_report/multiqc_data/multiqc_picard_quality_by_cycle.txt",
                "multiqc/global_report/multiqc_data/multiqc_picard_quality_score_distribution.txt",
                "multiqc/global_report/multiqc_data/multiqc_seqfu_mqc.txt",
                "multiqc/global_report/multiqc_data/multiqc_software_versions.txt",
                "multiqc/global_report/multiqc_data/multiqc_sources.txt",
                "multiqc/global_report/multiqc_data/picard_MarkIlluminaAdapters_histogram.txt",
                "multiqc/global_report/multiqc_data/picard_MeanQualityByCycle_histogram.txt",
                "multiqc/global_report/multiqc_data/picard_MeanQualityByCycle_histogram_1.txt",
                "multiqc/global_report/multiqc_data/picard_QualityScoreDistribution_histogram.txt",
                "multiqc/global_report/multiqc_data/picard_alignment_readlength_plot.txt",
                "multiqc/global_report/multiqc_data/picard_alignment_summary_Aligned_Bases.txt",
                "multiqc/global_report/multiqc_data/picard_alignment_summary_Aligned_Reads.txt",
                "multiqc/global_report/multiqc_data/picard_base_distribution_by_cycle__Adenine.txt",
                "multiqc/global_report/multiqc_data/picard_base_distribution_by_cycle__Cytosine.txt",
                "multiqc/global_report/multiqc_data/picard_base_distribution_by_cycle__Guanine.txt",
                "multiqc/global_report/multiqc_data/picard_base_distribution_by_cycle__Thymine.txt",
                "multiqc/global_report/multiqc_data/picard_base_distribution_by_cycle__Undetermined.txt",
                "multiqc/global_report/multiqc_data/picard_quality_by_cycle.txt",
                "multiqc/global_report/multiqc_data/picard_quality_score_distribution.txt",
                "multiqc/global_report/multiqc_plots",
                "multiqc/global_report/multiqc_plots/pdf",
                "multiqc/global_report/multiqc_plots/pdf/fastq_screen_plot-cnt.pdf",
                "multiqc/global_report/multiqc_plots/pdf/fastq_screen_plot-pct.pdf",
                "multiqc/global_report/multiqc_plots/pdf/fastqc-status-check-heatmap.pdf",
                "multiqc/global_report/multiqc_plots/pdf/fastqc_adapter_content_plot.pdf",
                "multiqc/global_report/multiqc_plots/pdf/fastqc_per_base_n_content_plot.pdf",
                "multiqc/global_report/multiqc_plots/pdf/fastqc_per_base_sequence_quality_plot.pdf",
                "multiqc/global_report/multiqc_plots/pdf/fastqc_per_sequence_gc_content_plot_Counts.pdf",
                "multiqc/global_report/multiqc_plots/pdf/fastqc_per_sequence_gc_content_plot_Percentages.pdf",
                "multiqc/global_report/multiqc_plots/pdf/fastqc_per_sequence_quality_scores_plot.pdf",
                "multiqc/global_report/multiqc_plots/pdf/fastqc_sequence_counts_plot-cnt.pdf",
                "multiqc/global_report/multiqc_plots/pdf/fastqc_sequence_counts_plot-pct.pdf",
                "multiqc/global_report/multiqc_plots/pdf/fastqc_sequence_duplication_levels_plot.pdf",
                "multiqc/global_report/multiqc_plots/pdf/picard_alignment_readlength_plot.pdf",
                "multiqc/global_report/multiqc_plots/pdf/picard_alignment_summary_Aligned_Bases-cnt.pdf",
                "multiqc/global_report/multiqc_plots/pdf/picard_alignment_summary_Aligned_Bases-pct.pdf",
                "multiqc/global_report/multiqc_plots/pdf/picard_alignment_summary_Aligned_Reads-cnt.pdf",
                "multiqc/global_report/multiqc_plots/pdf/picard_alignment_summary_Aligned_Reads-pct.pdf",
                "multiqc/global_report/multiqc_plots/pdf/picard_base_distribution_by_cycle__Adenine.pdf",
                "multiqc/global_report/multiqc_plots/pdf/picard_base_distribution_by_cycle__Cytosine.pdf",
                "multiqc/global_report/multiqc_plots/pdf/picard_base_distribution_by_cycle__Guanine.pdf",
                "multiqc/global_report/multiqc_plots/pdf/picard_base_distribution_by_cycle__Thymine.pdf",
                "multiqc/global_report/multiqc_plots/pdf/picard_base_distribution_by_cycle__Undetermined.pdf",
                "multiqc/global_report/multiqc_plots/pdf/picard_quality_by_cycle.pdf",
                "multiqc/global_report/multiqc_plots/pdf/picard_quality_score_distribution.pdf",
                "multiqc/global_report/multiqc_plots/pdf/seqfu_mqc.pdf",
                "multiqc/global_report/multiqc_plots/png",
                "multiqc/global_report/multiqc_plots/png/fastq_screen_plot-cnt.png",
                "multiqc/global_report/multiqc_plots/png/fastq_screen_plot-pct.png",
                "multiqc/global_report/multiqc_plots/png/fastqc-status-check-heatmap.png",
                "multiqc/global_report/multiqc_plots/png/fastqc_adapter_content_plot.png",
                "multiqc/global_report/multiqc_plots/png/fastqc_per_base_n_content_plot.png",
                "multiqc/global_report/multiqc_plots/png/fastqc_per_base_sequence_quality_plot.png",
                "multiqc/global_report/multiqc_plots/png/fastqc_per_sequence_gc_content_plot_Counts.png",
                "multiqc/global_report/multiqc_plots/png/fastqc_per_sequence_gc_content_plot_Percentages.png",
                "multiqc/global_report/multiqc_plots/png/fastqc_per_sequence_quality_scores_plot.png",
                "multiqc/global_report/multiqc_plots/png/fastqc_sequence_counts_plot-cnt.png",
                "multiqc/global_report/multiqc_plots/png/fastqc_sequence_counts_plot-pct.png",
                "multiqc/global_report/multiqc_plots/png/fastqc_sequence_duplication_levels_plot.png",
                "multiqc/global_report/multiqc_plots/png/picard_alignment_readlength_plot.png",
                "multiqc/global_report/multiqc_plots/png/picard_alignment_summary_Aligned_Bases-cnt.png",
                "multiqc/global_report/multiqc_plots/png/picard_alignment_summary_Aligned_Bases-pct.png",
                "multiqc/global_report/multiqc_plots/png/picard_alignment_summary_Aligned_Reads-cnt.png",
                "multiqc/global_report/multiqc_plots/png/picard_alignment_summary_Aligned_Reads-pct.png",
                "multiqc/global_report/multiqc_plots/png/picard_base_distribution_by_cycle__Adenine.png",
                "multiqc/global_report/multiqc_plots/png/picard_base_distribution_by_cycle__Cytosine.png",
                "multiqc/global_report/multiqc_plots/png/picard_base_distribution_by_cycle__Guanine.png",
                "multiqc/global_report/multiqc_plots/png/picard_base_distribution_by_cycle__Thymine.png",
                "multiqc/global_report/multiqc_plots/png/picard_base_distribution_by_cycle__Undetermined.png",
                "multiqc/global_report/multiqc_plots/png/picard_quality_by_cycle.png",
                "multiqc/global_report/multiqc_plots/png/picard_quality_score_distribution.png",
                "multiqc/global_report/multiqc_plots/png/seqfu_mqc.png",
                "multiqc/global_report/multiqc_plots/svg",
                "multiqc/global_report/multiqc_plots/svg/fastq_screen_plot-cnt.svg",
                "multiqc/global_report/multiqc_plots/svg/fastq_screen_plot-pct.svg",
                "multiqc/global_report/multiqc_plots/svg/fastqc-status-check-heatmap.svg",
                "multiqc/global_report/multiqc_plots/svg/fastqc_adapter_content_plot.svg",
                "multiqc/global_report/multiqc_plots/svg/fastqc_per_base_n_content_plot.svg",
                "multiqc/global_report/multiqc_plots/svg/fastqc_per_base_sequence_quality_plot.svg",
                "multiqc/global_report/multiqc_plots/svg/fastqc_per_sequence_gc_content_plot_Counts.svg",
                "multiqc/global_report/multiqc_plots/svg/fastqc_per_sequence_gc_content_plot_Percentages.svg",
                "multiqc/global_report/multiqc_plots/svg/fastqc_per_sequence_quality_scores_plot.svg",
                "multiqc/global_report/multiqc_plots/svg/fastqc_sequence_counts_plot-cnt.svg",
                "multiqc/global_report/multiqc_plots/svg/fastqc_sequence_counts_plot-pct.svg",
                "multiqc/global_report/multiqc_plots/svg/fastqc_sequence_duplication_levels_plot.svg",
                "multiqc/global_report/multiqc_plots/svg/picard_alignment_readlength_plot.svg",
                "multiqc/global_report/multiqc_plots/svg/picard_alignment_summary_Aligned_Bases-cnt.svg",
                "multiqc/global_report/multiqc_plots/svg/picard_alignment_summary_Aligned_Bases-pct.svg",
                "multiqc/global_report/multiqc_plots/svg/picard_alignment_summary_Aligned_Reads-cnt.svg",
                "multiqc/global_report/multiqc_plots/svg/picard_alignment_summary_Aligned_Reads-pct.svg",
                "multiqc/global_report/multiqc_plots/svg/picard_base_distribution_by_cycle__Adenine.svg",
                "multiqc/global_report/multiqc_plots/svg/picard_base_distribution_by_cycle__Cytosine.svg",
                "multiqc/global_report/multiqc_plots/svg/picard_base_distribution_by_cycle__Guanine.svg",
                "multiqc/global_report/multiqc_plots/svg/picard_base_distribution_by_cycle__Thymine.svg",
                "multiqc/global_report/multiqc_plots/svg/picard_base_distribution_by_cycle__Undetermined.svg",
                "multiqc/global_report/multiqc_plots/svg/picard_quality_by_cycle.svg",
                "multiqc/global_report/multiqc_plots/svg/picard_quality_score_distribution.svg",
                "multiqc/global_report/multiqc_plots/svg/seqfu_mqc.svg",
                "multiqc/global_report/multiqc_report.html",
                "multiqc/group_reports",
                "multiqc/group_reports/Bpacificus",
                "multiqc/group_reports/Bpacificus/multiqc_data",
                "multiqc/group_reports/Bpacificus/multiqc_data/fastq_screen_plot.txt",
                "multiqc/group_reports/Bpacificus/multiqc_data/fastqc-status-check-heatmap.txt",
                "multiqc/group_reports/Bpacificus/multiqc_data/fastqc_adapter_content_plot.txt",
                "multiqc/group_reports/Bpacificus/multiqc_data/fastqc_per_base_n_content_plot.txt",
                "multiqc/group_reports/Bpacificus/multiqc_data/fastqc_per_base_sequence_quality_plot.txt",
                "multiqc/group_reports/Bpacificus/multiqc_data/fastqc_per_sequence_gc_content_plot_Counts.txt",
                "multiqc/group_reports/Bpacificus/multiqc_data/fastqc_per_sequence_gc_content_plot_Percentages.txt",
                "multiqc/group_reports/Bpacificus/multiqc_data/fastqc_per_sequence_quality_scores_plot.txt",
                "multiqc/group_reports/Bpacificus/multiqc_data/fastqc_sequence_counts_plot.txt",
                "multiqc/group_reports/Bpacificus/multiqc_data/fastqc_sequence_duplication_levels_plot.txt",
                "multiqc/group_reports/Bpacificus/multiqc_data/llms-full.txt",
                "multiqc/group_reports/Bpacificus/multiqc_data/multiqc.log",
                "multiqc/group_reports/Bpacificus/multiqc_data/multiqc.parquet",
                "multiqc/group_reports/Bpacificus/multiqc_data/multiqc_citations.txt",
                "multiqc/group_reports/Bpacificus/multiqc_data/multiqc_data.json",
                "multiqc/group_reports/Bpacificus/multiqc_data/multiqc_fastq_screen.txt",
                "multiqc/group_reports/Bpacificus/multiqc_data/multiqc_fastqc.txt",
                "multiqc/group_reports/Bpacificus/multiqc_data/multiqc_general_stats.txt",
                "multiqc/group_reports/Bpacificus/multiqc_data/multiqc_picard_AlignmentSummaryMetrics.txt",
                "multiqc/group_reports/Bpacificus/multiqc_data/multiqc_picard_baseContent.txt",
                "multiqc/group_reports/Bpacificus/multiqc_data/multiqc_picard_quality_by_cycle.txt",
                "multiqc/group_reports/Bpacificus/multiqc_data/multiqc_picard_quality_score_distribution.txt",
                "multiqc/group_reports/Bpacificus/multiqc_data/multiqc_seqfu_mqc.txt",
                "multiqc/group_reports/Bpacificus/multiqc_data/multiqc_software_versions.txt",
                "multiqc/group_reports/Bpacificus/multiqc_data/multiqc_sources.txt",
                "multiqc/group_reports/Bpacificus/multiqc_data/picard_MarkIlluminaAdapters_histogram.txt",
                "multiqc/group_reports/Bpacificus/multiqc_data/picard_MeanQualityByCycle_histogram.txt",
                "multiqc/group_reports/Bpacificus/multiqc_data/picard_MeanQualityByCycle_histogram_1.txt",
                "multiqc/group_reports/Bpacificus/multiqc_data/picard_QualityScoreDistribution_histogram.txt",
                "multiqc/group_reports/Bpacificus/multiqc_data/picard_alignment_readlength_plot.txt",
                "multiqc/group_reports/Bpacificus/multiqc_data/picard_alignment_summary_Aligned_Bases.txt",
                "multiqc/group_reports/Bpacificus/multiqc_data/picard_alignment_summary_Aligned_Reads.txt",
                "multiqc/group_reports/Bpacificus/multiqc_data/picard_base_distribution_by_cycle__Adenine.txt",
                "multiqc/group_reports/Bpacificus/multiqc_data/picard_base_distribution_by_cycle__Cytosine.txt",
                "multiqc/group_reports/Bpacificus/multiqc_data/picard_base_distribution_by_cycle__Guanine.txt",
                "multiqc/group_reports/Bpacificus/multiqc_data/picard_base_distribution_by_cycle__Thymine.txt",
                "multiqc/group_reports/Bpacificus/multiqc_data/picard_base_distribution_by_cycle__Undetermined.txt",
                "multiqc/group_reports/Bpacificus/multiqc_data/picard_quality_by_cycle.txt",
                "multiqc/group_reports/Bpacificus/multiqc_data/picard_quality_score_distribution.txt",
                "multiqc/group_reports/Bpacificus/multiqc_plots",
                "multiqc/group_reports/Bpacificus/multiqc_plots/pdf",
                "multiqc/group_reports/Bpacificus/multiqc_plots/pdf/fastq_screen_plot-cnt.pdf",
                "multiqc/group_reports/Bpacificus/multiqc_plots/pdf/fastq_screen_plot-pct.pdf",
                "multiqc/group_reports/Bpacificus/multiqc_plots/pdf/fastqc-status-check-heatmap.pdf",
                "multiqc/group_reports/Bpacificus/multiqc_plots/pdf/fastqc_adapter_content_plot.pdf",
                "multiqc/group_reports/Bpacificus/multiqc_plots/pdf/fastqc_per_base_n_content_plot.pdf",
                "multiqc/group_reports/Bpacificus/multiqc_plots/pdf/fastqc_per_base_sequence_quality_plot.pdf",
                "multiqc/group_reports/Bpacificus/multiqc_plots/pdf/fastqc_per_sequence_gc_content_plot_Counts.pdf",
                "multiqc/group_reports/Bpacificus/multiqc_plots/pdf/fastqc_per_sequence_gc_content_plot_Percentages.pdf",
                "multiqc/group_reports/Bpacificus/multiqc_plots/pdf/fastqc_per_sequence_quality_scores_plot.pdf",
                "multiqc/group_reports/Bpacificus/multiqc_plots/pdf/fastqc_sequence_counts_plot-cnt.pdf",
                "multiqc/group_reports/Bpacificus/multiqc_plots/pdf/fastqc_sequence_counts_plot-pct.pdf",
                "multiqc/group_reports/Bpacificus/multiqc_plots/pdf/fastqc_sequence_duplication_levels_plot.pdf",
                "multiqc/group_reports/Bpacificus/multiqc_plots/pdf/picard_alignment_readlength_plot.pdf",
                "multiqc/group_reports/Bpacificus/multiqc_plots/pdf/picard_alignment_summary_Aligned_Bases-cnt.pdf",
                "multiqc/group_reports/Bpacificus/multiqc_plots/pdf/picard_alignment_summary_Aligned_Bases-pct.pdf",
                "multiqc/group_reports/Bpacificus/multiqc_plots/pdf/picard_alignment_summary_Aligned_Reads-cnt.pdf",
                "multiqc/group_reports/Bpacificus/multiqc_plots/pdf/picard_alignment_summary_Aligned_Reads-pct.pdf",
                "multiqc/group_reports/Bpacificus/multiqc_plots/pdf/picard_base_distribution_by_cycle__Adenine.pdf",
                "multiqc/group_reports/Bpacificus/multiqc_plots/pdf/picard_base_distribution_by_cycle__Cytosine.pdf",
                "multiqc/group_reports/Bpacificus/multiqc_plots/pdf/picard_base_distribution_by_cycle__Guanine.pdf",
                "multiqc/group_reports/Bpacificus/multiqc_plots/pdf/picard_base_distribution_by_cycle__Thymine.pdf",
                "multiqc/group_reports/Bpacificus/multiqc_plots/pdf/picard_base_distribution_by_cycle__Undetermined.pdf",
                "multiqc/group_reports/Bpacificus/multiqc_plots/pdf/picard_quality_by_cycle.pdf",
                "multiqc/group_reports/Bpacificus/multiqc_plots/pdf/picard_quality_score_distribution.pdf",
                "multiqc/group_reports/Bpacificus/multiqc_plots/pdf/seqfu_mqc.pdf",
                "multiqc/group_reports/Bpacificus/multiqc_plots/png",
                "multiqc/group_reports/Bpacificus/multiqc_plots/png/fastq_screen_plot-cnt.png",
                "multiqc/group_reports/Bpacificus/multiqc_plots/png/fastq_screen_plot-pct.png",
                "multiqc/group_reports/Bpacificus/multiqc_plots/png/fastqc-status-check-heatmap.png",
                "multiqc/group_reports/Bpacificus/multiqc_plots/png/fastqc_adapter_content_plot.png",
                "multiqc/group_reports/Bpacificus/multiqc_plots/png/fastqc_per_base_n_content_plot.png",
                "multiqc/group_reports/Bpacificus/multiqc_plots/png/fastqc_per_base_sequence_quality_plot.png",
                "multiqc/group_reports/Bpacificus/multiqc_plots/png/fastqc_per_sequence_gc_content_plot_Counts.png",
                "multiqc/group_reports/Bpacificus/multiqc_plots/png/fastqc_per_sequence_gc_content_plot_Percentages.png",
                "multiqc/group_reports/Bpacificus/multiqc_plots/png/fastqc_per_sequence_quality_scores_plot.png",
                "multiqc/group_reports/Bpacificus/multiqc_plots/png/fastqc_sequence_counts_plot-cnt.png",
                "multiqc/group_reports/Bpacificus/multiqc_plots/png/fastqc_sequence_counts_plot-pct.png",
                "multiqc/group_reports/Bpacificus/multiqc_plots/png/fastqc_sequence_duplication_levels_plot.png",
                "multiqc/group_reports/Bpacificus/multiqc_plots/png/picard_alignment_readlength_plot.png",
                "multiqc/group_reports/Bpacificus/multiqc_plots/png/picard_alignment_summary_Aligned_Bases-cnt.png",
                "multiqc/group_reports/Bpacificus/multiqc_plots/png/picard_alignment_summary_Aligned_Bases-pct.png",
                "multiqc/group_reports/Bpacificus/multiqc_plots/png/picard_alignment_summary_Aligned_Reads-cnt.png",
                "multiqc/group_reports/Bpacificus/multiqc_plots/png/picard_alignment_summary_Aligned_Reads-pct.png",
                "multiqc/group_reports/Bpacificus/multiqc_plots/png/picard_base_distribution_by_cycle__Adenine.png",
                "multiqc/group_reports/Bpacificus/multiqc_plots/png/picard_base_distribution_by_cycle__Cytosine.png",
                "multiqc/group_reports/Bpacificus/multiqc_plots/png/picard_base_distribution_by_cycle__Guanine.png",
                "multiqc/group_reports/Bpacificus/multiqc_plots/png/picard_base_distribution_by_cycle__Thymine.png",
                "multiqc/group_reports/Bpacificus/multiqc_plots/png/picard_base_distribution_by_cycle__Undetermined.png",
                "multiqc/group_reports/Bpacificus/multiqc_plots/png/picard_quality_by_cycle.png",
                "multiqc/group_reports/Bpacificus/multiqc_plots/png/picard_quality_score_distribution.png",
                "multiqc/group_reports/Bpacificus/multiqc_plots/png/seqfu_mqc.png",
                "multiqc/group_reports/Bpacificus/multiqc_plots/svg",
                "multiqc/group_reports/Bpacificus/multiqc_plots/svg/fastq_screen_plot-cnt.svg",
                "multiqc/group_reports/Bpacificus/multiqc_plots/svg/fastq_screen_plot-pct.svg",
                "multiqc/group_reports/Bpacificus/multiqc_plots/svg/fastqc-status-check-heatmap.svg",
                "multiqc/group_reports/Bpacificus/multiqc_plots/svg/fastqc_adapter_content_plot.svg",
                "multiqc/group_reports/Bpacificus/multiqc_plots/svg/fastqc_per_base_n_content_plot.svg",
                "multiqc/group_reports/Bpacificus/multiqc_plots/svg/fastqc_per_base_sequence_quality_plot.svg",
                "multiqc/group_reports/Bpacificus/multiqc_plots/svg/fastqc_per_sequence_gc_content_plot_Counts.svg",
                "multiqc/group_reports/Bpacificus/multiqc_plots/svg/fastqc_per_sequence_gc_content_plot_Percentages.svg",
                "multiqc/group_reports/Bpacificus/multiqc_plots/svg/fastqc_per_sequence_quality_scores_plot.svg",
                "multiqc/group_reports/Bpacificus/multiqc_plots/svg/fastqc_sequence_counts_plot-cnt.svg",
                "multiqc/group_reports/Bpacificus/multiqc_plots/svg/fastqc_sequence_counts_plot-pct.svg",
                "multiqc/group_reports/Bpacificus/multiqc_plots/svg/fastqc_sequence_duplication_levels_plot.svg",
                "multiqc/group_reports/Bpacificus/multiqc_plots/svg/picard_alignment_readlength_plot.svg",
                "multiqc/group_reports/Bpacificus/multiqc_plots/svg/picard_alignment_summary_Aligned_Bases-cnt.svg",
                "multiqc/group_reports/Bpacificus/multiqc_plots/svg/picard_alignment_summary_Aligned_Bases-pct.svg",
                "multiqc/group_reports/Bpacificus/multiqc_plots/svg/picard_alignment_summary_Aligned_Reads-cnt.svg",
                "multiqc/group_reports/Bpacificus/multiqc_plots/svg/picard_alignment_summary_Aligned_Reads-pct.svg",
                "multiqc/group_reports/Bpacificus/multiqc_plots/svg/picard_base_distribution_by_cycle__Adenine.svg",
                "multiqc/group_reports/Bpacificus/multiqc_plots/svg/picard_base_distribution_by_cycle__Cytosine.svg",
                "multiqc/group_reports/Bpacificus/multiqc_plots/svg/picard_base_distribution_by_cycle__Guanine.svg",
                "multiqc/group_reports/Bpacificus/multiqc_plots/svg/picard_base_distribution_by_cycle__Thymine.svg",
                "multiqc/group_reports/Bpacificus/multiqc_plots/svg/picard_base_distribution_by_cycle__Undetermined.svg",
                "multiqc/group_reports/Bpacificus/multiqc_plots/svg/picard_quality_by_cycle.svg",
                "multiqc/group_reports/Bpacificus/multiqc_plots/svg/picard_quality_score_distribution.svg",
                "multiqc/group_reports/Bpacificus/multiqc_plots/svg/seqfu_mqc.svg",
                "multiqc/group_reports/Bpacificus/multiqc_report.html",
                "picard_collectmultiplemetrics",
                "picard_collectmultiplemetrics/SAMPLE_PAIRED_END_1_01.CollectMultipleMetrics.alignment_summary_metrics",
                "picard_collectmultiplemetrics/SAMPLE_PAIRED_END_1_01.CollectMultipleMetrics.base_distribution_by_cycle.pdf",
                "picard_collectmultiplemetrics/SAMPLE_PAIRED_END_1_01.CollectMultipleMetrics.base_distribution_by_cycle_metrics",
                "picard_collectmultiplemetrics/SAMPLE_PAIRED_END_1_01.CollectMultipleMetrics.quality_by_cycle.pdf",
                "picard_collectmultiplemetrics/SAMPLE_PAIRED_END_1_01.CollectMultipleMetrics.quality_by_cycle_metrics",
                "picard_collectmultiplemetrics/SAMPLE_PAIRED_END_1_01.CollectMultipleMetrics.quality_distribution.pdf",
                "picard_collectmultiplemetrics/SAMPLE_PAIRED_END_1_01.CollectMultipleMetrics.quality_distribution_metrics",
                "picard_collectmultiplemetrics/SAMPLE_PAIRED_END_1_01.CollectMultipleMetrics.read_length_histogram.pdf",
                "picard_collectmultiplemetrics/SAMPLE_PAIRED_END_2_02.CollectMultipleMetrics.alignment_summary_metrics",
                "picard_collectmultiplemetrics/SAMPLE_PAIRED_END_2_02.CollectMultipleMetrics.base_distribution_by_cycle.pdf",
                "picard_collectmultiplemetrics/SAMPLE_PAIRED_END_2_02.CollectMultipleMetrics.base_distribution_by_cycle_metrics",
                "picard_collectmultiplemetrics/SAMPLE_PAIRED_END_2_02.CollectMultipleMetrics.quality_by_cycle.pdf",
                "picard_collectmultiplemetrics/SAMPLE_PAIRED_END_2_02.CollectMultipleMetrics.quality_by_cycle_metrics",
                "picard_collectmultiplemetrics/SAMPLE_PAIRED_END_2_02.CollectMultipleMetrics.quality_distribution.pdf",
                "picard_collectmultiplemetrics/SAMPLE_PAIRED_END_2_02.CollectMultipleMetrics.quality_distribution_metrics",
                "picard_collectmultiplemetrics/SAMPLE_PAIRED_END_2_02.CollectMultipleMetrics.read_length_histogram.pdf",
                "pipeline_info",
                "pipeline_info/nf_core_seqinspector_software_mqc_versions.yml",
                "samtools_faidx",
                "samtools_faidx/genome.fa.fai",
                "seqfu_stats",
                "seqfu_stats/SAMPLE_PAIRED_END_1_01_seqfu.tsv",
                "seqfu_stats/SAMPLE_PAIRED_END_1_01_seqfu_mqc.txt",
                "seqfu_stats/SAMPLE_PAIRED_END_2_02_seqfu.tsv",
                "seqfu_stats/SAMPLE_PAIRED_END_2_02_seqfu_mqc.txt"
            ],
            [
                "genome.fa.0123:md5,8af61f4bc59cc2fe7b396db46a2173f3",
                "genome.fa.amb:md5,657cfdf0628d140d645d8d01a24f0c5f",
                "genome.fa.ann:md5,4439f90bdaaf2cdf9089c9f7f07b9d6b",
                "genome.fa.bwt.2bit.64:md5,c9a1ea631cf4ad59f4c3549a030c6c5e",
                "genome.fa.pac:md5,fd24ae5f67c642dfe9453e63350618cc",
                "SAMPLE_PAIRED_END_1_01_1_screen.png:md5,f52ddd0e65f23f68dd8d58d5453417db",
                "SAMPLE_PAIRED_END_1_01_1_screen.txt:md5,921b08eeb461a2aa1bd42bba53900f70",
                "SAMPLE_PAIRED_END_1_01_2_screen.png:md5,908f4fceea8aa546106efdaa7ca78f7d",
                "SAMPLE_PAIRED_END_1_01_2_screen.txt:md5,e9ea5789e356f666de27ba658704e80d",
                "SAMPLE_PAIRED_END_2_02_1_screen.png:md5,48d546767ed2a34a1eda59d97dd00c18",
                "SAMPLE_PAIRED_END_2_02_1_screen.txt:md5,a5b047f495d01bf9dcb0ae516d3c7fc3",
                "SAMPLE_PAIRED_END_2_02_2_screen.png:md5,e3684b17339d16e6fb64ace7593cc388",
                "SAMPLE_PAIRED_END_2_02_2_screen.txt:md5,fc95e5058e764596d5da182cbc0614cf",
                "fastq_screen_plot.txt:md5,24a7d3472f06fe6032bb7f12f5828b49",
                "fastqc-status-check-heatmap.txt:md5,c1e87942bda9a4ccf519bf561ce18ed3",
                "fastqc_adapter_content_plot.txt:md5,4b7007431bd26127365b0f25120d48f2",
                "fastqc_per_base_n_content_plot.txt:md5,6bbf19be2aef3ef67dfe548bf9323011",
                "fastqc_per_base_sequence_quality_plot.txt:md5,2bd96b0c0413ee4871a53d41f067d809",
                "fastqc_per_sequence_gc_content_plot_Counts.txt:md5,1f56f6ca0f469bec9b25010c6f9cbfdd",
                "fastqc_per_sequence_gc_content_plot_Percentages.txt:md5,64bc987cceac0396b8b650000493427e",
                "fastqc_per_sequence_quality_scores_plot.txt:md5,4aa57cbe1f9da1facc1b588b4c166cec",
                "fastqc_sequence_counts_plot.txt:md5,57f96ad90232887fec1480ef4071f8b6",
                "fastqc_sequence_duplication_levels_plot.txt:md5,62e93bfc80b0bf201a605802edbe0177",
                "multiqc_citations.txt:md5,5f52d7a0141e4234c6069df9ef575c9a",
                "multiqc_fastq_screen.txt:md5,6f9cfa81bda7482142c640b9f0c82b90",
                "multiqc_fastqc.txt:md5,85fe5c24576dc105adb8ca90ce6449b7",
                "multiqc_picard_AlignmentSummaryMetrics.txt:md5,32c0a27891fabd36de3c7fa97d82c11f",
                "multiqc_picard_baseContent.txt:md5,a2043541e3ce74b710ae2b69ef7bc593",
                "multiqc_picard_quality_by_cycle.txt:md5,0eab2183e8852b165b09a9ea8a5f67c9",
                "multiqc_picard_quality_score_distribution.txt:md5,33955f093524a0eff449e25226768d84",
                "multiqc_seqfu_mqc.txt:md5,139354afd154804b4b77f997277f3ee9",
                "picard_MarkIlluminaAdapters_histogram.txt:md5,d41d8cd98f00b204e9800998ecf8427e",
                "picard_MeanQualityByCycle_histogram.txt:md5,d41d8cd98f00b204e9800998ecf8427e",
                "picard_MeanQualityByCycle_histogram_1.txt:md5,0eab2183e8852b165b09a9ea8a5f67c9",
                "picard_QualityScoreDistribution_histogram.txt:md5,33955f093524a0eff449e25226768d84",
                "picard_alignment_readlength_plot.txt:md5,ed079bc433831b807d11b7b95b151b4e",
                "picard_alignment_summary_Aligned_Bases.txt:md5,9f877e31c0f772644a91531717b8ce32",
                "picard_alignment_summary_Aligned_Reads.txt:md5,3a1ff58d9f57eb88240116dea3e11a99",
                "picard_base_distribution_by_cycle__Adenine.txt:md5,23b0d8572689f0eafb3adaa57814fdfd",
                "picard_base_distribution_by_cycle__Cytosine.txt:md5,c9a36624afb4251813e392ea7bc0d135",
                "picard_base_distribution_by_cycle__Guanine.txt:md5,c68670e3254396cd3db5fc57064ab328",
                "picard_base_distribution_by_cycle__Thymine.txt:md5,ae15c81a007c9316c7d1ccda8daace25",
                "picard_base_distribution_by_cycle__Undetermined.txt:md5,040f28a453cfca2155c65f1d8553ecfe",
                "picard_quality_by_cycle.txt:md5,2497dd5ef1e5cedc1f88a9b67ef549d7",
                "picard_quality_score_distribution.txt:md5,795138cccc8b97143f8bf0bf0adbd4b7",
                "fastq_screen_plot.txt:md5,24a7d3472f06fe6032bb7f12f5828b49",
                "fastqc-status-check-heatmap.txt:md5,c1e87942bda9a4ccf519bf561ce18ed3",
                "fastqc_adapter_content_plot.txt:md5,4b7007431bd26127365b0f25120d48f2",
                "fastqc_per_base_n_content_plot.txt:md5,6bbf19be2aef3ef67dfe548bf9323011",
                "fastqc_per_base_sequence_quality_plot.txt:md5,2bd96b0c0413ee4871a53d41f067d809",
                "fastqc_per_sequence_gc_content_plot_Counts.txt:md5,1f56f6ca0f469bec9b25010c6f9cbfdd",
                "fastqc_per_sequence_gc_content_plot_Percentages.txt:md5,64bc987cceac0396b8b650000493427e",
                "fastqc_per_sequence_quality_scores_plot.txt:md5,4aa57cbe1f9da1facc1b588b4c166cec",
                "fastqc_sequence_counts_plot.txt:md5,57f96ad90232887fec1480ef4071f8b6",
                "fastqc_sequence_duplication_levels_plot.txt:md5,62e93bfc80b0bf201a605802edbe0177",
                "multiqc_citations.txt:md5,5f52d7a0141e4234c6069df9ef575c9a",
                "multiqc_fastq_screen.txt:md5,6f9cfa81bda7482142c640b9f0c82b90",
                "multiqc_fastqc.txt:md5,85fe5c24576dc105adb8ca90ce6449b7",
                "multiqc_picard_AlignmentSummaryMetrics.txt:md5,32c0a27891fabd36de3c7fa97d82c11f",
                "multiqc_picard_baseContent.txt:md5,a2043541e3ce74b710ae2b69ef7bc593",
                "multiqc_picard_quality_by_cycle.txt:md5,0eab2183e8852b165b09a9ea8a5f67c9",
                "multiqc_picard_quality_score_distribution.txt:md5,33955f093524a0eff449e25226768d84",
                "multiqc_seqfu_mqc.txt:md5,139354afd154804b4b77f997277f3ee9",
                "picard_MarkIlluminaAdapters_histogram.txt:md5,d41d8cd98f00b204e9800998ecf8427e",
                "picard_MeanQualityByCycle_histogram.txt:md5,d41d8cd98f00b204e9800998ecf8427e",
                "picard_MeanQualityByCycle_histogram_1.txt:md5,0eab2183e8852b165b09a9ea8a5f67c9",
                "picard_QualityScoreDistribution_histogram.txt:md5,33955f093524a0eff449e25226768d84",
                "picard_alignment_readlength_plot.txt:md5,ed079bc433831b807d11b7b95b151b4e",
                "picard_alignment_summary_Aligned_Bases.txt:md5,9f877e31c0f772644a91531717b8ce32",
                "picard_alignment_summary_Aligned_Reads.txt:md5,3a1ff58d9f57eb88240116dea3e11a99",
                "picard_base_distribution_by_cycle__Adenine.txt:md5,23b0d8572689f0eafb3adaa57814fdfd",
                "picard_base_distribution_by_cycle__Cytosine.txt:md5,c9a36624afb4251813e392ea7bc0d135",
                "picard_base_distribution_by_cycle__Guanine.txt:md5,c68670e3254396cd3db5fc57064ab328",
                "picard_base_distribution_by_cycle__Thymine.txt:md5,ae15c81a007c9316c7d1ccda8daace25",
                "picard_base_distribution_by_cycle__Undetermined.txt:md5,040f28a453cfca2155c65f1d8553ecfe",
                "picard_quality_by_cycle.txt:md5,2497dd5ef1e5cedc1f88a9b67ef549d7",
                "picard_quality_score_distribution.txt:md5,795138cccc8b97143f8bf0bf0adbd4b7",
                "genome.fa.fai:md5,6f4c0ce5258e6948135ad006e1f9ee1b",
                "SAMPLE_PAIRED_END_1_01_seqfu.tsv:md5,be29dfe848eab9a10ee0d46691223eae",
                "SAMPLE_PAIRED_END_1_01_seqfu_mqc.txt:md5,0aca00c7f64454af520c7e08ec595d2b",
                "SAMPLE_PAIRED_END_2_02_seqfu.tsv:md5,44a5cb826e001d58208a5855938fa82b",
                "SAMPLE_PAIRED_END_2_02_seqfu_mqc.txt:md5,ac1740de9ef142c99c993fa9824ead63"
            ],
            [
                "SAMPLE_PAIRED_END_1_01.bam:md5,ac811b20d56132f5e039b3e8fd217405",
                "SAMPLE_PAIRED_END_2_02.bam:md5,57892fc4314e66e8e20de4f5d82f9b5d"
            ],
            "No warnings"
        ],
        "timestamp": "2026-02-26T16:06:35.381277259",
        "meta": {
            "nf-test": "0.9.4",
            "nextflow": "25.10.4"
        }
    },
    "Miseq data test (no fastqc)": {
        "content": [
            8,
            {
                "BWAMEM2_INDEX": {
                    "bwamem2": "2.2.1"
                },
                "BWAMEM2_MEM": {
                    "bwamem2": "2.2.1",
                    "samtools": "1.22.1"
                },
                "FASTQSCREEN_FASTQSCREEN": {
                    "fastqscreen": "0.16.0"
                },
                "PICARD_COLLECTMULTIPLEMETRICS": {
                    "picard": "3.4.0"
                },
                "SAMTOOLS_FAIDX": {
                    "samtools": "1.22.1"
                },
                "SAMTOOLS_INDEX": {
                    "samtools": "1.22.1"
                },
                "SEQFU_STATS": {
                    "seqfu": "1.22.3"
                }
            },
            [
                "bwamem2_index",
                "bwamem2_index/bwamem2",
                "bwamem2_index/bwamem2/genome.fa.0123",
                "bwamem2_index/bwamem2/genome.fa.amb",
                "bwamem2_index/bwamem2/genome.fa.ann",
                "bwamem2_index/bwamem2/genome.fa.bwt.2bit.64",
                "bwamem2_index/bwamem2/genome.fa.pac",
                "bwamem2_mem",
                "bwamem2_mem/SAMPLE_SINGLE_END_01.bam",
                "bwamem2_mem/SAMPLE_SINGLE_END_01.bam.bai",
                "fastqscreen",
                "fastqscreen/SAMPLE_SINGLE_END_01_screen.html",
                "fastqscreen/SAMPLE_SINGLE_END_01_screen.png",
                "fastqscreen/SAMPLE_SINGLE_END_01_screen.txt",
                "multiqc",
                "multiqc/global_report",
                "multiqc/global_report/multiqc_data",
                "multiqc/global_report/multiqc_data/fastq_screen_plot.txt",
                "multiqc/global_report/multiqc_data/llms-full.txt",
                "multiqc/global_report/multiqc_data/multiqc.log",
                "multiqc/global_report/multiqc_data/multiqc.parquet",
                "multiqc/global_report/multiqc_data/multiqc_citations.txt",
                "multiqc/global_report/multiqc_data/multiqc_data.json",
                "multiqc/global_report/multiqc_data/multiqc_fastq_screen.txt",
                "multiqc/global_report/multiqc_data/multiqc_picard_AlignmentSummaryMetrics.txt",
                "multiqc/global_report/multiqc_data/multiqc_picard_baseContent.txt",
                "multiqc/global_report/multiqc_data/multiqc_picard_quality_by_cycle.txt",
                "multiqc/global_report/multiqc_data/multiqc_picard_quality_score_distribution.txt",
                "multiqc/global_report/multiqc_data/multiqc_seqfu_mqc.txt",
                "multiqc/global_report/multiqc_data/multiqc_software_versions.txt",
                "multiqc/global_report/multiqc_data/multiqc_sources.txt",
                "multiqc/global_report/multiqc_data/picard_MarkIlluminaAdapters_histogram.txt",
                "multiqc/global_report/multiqc_data/picard_MeanQualityByCycle_histogram.txt",
                "multiqc/global_report/multiqc_data/picard_MeanQualityByCycle_histogram_1.txt",
                "multiqc/global_report/multiqc_data/picard_QualityScoreDistribution_histogram.txt",
                "multiqc/global_report/multiqc_data/picard_alignment_readlength_plot.txt",
                "multiqc/global_report/multiqc_data/picard_alignment_summary.txt",
                "multiqc/global_report/multiqc_data/picard_base_distribution_by_cycle__Adenine.txt",
                "multiqc/global_report/multiqc_data/picard_base_distribution_by_cycle__Cytosine.txt",
                "multiqc/global_report/multiqc_data/picard_base_distribution_by_cycle__Guanine.txt",
                "multiqc/global_report/multiqc_data/picard_base_distribution_by_cycle__Thymine.txt",
                "multiqc/global_report/multiqc_data/picard_base_distribution_by_cycle__Undetermined.txt",
                "multiqc/global_report/multiqc_data/picard_quality_by_cycle.txt",
                "multiqc/global_report/multiqc_data/picard_quality_score_distribution.txt",
                "multiqc/global_report/multiqc_plots",
                "multiqc/global_report/multiqc_plots/pdf",
                "multiqc/global_report/multiqc_plots/pdf/fastq_screen_plot-cnt.pdf",
                "multiqc/global_report/multiqc_plots/pdf/fastq_screen_plot-pct.pdf",
                "multiqc/global_report/multiqc_plots/pdf/picard_alignment_readlength_plot.pdf",
                "multiqc/global_report/multiqc_plots/pdf/picard_alignment_summary-cnt.pdf",
                "multiqc/global_report/multiqc_plots/pdf/picard_alignment_summary-pct.pdf",
                "multiqc/global_report/multiqc_plots/pdf/picard_base_distribution_by_cycle__Adenine.pdf",
                "multiqc/global_report/multiqc_plots/pdf/picard_base_distribution_by_cycle__Cytosine.pdf",
                "multiqc/global_report/multiqc_plots/pdf/picard_base_distribution_by_cycle__Guanine.pdf",
                "multiqc/global_report/multiqc_plots/pdf/picard_base_distribution_by_cycle__Thymine.pdf",
                "multiqc/global_report/multiqc_plots/pdf/picard_base_distribution_by_cycle__Undetermined.pdf",
                "multiqc/global_report/multiqc_plots/pdf/picard_quality_by_cycle.pdf",
                "multiqc/global_report/multiqc_plots/pdf/picard_quality_score_distribution.pdf",
                "multiqc/global_report/multiqc_plots/pdf/seqfu_mqc.pdf",
                "multiqc/global_report/multiqc_plots/png",
                "multiqc/global_report/multiqc_plots/png/fastq_screen_plot-cnt.png",
                "multiqc/global_report/multiqc_plots/png/fastq_screen_plot-pct.png",
                "multiqc/global_report/multiqc_plots/png/picard_alignment_readlength_plot.png",
                "multiqc/global_report/multiqc_plots/png/picard_alignment_summary-cnt.png",
                "multiqc/global_report/multiqc_plots/png/picard_alignment_summary-pct.png",
                "multiqc/global_report/multiqc_plots/png/picard_base_distribution_by_cycle__Adenine.png",
                "multiqc/global_report/multiqc_plots/png/picard_base_distribution_by_cycle__Cytosine.png",
                "multiqc/global_report/multiqc_plots/png/picard_base_distribution_by_cycle__Guanine.png",
                "multiqc/global_report/multiqc_plots/png/picard_base_distribution_by_cycle__Thymine.png",
                "multiqc/global_report/multiqc_plots/png/picard_base_distribution_by_cycle__Undetermined.png",
                "multiqc/global_report/multiqc_plots/png/picard_quality_by_cycle.png",
                "multiqc/global_report/multiqc_plots/png/picard_quality_score_distribution.png",
                "multiqc/global_report/multiqc_plots/png/seqfu_mqc.png",
                "multiqc/global_report/multiqc_plots/svg",
                "multiqc/global_report/multiqc_plots/svg/fastq_screen_plot-cnt.svg",
                "multiqc/global_report/multiqc_plots/svg/fastq_screen_plot-pct.svg",
                "multiqc/global_report/multiqc_plots/svg/picard_alignment_readlength_plot.svg",
                "multiqc/global_report/multiqc_plots/svg/picard_alignment_summary-cnt.svg",
                "multiqc/global_report/multiqc_plots/svg/picard_alignment_summary-pct.svg",
                "multiqc/global_report/multiqc_plots/svg/picard_base_distribution_by_cycle__Adenine.svg",
                "multiqc/global_report/multiqc_plots/svg/picard_base_distribution_by_cycle__Cytosine.svg",
                "multiqc/global_report/multiqc_plots/svg/picard_base_distribution_by_cycle__Guanine.svg",
                "multiqc/global_report/multiqc_plots/svg/picard_base_distribution_by_cycle__Thymine.svg",
                "multiqc/global_report/multiqc_plots/svg/picard_base_distribution_by_cycle__Undetermined.svg",
                "multiqc/global_report/multiqc_plots/svg/picard_quality_by_cycle.svg",
                "multiqc/global_report/multiqc_plots/svg/picard_quality_score_distribution.svg",
                "multiqc/global_report/multiqc_plots/svg/seqfu_mqc.svg",
                "multiqc/global_report/multiqc_report.html",
                "picard_collectmultiplemetrics",
                "picard_collectmultiplemetrics/SAMPLE_SINGLE_END_01.CollectMultipleMetrics.alignment_summary_metrics",
                "picard_collectmultiplemetrics/SAMPLE_SINGLE_END_01.CollectMultipleMetrics.base_distribution_by_cycle.pdf",
                "picard_collectmultiplemetrics/SAMPLE_SINGLE_END_01.CollectMultipleMetrics.base_distribution_by_cycle_metrics",
                "picard_collectmultiplemetrics/SAMPLE_SINGLE_END_01.CollectMultipleMetrics.quality_by_cycle.pdf",
                "picard_collectmultiplemetrics/SAMPLE_SINGLE_END_01.CollectMultipleMetrics.quality_by_cycle_metrics",
                "picard_collectmultiplemetrics/SAMPLE_SINGLE_END_01.CollectMultipleMetrics.quality_distribution.pdf",
                "picard_collectmultiplemetrics/SAMPLE_SINGLE_END_01.CollectMultipleMetrics.quality_distribution_metrics",
                "picard_collectmultiplemetrics/SAMPLE_SINGLE_END_01.CollectMultipleMetrics.read_length_histogram.pdf",
                "pipeline_info",
                "pipeline_info/nf_core_seqinspector_software_mqc_versions.yml",
                "samtools_faidx",
                "samtools_faidx/genome.fa.fai",
                "seqfu_stats",
                "seqfu_stats/SAMPLE_SINGLE_END_01_seqfu.tsv",
                "seqfu_stats/SAMPLE_SINGLE_END_01_seqfu_mqc.txt"
            ],
            [
                "genome.fa.0123:md5,8af61f4bc59cc2fe7b396db46a2173f3",
                "genome.fa.amb:md5,657cfdf0628d140d645d8d01a24f0c5f",
                "genome.fa.ann:md5,4439f90bdaaf2cdf9089c9f7f07b9d6b",
                "genome.fa.bwt.2bit.64:md5,c9a1ea631cf4ad59f4c3549a030c6c5e",
                "genome.fa.pac:md5,fd24ae5f67c642dfe9453e63350618cc",
                "SAMPLE_SINGLE_END_01_screen.png:md5,ad98ae0f39335aede67e0a233cf16616",
                "SAMPLE_SINGLE_END_01_screen.txt:md5,588b1b1f2d307fae7272ab0819e4bac5",
                "fastq_screen_plot.txt:md5,7d120ba49a8a9220f85efb05e55bfae1",
                "multiqc_citations.txt:md5,5f52d7a0141e4234c6069df9ef575c9a",
                "multiqc_fastq_screen.txt:md5,1cfa6a74e8e735bf59da770f6cb25959",
                "multiqc_picard_AlignmentSummaryMetrics.txt:md5,3b5a594aed12f8c904c57ee0b75ae990",
                "multiqc_picard_baseContent.txt:md5,06ef2cbc8f27964c4d84ce70bf75c152",
                "multiqc_picard_quality_by_cycle.txt:md5,4cf5e6149b8feb8da1e6bb885e4a5829",
                "multiqc_picard_quality_score_distribution.txt:md5,7f2087055d3268efd2f6de24aa556e2c",
                "multiqc_seqfu_mqc.txt:md5,7ec63bc3465b3fc8e316e2443ec4c848",
                "picard_MarkIlluminaAdapters_histogram.txt:md5,d41d8cd98f00b204e9800998ecf8427e",
                "picard_MeanQualityByCycle_histogram.txt:md5,d41d8cd98f00b204e9800998ecf8427e",
                "picard_MeanQualityByCycle_histogram_1.txt:md5,4cf5e6149b8feb8da1e6bb885e4a5829",
                "picard_QualityScoreDistribution_histogram.txt:md5,7f2087055d3268efd2f6de24aa556e2c",
                "picard_alignment_readlength_plot.txt:md5,5dbb52fb316ab11457e8b2bbd5eb6e2a",
                "picard_alignment_summary.txt:md5,fcc65f1b88cadefaf095d0aec6ef7634",
                "picard_base_distribution_by_cycle__Adenine.txt:md5,770aa7550d7d8f78c5ab8841a577078d",
                "picard_base_distribution_by_cycle__Cytosine.txt:md5,264b9e23455de2556e8188951fc4c31d",
                "picard_base_distribution_by_cycle__Guanine.txt:md5,b44066e25c38fc8345c7d1c878245602",
                "picard_base_distribution_by_cycle__Thymine.txt:md5,55c04c3520e955d4d403635fe1dd01c5",
                "picard_base_distribution_by_cycle__Undetermined.txt:md5,a65cb6ad0f510954d869c6c23d97b950",
                "picard_quality_by_cycle.txt:md5,d754b0c0d9aac602637d0c923dc88834",
                "picard_quality_score_distribution.txt:md5,d86da8fb7d48098fd5ec4a8419a8bc9e",
                "genome.fa.fai:md5,6f4c0ce5258e6948135ad006e1f9ee1b",
                "SAMPLE_SINGLE_END_01_seqfu.tsv:md5,33a9e44386f308d43881a58394b6b17c",
                "SAMPLE_SINGLE_END_01_seqfu_mqc.txt:md5,e67e819605ab49182aacf1d676dc885d"
            ],
            [
                "SAMPLE_SINGLE_END_01.bam:md5,9acd4428f95f70c1393671680ab9270f"
            ],
            "No warnings"
        ],
        "timestamp": "2026-03-05T16:47:40.595637972",
        "meta": {
            "nf-test": "0.9.4",
            "nextflow": "25.10.4"
        }
    }
}