{
    "MiSeq data test": {
        "content": [
            "multiqc_citations.txt:md5,6c7f11ec8908181ce5daed75ddb6dc32",
            "multiqc_fastqc.txt:md5,7b1b7fd457b60404768045b148d4c0a8",
            "multiqc_general_stats.txt:md5,c1e396db353c3c9455da8f4003bd0c12"
        ],
        "meta": {
            "nf-test": "0.9.1",
            "nextflow": "24.04.4"
        },
        "timestamp": "2024-10-30T09:08:29.692511055"
    }
}
