{
    "NovaSeq6000 data test - no genome": {
        "content": [
            0,
            {
                
            },
            [
                "pipeline_info",
                "pipeline_info/nf_core_seqinspector_software_mqc_versions.yml"
            ],
            "No stable content",
            "No BAM files",
            [
                "WARN: BWAMEM2, SAMTOOLS and PICARD processes, will be skipped",
                "WARN: No fasta was provided, but picard was requested"
            ]
        ],
        "timestamp": "2026-03-12T15:11:02.662597512",
        "meta": {
            "nf-test": "0.9.4",
            "nextflow": "25.10.4"
        }
    }
}