{
    "NovaSeq6000 data test": {
        "content": [
            "multiqc_citations.txt:md5,6c7f11ec8908181ce5daed75ddb6dc32",
            "multiqc_fastqc.txt:md5,3730f9046b20ac5c17a86db0a33f8d5d",
            "multiqc_general_stats.txt:md5,be9f8771c6f9b8f306fb33de1f29049f",
            "multiqc_citations.txt:md5,6c7f11ec8908181ce5daed75ddb6dc32",
            "multiqc_fastqc.txt:md5,8284e25ccc21041cf3b5a32eb6a51e78",
            "multiqc_general_stats.txt:md5,472497f420b4cdcb9d25d83b2ae08cda",
            "multiqc_citations.txt:md5,6c7f11ec8908181ce5daed75ddb6dc32",
            "multiqc_fastqc.txt:md5,f38ffdc112c73af3a41ed15848a3761f",
            "multiqc_general_stats.txt:md5,04fdf3e35bf7e47c4652b3d01884593c",
            "multiqc_citations.txt:md5,6c7f11ec8908181ce5daed75ddb6dc32",
            "multiqc_fastqc.txt:md5,7ff71ceb8ecdf086331047f8860c3347",
            "multiqc_general_stats.txt:md5,a6754bcb21f5a850680c9acb9f30d900",
            "multiqc_citations.txt:md5,6c7f11ec8908181ce5daed75ddb6dc32",
            "multiqc_fastqc.txt:md5,519ff344a896ac369bba4d5c5b8be7b5",
            "multiqc_general_stats.txt:md5,e51d8764200effa1563b744a9c1450fc"
        ],
        "meta": {
            "nf-test": "0.9.1",
            "nextflow": "24.04.4"
        },
        "timestamp": "2024-10-30T09:09:57.158871165"
    }
}
