{
    "NovaSeq6000 data test": {
        "content": [
            43,
            {
                "BWAMEM2_INDEX": {
                    "bwamem2": "2.2.1"
                },
                "BWAMEM2_MEM": {
                    "bwamem2": "2.2.1",
                    "samtools": "1.22.1"
                },
                "FASTQC": {
                    "fastqc": "0.12.1"
                },
                "FASTQSCREEN_FASTQSCREEN": {
                    "fastqscreen": "0.16.0"
                },
                "FQ_LINT": {
                    "fq": "0.12.0"
                },
                "PICARD_COLLECTMULTIPLEMETRICS": {
                    "picard": "3.4.0"
                },
                "RUNDIRPARSER": {
                    "PyYAML": "6.0.2",
                    "Python": "3.13.2"
                },
                "SAMTOOLS_FAIDX": {
                    "samtools": "1.23"
                },
                "SAMTOOLS_INDEX": {
                    "samtools": "1.23"
                },
                "SEQFU_STATS": {
                    "seqfu": "1.22.3"
                }
            },
            [
                "bwamem2_index",
                "bwamem2_index/bwamem2",
                "bwamem2_index/bwamem2/genome.fa.0123",
                "bwamem2_index/bwamem2/genome.fa.amb",
                "bwamem2_index/bwamem2/genome.fa.ann",
                "bwamem2_index/bwamem2/genome.fa.bwt.2bit.64",
                "bwamem2_index/bwamem2/genome.fa.pac",
                "bwamem2_mem",
                "bwamem2_mem/Sample1_01.bam",
                "bwamem2_mem/Sample1_01.bam.bai",
                "bwamem2_mem/Sample23_03.bam",
                "bwamem2_mem/Sample23_03.bam.bai",
                "bwamem2_mem/SampleA_02.bam",
                "bwamem2_mem/SampleA_02.bam.bai",
                "bwamem2_mem/Undetermined_05.bam",
                "bwamem2_mem/Undetermined_05.bam.bai",
                "bwamem2_mem/sampletest_04.bam",
                "bwamem2_mem/sampletest_04.bam.bai",
                "fastqc",
                "fastqc/Sample1_01_fastqc.html",
                "fastqc/Sample1_01_fastqc.zip",
                "fastqc/Sample23_03_fastqc.html",
                "fastqc/Sample23_03_fastqc.zip",
                "fastqc/SampleA_02_fastqc.html",
                "fastqc/SampleA_02_fastqc.zip",
                "fastqc/Undetermined_05_fastqc.html",
                "fastqc/Undetermined_05_fastqc.zip",
                "fastqc/sampletest_04_fastqc.html",
                "fastqc/sampletest_04_fastqc.zip",
                "fastqscreen",
                "fastqscreen/Sample1_01_screen.html",
                "fastqscreen/Sample1_01_screen.png",
                "fastqscreen/Sample1_01_screen.txt",
                "fastqscreen/Sample23_03_screen.html",
                "fastqscreen/Sample23_03_screen.png",
                "fastqscreen/Sample23_03_screen.txt",
                "fastqscreen/SampleA_02_screen.html",
                "fastqscreen/SampleA_02_screen.png",
                "fastqscreen/SampleA_02_screen.txt",
                "fastqscreen/Undetermined_05_screen.html",
                "fastqscreen/Undetermined_05_screen.png",
                "fastqscreen/Undetermined_05_screen.txt",
                "fastqscreen/sampletest_04_screen.html",
                "fastqscreen/sampletest_04_screen.png",
                "fastqscreen/sampletest_04_screen.txt",
                "fq",
                "fq/Sample1_01.fq_lint.txt",
                "fq/Sample23_03.fq_lint.txt",
                "fq/SampleA_02.fq_lint.txt",
                "fq/Undetermined_05.fq_lint.txt",
                "fq/sampletest_04.fq_lint.txt",
                "multiqc",
                "multiqc/global_report",
                "multiqc/global_report/multiqc_data",
                "multiqc/global_report/multiqc_data/fastq_screen_plot.txt",
                "multiqc/global_report/multiqc_data/fastqc-status-check-heatmap.txt",
                "multiqc/global_report/multiqc_data/fastqc_overrepresented_sequences_plot.txt",
                "multiqc/global_report/multiqc_data/fastqc_per_base_n_content_plot.txt",
                "multiqc/global_report/multiqc_data/fastqc_per_base_sequence_quality_plot.txt",
                "multiqc/global_report/multiqc_data/fastqc_per_sequence_gc_content_plot_Counts.txt",
                "multiqc/global_report/multiqc_data/fastqc_per_sequence_gc_content_plot_Percentages.txt",
                "multiqc/global_report/multiqc_data/fastqc_per_sequence_quality_scores_plot.txt",
                "multiqc/global_report/multiqc_data/fastqc_sequence_counts_plot.txt",
                "multiqc/global_report/multiqc_data/fastqc_sequence_duplication_levels_plot.txt",
                "multiqc/global_report/multiqc_data/fastqc_sequence_length_distribution_plot.txt",
                "multiqc/global_report/multiqc_data/fastqc_top_overrepresented_sequences_table.txt",
                "multiqc/global_report/multiqc_data/llms-full.txt",
                "multiqc/global_report/multiqc_data/multiqc.log",
                "multiqc/global_report/multiqc_data/multiqc.parquet",
                "multiqc/global_report/multiqc_data/multiqc_citations.txt",
                "multiqc/global_report/multiqc_data/multiqc_data.json",
                "multiqc/global_report/multiqc_data/multiqc_fastq_screen.txt",
                "multiqc/global_report/multiqc_data/multiqc_fastqc.txt",
                "multiqc/global_report/multiqc_data/multiqc_general_stats.txt",
                "multiqc/global_report/multiqc_data/multiqc_mqc_seq_metadata.txt",
                "multiqc/global_report/multiqc_data/multiqc_picard_AlignmentSummaryMetrics.txt",
                "multiqc/global_report/multiqc_data/multiqc_picard_baseContent.txt",
                "multiqc/global_report/multiqc_data/multiqc_picard_quality_by_cycle.txt",
                "multiqc/global_report/multiqc_data/multiqc_picard_quality_score_distribution.txt",
                "multiqc/global_report/multiqc_data/multiqc_seqfu_mqc.txt",
                "multiqc/global_report/multiqc_data/multiqc_software_versions.txt",
                "multiqc/global_report/multiqc_data/multiqc_sources.txt",
                "multiqc/global_report/multiqc_data/picard_MarkIlluminaAdapters_histogram.txt",
                "multiqc/global_report/multiqc_data/picard_MeanQualityByCycle_histogram.txt",
                "multiqc/global_report/multiqc_data/picard_MeanQualityByCycle_histogram_1.txt",
                "multiqc/global_report/multiqc_data/picard_QualityScoreDistribution_histogram.txt",
                "multiqc/global_report/multiqc_data/picard_alignment_readlength_plot.txt",
                "multiqc/global_report/multiqc_data/picard_alignment_summary.txt",
                "multiqc/global_report/multiqc_data/picard_base_distribution_by_cycle__Adenine.txt",
                "multiqc/global_report/multiqc_data/picard_base_distribution_by_cycle__Cytosine.txt",
                "multiqc/global_report/multiqc_data/picard_base_distribution_by_cycle__Guanine.txt",
                "multiqc/global_report/multiqc_data/picard_base_distribution_by_cycle__Thymine.txt",
                "multiqc/global_report/multiqc_data/picard_base_distribution_by_cycle__Undetermined.txt",
                "multiqc/global_report/multiqc_data/picard_quality_by_cycle.txt",
                "multiqc/global_report/multiqc_data/picard_quality_score_distribution.txt",
                "multiqc/global_report/multiqc_plots",
                "multiqc/global_report/multiqc_plots/pdf",
                "multiqc/global_report/multiqc_plots/png",
                "multiqc/global_report/multiqc_plots/svg",
                "multiqc/global_report/multiqc_report.html",
                "multiqc/group_reports",
                "multiqc/group_reports/group1",
                "multiqc/group_reports/group1/multiqc_data",
                "multiqc/group_reports/group1/multiqc_data/llms-full.txt",
                "multiqc/group_reports/group1/multiqc_data/multiqc.log",
                "multiqc/group_reports/group1/multiqc_data/multiqc.parquet",
                "multiqc/group_reports/group1/multiqc_data/multiqc_citations.txt",
                "multiqc/group_reports/group1/multiqc_data/multiqc_data.json",
                "multiqc/group_reports/group1/multiqc_data/multiqc_software_versions.txt",
                "multiqc/group_reports/group1/multiqc_data/multiqc_sources.txt",
                "multiqc/group_reports/group1/multiqc_report.html",
                "multiqc/group_reports/group2",
                "multiqc/group_reports/group2/multiqc_data",
                "multiqc/group_reports/group2/multiqc_data/llms-full.txt",
                "multiqc/group_reports/group2/multiqc_data/multiqc.log",
                "multiqc/group_reports/group2/multiqc_data/multiqc.parquet",
                "multiqc/group_reports/group2/multiqc_data/multiqc_citations.txt",
                "multiqc/group_reports/group2/multiqc_data/multiqc_data.json",
                "multiqc/group_reports/group2/multiqc_data/multiqc_software_versions.txt",
                "multiqc/group_reports/group2/multiqc_data/multiqc_sources.txt",
                "multiqc/group_reports/group2/multiqc_report.html",
                "multiqc/group_reports/lane1",
                "multiqc/group_reports/lane1/multiqc_data",
                "multiqc/group_reports/lane1/multiqc_data/llms-full.txt",
                "multiqc/group_reports/lane1/multiqc_data/multiqc.log",
                "multiqc/group_reports/lane1/multiqc_data/multiqc.parquet",
                "multiqc/group_reports/lane1/multiqc_data/multiqc_citations.txt",
                "multiqc/group_reports/lane1/multiqc_data/multiqc_data.json",
                "multiqc/group_reports/lane1/multiqc_data/multiqc_software_versions.txt",
                "multiqc/group_reports/lane1/multiqc_data/multiqc_sources.txt",
                "multiqc/group_reports/lane1/multiqc_report.html",
                "multiqc/group_reports/test",
                "multiqc/group_reports/test/multiqc_data",
                "multiqc/group_reports/test/multiqc_data/llms-full.txt",
                "multiqc/group_reports/test/multiqc_data/multiqc.log",
                "multiqc/group_reports/test/multiqc_data/multiqc.parquet",
                "multiqc/group_reports/test/multiqc_data/multiqc_citations.txt",
                "multiqc/group_reports/test/multiqc_data/multiqc_data.json",
                "multiqc/group_reports/test/multiqc_data/multiqc_software_versions.txt",
                "multiqc/group_reports/test/multiqc_data/multiqc_sources.txt",
                "multiqc/group_reports/test/multiqc_report.html",
                "picard_collectmultiplemetrics",
                "picard_collectmultiplemetrics/Sample1_01.CollectMultipleMetrics.alignment_summary_metrics",
                "picard_collectmultiplemetrics/Sample1_01.CollectMultipleMetrics.base_distribution_by_cycle.pdf",
                "picard_collectmultiplemetrics/Sample1_01.CollectMultipleMetrics.base_distribution_by_cycle_metrics",
                "picard_collectmultiplemetrics/Sample1_01.CollectMultipleMetrics.quality_by_cycle.pdf",
                "picard_collectmultiplemetrics/Sample1_01.CollectMultipleMetrics.quality_by_cycle_metrics",
                "picard_collectmultiplemetrics/Sample1_01.CollectMultipleMetrics.quality_distribution.pdf",
                "picard_collectmultiplemetrics/Sample1_01.CollectMultipleMetrics.quality_distribution_metrics",
                "picard_collectmultiplemetrics/Sample1_01.CollectMultipleMetrics.read_length_histogram.pdf",
                "picard_collectmultiplemetrics/Sample23_03.CollectMultipleMetrics.alignment_summary_metrics",
                "picard_collectmultiplemetrics/Sample23_03.CollectMultipleMetrics.base_distribution_by_cycle.pdf",
                "picard_collectmultiplemetrics/Sample23_03.CollectMultipleMetrics.base_distribution_by_cycle_metrics",
                "picard_collectmultiplemetrics/Sample23_03.CollectMultipleMetrics.quality_by_cycle.pdf",
                "picard_collectmultiplemetrics/Sample23_03.CollectMultipleMetrics.quality_by_cycle_metrics",
                "picard_collectmultiplemetrics/Sample23_03.CollectMultipleMetrics.quality_distribution.pdf",
                "picard_collectmultiplemetrics/Sample23_03.CollectMultipleMetrics.quality_distribution_metrics",
                "picard_collectmultiplemetrics/Sample23_03.CollectMultipleMetrics.read_length_histogram.pdf",
                "picard_collectmultiplemetrics/SampleA_02.CollectMultipleMetrics.alignment_summary_metrics",
                "picard_collectmultiplemetrics/SampleA_02.CollectMultipleMetrics.base_distribution_by_cycle.pdf",
                "picard_collectmultiplemetrics/SampleA_02.CollectMultipleMetrics.base_distribution_by_cycle_metrics",
                "picard_collectmultiplemetrics/SampleA_02.CollectMultipleMetrics.quality_by_cycle.pdf",
                "picard_collectmultiplemetrics/SampleA_02.CollectMultipleMetrics.quality_by_cycle_metrics",
                "picard_collectmultiplemetrics/SampleA_02.CollectMultipleMetrics.quality_distribution.pdf",
                "picard_collectmultiplemetrics/SampleA_02.CollectMultipleMetrics.quality_distribution_metrics",
                "picard_collectmultiplemetrics/SampleA_02.CollectMultipleMetrics.read_length_histogram.pdf",
                "picard_collectmultiplemetrics/Undetermined_05.CollectMultipleMetrics.alignment_summary_metrics",
                "picard_collectmultiplemetrics/Undetermined_05.CollectMultipleMetrics.base_distribution_by_cycle.pdf",
                "picard_collectmultiplemetrics/Undetermined_05.CollectMultipleMetrics.base_distribution_by_cycle_metrics",
                "picard_collectmultiplemetrics/Undetermined_05.CollectMultipleMetrics.quality_by_cycle.pdf",
                "picard_collectmultiplemetrics/Undetermined_05.CollectMultipleMetrics.quality_by_cycle_metrics",
                "picard_collectmultiplemetrics/Undetermined_05.CollectMultipleMetrics.quality_distribution.pdf",
                "picard_collectmultiplemetrics/Undetermined_05.CollectMultipleMetrics.quality_distribution_metrics",
                "picard_collectmultiplemetrics/Undetermined_05.CollectMultipleMetrics.read_length_histogram.pdf",
                "picard_collectmultiplemetrics/sampletest_04.CollectMultipleMetrics.alignment_summary_metrics",
                "picard_collectmultiplemetrics/sampletest_04.CollectMultipleMetrics.base_distribution_by_cycle.pdf",
                "picard_collectmultiplemetrics/sampletest_04.CollectMultipleMetrics.base_distribution_by_cycle_metrics",
                "picard_collectmultiplemetrics/sampletest_04.CollectMultipleMetrics.quality_by_cycle.pdf",
                "picard_collectmultiplemetrics/sampletest_04.CollectMultipleMetrics.quality_by_cycle_metrics",
                "picard_collectmultiplemetrics/sampletest_04.CollectMultipleMetrics.quality_distribution.pdf",
                "picard_collectmultiplemetrics/sampletest_04.CollectMultipleMetrics.quality_distribution_metrics",
                "picard_collectmultiplemetrics/sampletest_04.CollectMultipleMetrics.read_length_histogram.pdf",
                "pipeline_info",
                "pipeline_info/nf_core_seqinspector_software_mqc_versions.yml",
                "rundirparser",
                "rundirparser/200624_A00834_0183_BHMTFYDRXX_illumina_mqc.yml",
                "samtools_faidx",
                "samtools_faidx/genome.fa.fai",
                "seqfu_stats",
                "seqfu_stats/Sample1_01_seqfu.tsv",
                "seqfu_stats/Sample1_01_seqfu_mqc.txt",
                "seqfu_stats/Sample23_03_seqfu.tsv",
                "seqfu_stats/Sample23_03_seqfu_mqc.txt",
                "seqfu_stats/SampleA_02_seqfu.tsv",
                "seqfu_stats/SampleA_02_seqfu_mqc.txt",
                "seqfu_stats/Undetermined_05_seqfu.tsv",
                "seqfu_stats/Undetermined_05_seqfu_mqc.txt",
                "seqfu_stats/sampletest_04_seqfu.tsv",
                "seqfu_stats/sampletest_04_seqfu_mqc.txt"
            ],
            [
                "genome.fa.0123:md5,8af61f4bc59cc2fe7b396db46a2173f3",
                "genome.fa.amb:md5,657cfdf0628d140d645d8d01a24f0c5f",
                "genome.fa.ann:md5,4439f90bdaaf2cdf9089c9f7f07b9d6b",
                "genome.fa.bwt.2bit.64:md5,c9a1ea631cf4ad59f4c3549a030c6c5e",
                "genome.fa.pac:md5,fd24ae5f67c642dfe9453e63350618cc",
                "Sample1_01_screen.png:md5,562256290643b51e4374c2225a15f463",
                "Sample1_01_screen.txt:md5,3b184ef10eeb99043a85826534a4ee28",
                "Sample23_03_screen.png:md5,6bb2caf67b9b2ed25d3d5f32c343e9ab",
                "Sample23_03_screen.txt:md5,3b184ef10eeb99043a85826534a4ee28",
                "SampleA_02_screen.png:md5,b2c3e95e034f5c038754bf108537de0e",
                "SampleA_02_screen.txt:md5,3b184ef10eeb99043a85826534a4ee28",
                "Undetermined_05_screen.png:md5,fc5d53f8876dfae3d1a781fa512ea1db",
                "Undetermined_05_screen.txt:md5,3b184ef10eeb99043a85826534a4ee28",
                "sampletest_04_screen.png:md5,1fb60070e8f4b70de0c1b3786b54f27e",
                "sampletest_04_screen.txt:md5,3b184ef10eeb99043a85826534a4ee28",
                "fastq_screen_plot.txt:md5,990122d48fa4c1a170107a1ba034e4cf",
                "fastqc-status-check-heatmap.txt:md5,7a64380ec42aac56949a2d9a4176d4d9",
                "fastqc_overrepresented_sequences_plot.txt:md5,c7908980f1dba22b45cf6de14a66a686",
                "fastqc_per_base_n_content_plot.txt:md5,8aafe701b59b4e70ccec86748c7d6eb3",
                "fastqc_per_base_sequence_quality_plot.txt:md5,c2bbc52a285a46ab8c548bca3b721e13",
                "fastqc_per_sequence_gc_content_plot_Counts.txt:md5,a422f61a00f0839ef0d630d2e4524589",
                "fastqc_per_sequence_gc_content_plot_Percentages.txt:md5,0e5a0cd0b0f8e66b3617f1ac19822d77",
                "fastqc_per_sequence_quality_scores_plot.txt:md5,cbaa7c7033c526483584376275a8b33e",
                "fastqc_sequence_counts_plot.txt:md5,d8ab86dbfce0c740f4a66a080803a0b9",
                "fastqc_sequence_duplication_levels_plot.txt:md5,f86012b3074d697c9a2b3bd67a074288",
                "fastqc_sequence_length_distribution_plot.txt:md5,9d4fd245e8e1d5baa473a8bdffcd3e38",
                "multiqc_citations.txt:md5,5f52d7a0141e4234c6069df9ef575c9a",
                "multiqc_fastq_screen.txt:md5,62240561100f78af37e7e2438cb58f90",
                "multiqc_fastqc.txt:md5,23b698f1e957a26f49a9ad9bbdece908",
                "multiqc_mqc_seq_metadata.txt:md5,5c5f63f044bdcb1ab74a66b896f0b6e7",
                "multiqc_picard_AlignmentSummaryMetrics.txt:md5,b113ea40790fa45fa739f224f2710556",
                "multiqc_picard_baseContent.txt:md5,e06c0dea80cb5cef312436e005aa0095",
                "multiqc_picard_quality_by_cycle.txt:md5,6e13ddbd97caa0eaa52c118966e5f9fa",
                "multiqc_picard_quality_score_distribution.txt:md5,39d3430744e9139020d7af3eb15fc629",
                "multiqc_seqfu_mqc.txt:md5,18dd2407d4a1791646785123028f69b5",
                "picard_MarkIlluminaAdapters_histogram.txt:md5,d41d8cd98f00b204e9800998ecf8427e",
                "picard_MeanQualityByCycle_histogram.txt:md5,d41d8cd98f00b204e9800998ecf8427e",
                "picard_MeanQualityByCycle_histogram_1.txt:md5,6e13ddbd97caa0eaa52c118966e5f9fa",
                "picard_QualityScoreDistribution_histogram.txt:md5,39d3430744e9139020d7af3eb15fc629",
                "picard_alignment_readlength_plot.txt:md5,57ee2de637b69efc49290bb5d4b57905",
                "picard_alignment_summary.txt:md5,3fee23a738a44ee84592cb1144b32775",
                "picard_base_distribution_by_cycle__Adenine.txt:md5,dfb9e50700b61cdbc0344690db202559",
                "picard_base_distribution_by_cycle__Cytosine.txt:md5,5eec2a9bbb5db321c7cbbbee26d90357",
                "picard_base_distribution_by_cycle__Guanine.txt:md5,5b100b42e93792fed754deb276645e61",
                "picard_base_distribution_by_cycle__Thymine.txt:md5,d0317fe5ef2cf1b692526cb9a18aa50c",
                "picard_base_distribution_by_cycle__Undetermined.txt:md5,8aafe701b59b4e70ccec86748c7d6eb3",
                "picard_quality_by_cycle.txt:md5,366ee22c93a11c1335f867020bb03da5",
                "picard_quality_score_distribution.txt:md5,17d6f490cb59e16a7ed4b04ffaa1a100",
                "multiqc_citations.txt:md5,4c806e63a283ec1b7e78cdae3a923d4f",
                "multiqc_citations.txt:md5,4c806e63a283ec1b7e78cdae3a923d4f",
                "multiqc_citations.txt:md5,4c806e63a283ec1b7e78cdae3a923d4f",
                "multiqc_citations.txt:md5,4c806e63a283ec1b7e78cdae3a923d4f",
                "200624_A00834_0183_BHMTFYDRXX_illumina_mqc.yml:md5,29e05fed18bca0e9a857c992b6d59a40",
                "genome.fa.fai:md5,6f4c0ce5258e6948135ad006e1f9ee1b",
                "Sample1_01_seqfu.tsv:md5,ac174f48d928c6ddfd43c88af0caa8b6",
                "Sample1_01_seqfu_mqc.txt:md5,24d99524ccd0e6c6255a69d68a871c7a",
                "Sample23_03_seqfu.tsv:md5,6fac5d3dbce3f3bee72341fe99a399dc",
                "Sample23_03_seqfu_mqc.txt:md5,4d4f280911a08bb6b753142980178027",
                "SampleA_02_seqfu.tsv:md5,aec811f267bb2a0ef066a7abb59d2775",
                "SampleA_02_seqfu_mqc.txt:md5,a819409a5cb64e20c3e54ec5ada4aa27",
                "Undetermined_05_seqfu.tsv:md5,3a42c5c66a0a118f1a6f6f6e560b0e7e",
                "Undetermined_05_seqfu_mqc.txt:md5,bd8be908362c5cb08a72f8ae7ab41b0d",
                "sampletest_04_seqfu.tsv:md5,a5bea0b9c6015dd1a201ffd433e9b377",
                "sampletest_04_seqfu_mqc.txt:md5,2180961655bbc8a12f0152d6a4b803a2"
            ],
            [
                "Sample1_01.bam:md5,d06ccfde49cc474faebcab2ebf71b324",
                "Sample23_03.bam:md5,5ff9f554c6255fd07d3841c6616c5031",
                "SampleA_02.bam:md5,250d0031520e59ee59a7112ab1ea32e1",
                "Undetermined_05.bam:md5,8fcc158f1e0736b366152d5e187644ca",
                "sampletest_04.bam:md5,f80371e37421d97499b3bfd55221ed00"
            ],
            [
                "N E X T F L O W  ~  version [VERSION]",
                "Launching `[PATH]/tests/../main.nf` [RUN_NAME] DSL2 - revision: [REVISION]",
                "------------------------------------------------------",
                "                                        ,--./,-.",
                "        ___     __   __   __   ___     /,-._.--~'",
                "  |\\ | |__  __ /  ` /  \\ |__) |__         }  {",
                "  | \\| |       \\__, \\__/ |  \\ |___     \\`-._,-`-,",
                "                                        `._,._,'",
                "  nf-core/seqinspector [VERSION]",
                "------------------------------------------------------",
                "Input/output options",
                "  input                     : https://raw.githubusercontent.com/nf-core/test-datasets/seqinspector/testdata/NovaSeq6000/samplesheet.csv",
                "  outdir                    : [PATH]/tests/[NFT_HASH]/output",
                "Reference genome options",
                "  genome                    : R64-1-1",
                "  fasta                     : s3://ngi-igenomes/igenomes//Saccharomyces_cerevisiae/Ensembl/R64-1-1/Sequence/WholeGenomeFasta/genome.fa",
                "Institutional config options",
                "  config_profile_name       : Test profile",
                "  config_profile_description: Minimal test dataset to check pipeline function",
                "Generic options",
                "  trace_report_suffix       : [TIMESTAMP]",
                "Core Nextflow options",
                "  runName                   : [RUN_NAME]",
                "  launchDir                 : [PATH]/tests/[NFT_HASH]",
                "  workDir                   : [PATH]/tests/[NFT_HASH]/work",
                "  projectDir                : [PATH]",
                "  userName                  : [USER]",
                "  profile                   : test,[CONTAINER]",
                "  configFiles               : [PATH]/nextflow.config, [PATH]/nextflow.config, [PATH]/tests/nextflow.config",
                "!! Only displaying parameters that differ from the pipeline defaults !!",
                "------------------------------------------------------",
                "* The pipeline",
                "    https://doi.org/10.5281/zenodo.18757486",
                "* The nf-core framework",
                "    https://doi.org/10.1038/s41587-020-0439-x",
                "* Software dependencies",
                "    https://github.com/nf-core/seqinspector/blob/master/CITATIONS.md",
                "Extra informations",
                "  Tools selected to be run  : fastqc,fastqscreen,fq_lint,picard_collectmultiplemetrics,rundirparser,seqfu_stats",
                "------------------------------------------------------",
                "-[nf-core/seqinspector] Pipeline completed successfully-",
                "WARN: rundir is a tar.gz",
                "[NXF_HASH] Submitted process > NFCORE_SEQINSPECTOR:SEQINSPECTOR:BWAMEM2_MEM (Sample1_01)",
                "[NXF_HASH] Submitted process > NFCORE_SEQINSPECTOR:SEQINSPECTOR:BWAMEM2_MEM (Sample23_03)",
                "[NXF_HASH] Submitted process > NFCORE_SEQINSPECTOR:SEQINSPECTOR:BWAMEM2_MEM (SampleA_02)",
                "[NXF_HASH] Submitted process > NFCORE_SEQINSPECTOR:SEQINSPECTOR:BWAMEM2_MEM (Undetermined_05)",
                "[NXF_HASH] Submitted process > NFCORE_SEQINSPECTOR:SEQINSPECTOR:BWAMEM2_MEM (sampletest_04)",
                "[NXF_HASH] Submitted process > NFCORE_SEQINSPECTOR:SEQINSPECTOR:FASTQC (Sample1_01)",
                "[NXF_HASH] Submitted process > NFCORE_SEQINSPECTOR:SEQINSPECTOR:FASTQC (Sample23_03)",
                "[NXF_HASH] Submitted process > NFCORE_SEQINSPECTOR:SEQINSPECTOR:FASTQC (SampleA_02)",
                "[NXF_HASH] Submitted process > NFCORE_SEQINSPECTOR:SEQINSPECTOR:FASTQC (Undetermined_05)",
                "[NXF_HASH] Submitted process > NFCORE_SEQINSPECTOR:SEQINSPECTOR:FASTQC (sampletest_04)",
                "[NXF_HASH] Submitted process > NFCORE_SEQINSPECTOR:SEQINSPECTOR:FASTQSCREEN_FASTQSCREEN (Sample1_01)",
                "[NXF_HASH] Submitted process > NFCORE_SEQINSPECTOR:SEQINSPECTOR:FASTQSCREEN_FASTQSCREEN (Sample23_03)",
                "[NXF_HASH] Submitted process > NFCORE_SEQINSPECTOR:SEQINSPECTOR:FASTQSCREEN_FASTQSCREEN (SampleA_02)",
                "[NXF_HASH] Submitted process > NFCORE_SEQINSPECTOR:SEQINSPECTOR:FASTQSCREEN_FASTQSCREEN (Undetermined_05)",
                "[NXF_HASH] Submitted process > NFCORE_SEQINSPECTOR:SEQINSPECTOR:FASTQSCREEN_FASTQSCREEN (sampletest_04)",
                "[NXF_HASH] Submitted process > NFCORE_SEQINSPECTOR:SEQINSPECTOR:FQ_LINT (Sample1_01)",
                "[NXF_HASH] Submitted process > NFCORE_SEQINSPECTOR:SEQINSPECTOR:FQ_LINT (Sample23_03)",
                "[NXF_HASH] Submitted process > NFCORE_SEQINSPECTOR:SEQINSPECTOR:FQ_LINT (SampleA_02)",
                "[NXF_HASH] Submitted process > NFCORE_SEQINSPECTOR:SEQINSPECTOR:FQ_LINT (Undetermined_05)",
                "[NXF_HASH] Submitted process > NFCORE_SEQINSPECTOR:SEQINSPECTOR:FQ_LINT (sampletest_04)",
                "[NXF_HASH] Submitted process > NFCORE_SEQINSPECTOR:SEQINSPECTOR:MULTIQC_GLOBAL (seqinspector)",
                "[NXF_HASH] Submitted process > NFCORE_SEQINSPECTOR:SEQINSPECTOR:MULTIQC_PER_TAG (group1)",
                "[NXF_HASH] Submitted process > NFCORE_SEQINSPECTOR:SEQINSPECTOR:MULTIQC_PER_TAG (group2)",
                "[NXF_HASH] Submitted process > NFCORE_SEQINSPECTOR:SEQINSPECTOR:MULTIQC_PER_TAG (lane1)",
                "[NXF_HASH] Submitted process > NFCORE_SEQINSPECTOR:SEQINSPECTOR:MULTIQC_PER_TAG (test)",
                "[NXF_HASH] Submitted process > NFCORE_SEQINSPECTOR:SEQINSPECTOR:QC_BAM:PICARD_COLLECTMULTIPLEMETRICS (Sample1_01)",
                "[NXF_HASH] Submitted process > NFCORE_SEQINSPECTOR:SEQINSPECTOR:QC_BAM:PICARD_COLLECTMULTIPLEMETRICS (Sample23_03)",
                "[NXF_HASH] Submitted process > NFCORE_SEQINSPECTOR:SEQINSPECTOR:QC_BAM:PICARD_COLLECTMULTIPLEMETRICS (SampleA_02)",
                "[NXF_HASH] Submitted process > NFCORE_SEQINSPECTOR:SEQINSPECTOR:QC_BAM:PICARD_COLLECTMULTIPLEMETRICS (Undetermined_05)",
                "[NXF_HASH] Submitted process > NFCORE_SEQINSPECTOR:SEQINSPECTOR:QC_BAM:PICARD_COLLECTMULTIPLEMETRICS (sampletest_04)",
                "[NXF_HASH] Submitted process > NFCORE_SEQINSPECTOR:SEQINSPECTOR:RUNDIRPARSER (200624_A00834_0183_BHMTFYDRXX)",
                "[NXF_HASH] Submitted process > NFCORE_SEQINSPECTOR:SEQINSPECTOR:SAMTOOLS_INDEX (Sample1_01)",
                "[NXF_HASH] Submitted process > NFCORE_SEQINSPECTOR:SEQINSPECTOR:SAMTOOLS_INDEX (Sample23_03)",
                "[NXF_HASH] Submitted process > NFCORE_SEQINSPECTOR:SEQINSPECTOR:SAMTOOLS_INDEX (SampleA_02)",
                "[NXF_HASH] Submitted process > NFCORE_SEQINSPECTOR:SEQINSPECTOR:SAMTOOLS_INDEX (Undetermined_05)",
                "[NXF_HASH] Submitted process > NFCORE_SEQINSPECTOR:SEQINSPECTOR:SAMTOOLS_INDEX (sampletest_04)",
                "[NXF_HASH] Submitted process > NFCORE_SEQINSPECTOR:SEQINSPECTOR:SEQFU_STATS (seqfu)",
                "[NXF_HASH] Submitted process > PREPARE_GENOME:BWAMEM2_INDEX (genome.fa)",
                "[NXF_HASH] Submitted process > PREPARE_GENOME:SAMTOOLS_FAIDX (genome.fa)"
            ]
        ],
        "timestamp": "2026-03-16T17:23:51.543538694",
        "meta": {
            "nf-test": "0.9.4",
            "nextflow": "25.10.4"
        }
    }
}