{
    "NovaSeq6000 data test sample size": {
        "content": [
            "multiqc_citations.txt:md5,6c7f11ec8908181ce5daed75ddb6dc32",
            "multiqc_fastqc.txt:md5,aba942d1e6996b579f19798e5673f514",
            "multiqc_general_stats.txt:md5,064e9eeafdf7b52d4d4e63515cca87b8",
            "multiqc_citations.txt:md5,6c7f11ec8908181ce5daed75ddb6dc32",
            "multiqc_fastqc.txt:md5,aa1b8d6adae86005ea7a8b2e901099b8",
            "multiqc_general_stats.txt:md5,6f85b0c7f383c2f212b2c4504fb3698c",
            "multiqc_citations.txt:md5,6c7f11ec8908181ce5daed75ddb6dc32",
            "multiqc_fastqc.txt:md5,ff996e1d3dc4a46e0c9535e54d51ccab",
            "multiqc_general_stats.txt:md5,3ce48439ef89139f2173e7031fa87385",
            "multiqc_citations.txt:md5,6c7f11ec8908181ce5daed75ddb6dc32",
            "multiqc_fastqc.txt:md5,3df36ecfe76b25b0c22dcda84bce2b3b",
            "multiqc_general_stats.txt:md5,061de9865cc76ce26e76a2114f483ac6",
            "multiqc_citations.txt:md5,6c7f11ec8908181ce5daed75ddb6dc32",
            "multiqc_fastqc.txt:md5,ce61b4ce4b1d76ec3f20de3bf0c9ec7f",
            "multiqc_general_stats.txt:md5,85f10745c22f43194babb3b29f9d0793"
        ],
        "meta": {
            "nf-test": "0.9.1",
            "nextflow": "24.04.4"
        },
        "timestamp": "2024-10-30T09:37:46.182191597"
    }
}
