{
    "NovaSeq6000 data test": {
        "content": [
            {
                "BWAMEM2_MEM": {
                    "bwamem2": "2.2.1",
                    "samtools": "1.22.1"
                },
                "FASTQC": {
                    "fastqc": "0.12.1"
                },
                "FASTQSCREEN_FASTQSCREEN": {
                    "fastqscreen": "0.16.0"
                },
                "PICARD_COLLECTMULTIPLEMETRICS": {
                    "picard": "3.4.0"
                },
                "RUNDIRPARSER": {
                    "PyYAML": "6.0.2",
                    "Python": "3.13.2"
                },
                "SAMTOOLS_FAIDX": {
                    "samtools": "1.22.1"
                },
                "SAMTOOLS_INDEX": {
                    "samtools": "1.22.1"
                },
                "SEQFU_STATS": {
                    "seqfu": "1.22.3"
                },
                "Workflow": {
                    "nf-core/seqinspector": "v1.0dev"
                }
            },
            [
                "bwamem2_index",
                "bwamem2_index/bwamem2",
                "bwamem2_index/bwamem2/genome.fa.0123",
                "bwamem2_index/bwamem2/genome.fa.amb",
                "bwamem2_index/bwamem2/genome.fa.ann",
                "bwamem2_index/bwamem2/genome.fa.bwt.2bit.64",
                "bwamem2_index/bwamem2/genome.fa.pac",
                "bwamem2_mem",
                "bwamem2_mem/Sample1_01.bam",
                "bwamem2_mem/Sample1_01.bam.bai",
                "bwamem2_mem/Sample23_03.bam",
                "bwamem2_mem/Sample23_03.bam.bai",
                "bwamem2_mem/SampleA_02.bam",
                "bwamem2_mem/SampleA_02.bam.bai",
                "bwamem2_mem/Undetermined_05.bam",
                "bwamem2_mem/Undetermined_05.bam.bai",
                "bwamem2_mem/sampletest_04.bam",
                "bwamem2_mem/sampletest_04.bam.bai",
                "fastqc",
                "fastqc/Sample1_01_fastqc.html",
                "fastqc/Sample1_01_fastqc.zip",
                "fastqc/Sample23_03_fastqc.html",
                "fastqc/Sample23_03_fastqc.zip",
                "fastqc/SampleA_02_fastqc.html",
                "fastqc/SampleA_02_fastqc.zip",
                "fastqc/Undetermined_05_fastqc.html",
                "fastqc/Undetermined_05_fastqc.zip",
                "fastqc/sampletest_04_fastqc.html",
                "fastqc/sampletest_04_fastqc.zip",
                "fastqscreen",
                "fastqscreen/Sample1_01_screen.html",
                "fastqscreen/Sample1_01_screen.png",
                "fastqscreen/Sample1_01_screen.txt",
                "fastqscreen/Sample23_03_screen.html",
                "fastqscreen/Sample23_03_screen.png",
                "fastqscreen/Sample23_03_screen.txt",
                "fastqscreen/SampleA_02_screen.html",
                "fastqscreen/SampleA_02_screen.png",
                "fastqscreen/SampleA_02_screen.txt",
                "fastqscreen/Undetermined_05_screen.html",
                "fastqscreen/Undetermined_05_screen.png",
                "fastqscreen/Undetermined_05_screen.txt",
                "fastqscreen/sampletest_04_screen.html",
                "fastqscreen/sampletest_04_screen.png",
                "fastqscreen/sampletest_04_screen.txt",
                "multiqc",
                "multiqc/global_report",
                "multiqc/global_report/multiqc_data",
                "multiqc/global_report/multiqc_data/fastq_screen_plot.txt",
                "multiqc/global_report/multiqc_data/fastqc-status-check-heatmap.txt",
                "multiqc/global_report/multiqc_data/fastqc_overrepresented_sequences_plot.txt",
                "multiqc/global_report/multiqc_data/fastqc_per_base_n_content_plot.txt",
                "multiqc/global_report/multiqc_data/fastqc_per_base_sequence_quality_plot.txt",
                "multiqc/global_report/multiqc_data/fastqc_per_sequence_gc_content_plot_Counts.txt",
                "multiqc/global_report/multiqc_data/fastqc_per_sequence_gc_content_plot_Percentages.txt",
                "multiqc/global_report/multiqc_data/fastqc_per_sequence_quality_scores_plot.txt",
                "multiqc/global_report/multiqc_data/fastqc_sequence_counts_plot.txt",
                "multiqc/global_report/multiqc_data/fastqc_sequence_duplication_levels_plot.txt",
                "multiqc/global_report/multiqc_data/fastqc_sequence_length_distribution_plot.txt",
                "multiqc/global_report/multiqc_data/fastqc_top_overrepresented_sequences_table.txt",
                "multiqc/global_report/multiqc_data/llms-full.txt",
                "multiqc/global_report/multiqc_data/multiqc.log",
                "multiqc/global_report/multiqc_data/multiqc.parquet",
                "multiqc/global_report/multiqc_data/multiqc_citations.txt",
                "multiqc/global_report/multiqc_data/multiqc_data.json",
                "multiqc/global_report/multiqc_data/multiqc_fastq_screen.txt",
                "multiqc/global_report/multiqc_data/multiqc_fastqc.txt",
                "multiqc/global_report/multiqc_data/multiqc_general_stats.txt",
                "multiqc/global_report/multiqc_data/multiqc_mqc_seq_metadata.txt",
                "multiqc/global_report/multiqc_data/multiqc_picard_AlignmentSummaryMetrics.txt",
                "multiqc/global_report/multiqc_data/multiqc_picard_baseContent.txt",
                "multiqc/global_report/multiqc_data/multiqc_picard_quality_by_cycle.txt",
                "multiqc/global_report/multiqc_data/multiqc_picard_quality_score_distribution.txt",
                "multiqc/global_report/multiqc_data/multiqc_seqfu_mqc.txt",
                "multiqc/global_report/multiqc_data/multiqc_software_versions.txt",
                "multiqc/global_report/multiqc_data/multiqc_sources.txt",
                "multiqc/global_report/multiqc_data/picard_MarkIlluminaAdapters_histogram.txt",
                "multiqc/global_report/multiqc_data/picard_MeanQualityByCycle_histogram.txt",
                "multiqc/global_report/multiqc_data/picard_MeanQualityByCycle_histogram_1.txt",
                "multiqc/global_report/multiqc_data/picard_QualityScoreDistribution_histogram.txt",
                "multiqc/global_report/multiqc_data/picard_alignment_readlength_plot.txt",
                "multiqc/global_report/multiqc_data/picard_alignment_summary.txt",
                "multiqc/global_report/multiqc_data/picard_base_distribution_by_cycle__Adenine.txt",
                "multiqc/global_report/multiqc_data/picard_base_distribution_by_cycle__Cytosine.txt",
                "multiqc/global_report/multiqc_data/picard_base_distribution_by_cycle__Guanine.txt",
                "multiqc/global_report/multiqc_data/picard_base_distribution_by_cycle__Thymine.txt",
                "multiqc/global_report/multiqc_data/picard_base_distribution_by_cycle__Undetermined.txt",
                "multiqc/global_report/multiqc_data/picard_quality_by_cycle.txt",
                "multiqc/global_report/multiqc_data/picard_quality_score_distribution.txt",
                "multiqc/global_report/multiqc_plots",
                "multiqc/global_report/multiqc_plots/pdf",
                "multiqc/global_report/multiqc_plots/pdf/fastq_screen_plot-cnt.pdf",
                "multiqc/global_report/multiqc_plots/pdf/fastq_screen_plot-pct.pdf",
                "multiqc/global_report/multiqc_plots/pdf/fastqc_overrepresented_sequences_plot.pdf",
                "multiqc/global_report/multiqc_plots/pdf/fastqc_per_base_n_content_plot.pdf",
                "multiqc/global_report/multiqc_plots/pdf/fastqc_per_base_sequence_quality_plot.pdf",
                "multiqc/global_report/multiqc_plots/pdf/fastqc_per_sequence_gc_content_plot_Counts.pdf",
                "multiqc/global_report/multiqc_plots/pdf/fastqc_per_sequence_gc_content_plot_Percentages.pdf",
                "multiqc/global_report/multiqc_plots/pdf/fastqc_per_sequence_quality_scores_plot.pdf",
                "multiqc/global_report/multiqc_plots/pdf/fastqc_sequence_counts_plot-cnt.pdf",
                "multiqc/global_report/multiqc_plots/pdf/fastqc_sequence_counts_plot-pct.pdf",
                "multiqc/global_report/multiqc_plots/pdf/fastqc_sequence_duplication_levels_plot.pdf",
                "multiqc/global_report/multiqc_plots/pdf/fastqc_sequence_length_distribution_plot.pdf",
                "multiqc/global_report/multiqc_plots/pdf/fastqc_top_overrepresented_sequences_table.pdf",
                "multiqc/global_report/multiqc_plots/pdf/mqc_seq_metadata.pdf",
                "multiqc/global_report/multiqc_plots/pdf/picard_alignment_readlength_plot.pdf",
                "multiqc/global_report/multiqc_plots/pdf/picard_alignment_summary-cnt.pdf",
                "multiqc/global_report/multiqc_plots/pdf/picard_alignment_summary-pct.pdf",
                "multiqc/global_report/multiqc_plots/pdf/picard_base_distribution_by_cycle__Adenine.pdf",
                "multiqc/global_report/multiqc_plots/pdf/picard_base_distribution_by_cycle__Cytosine.pdf",
                "multiqc/global_report/multiqc_plots/pdf/picard_base_distribution_by_cycle__Guanine.pdf",
                "multiqc/global_report/multiqc_plots/pdf/picard_base_distribution_by_cycle__Thymine.pdf",
                "multiqc/global_report/multiqc_plots/pdf/picard_base_distribution_by_cycle__Undetermined.pdf",
                "multiqc/global_report/multiqc_plots/pdf/picard_quality_by_cycle.pdf",
                "multiqc/global_report/multiqc_plots/pdf/picard_quality_score_distribution.pdf",
                "multiqc/global_report/multiqc_plots/pdf/seqfu_mqc.pdf",
                "multiqc/global_report/multiqc_plots/png",
                "multiqc/global_report/multiqc_plots/png/fastq_screen_plot-cnt.png",
                "multiqc/global_report/multiqc_plots/png/fastq_screen_plot-pct.png",
                "multiqc/global_report/multiqc_plots/png/fastqc_overrepresented_sequences_plot.png",
                "multiqc/global_report/multiqc_plots/png/fastqc_per_base_n_content_plot.png",
                "multiqc/global_report/multiqc_plots/png/fastqc_per_base_sequence_quality_plot.png",
                "multiqc/global_report/multiqc_plots/png/fastqc_per_sequence_gc_content_plot_Counts.png",
                "multiqc/global_report/multiqc_plots/png/fastqc_per_sequence_gc_content_plot_Percentages.png",
                "multiqc/global_report/multiqc_plots/png/fastqc_per_sequence_quality_scores_plot.png",
                "multiqc/global_report/multiqc_plots/png/fastqc_sequence_counts_plot-cnt.png",
                "multiqc/global_report/multiqc_plots/png/fastqc_sequence_counts_plot-pct.png",
                "multiqc/global_report/multiqc_plots/png/fastqc_sequence_duplication_levels_plot.png",
                "multiqc/global_report/multiqc_plots/png/fastqc_sequence_length_distribution_plot.png",
                "multiqc/global_report/multiqc_plots/png/fastqc_top_overrepresented_sequences_table.png",
                "multiqc/global_report/multiqc_plots/png/mqc_seq_metadata.png",
                "multiqc/global_report/multiqc_plots/png/picard_alignment_readlength_plot.png",
                "multiqc/global_report/multiqc_plots/png/picard_alignment_summary-cnt.png",
                "multiqc/global_report/multiqc_plots/png/picard_alignment_summary-pct.png",
                "multiqc/global_report/multiqc_plots/png/picard_base_distribution_by_cycle__Adenine.png",
                "multiqc/global_report/multiqc_plots/png/picard_base_distribution_by_cycle__Cytosine.png",
                "multiqc/global_report/multiqc_plots/png/picard_base_distribution_by_cycle__Guanine.png",
                "multiqc/global_report/multiqc_plots/png/picard_base_distribution_by_cycle__Thymine.png",
                "multiqc/global_report/multiqc_plots/png/picard_base_distribution_by_cycle__Undetermined.png",
                "multiqc/global_report/multiqc_plots/png/picard_quality_by_cycle.png",
                "multiqc/global_report/multiqc_plots/png/picard_quality_score_distribution.png",
                "multiqc/global_report/multiqc_plots/png/seqfu_mqc.png",
                "multiqc/global_report/multiqc_plots/svg",
                "multiqc/global_report/multiqc_plots/svg/fastq_screen_plot-cnt.svg",
                "multiqc/global_report/multiqc_plots/svg/fastq_screen_plot-pct.svg",
                "multiqc/global_report/multiqc_plots/svg/fastqc_overrepresented_sequences_plot.svg",
                "multiqc/global_report/multiqc_plots/svg/fastqc_per_base_n_content_plot.svg",
                "multiqc/global_report/multiqc_plots/svg/fastqc_per_base_sequence_quality_plot.svg",
                "multiqc/global_report/multiqc_plots/svg/fastqc_per_sequence_gc_content_plot_Counts.svg",
                "multiqc/global_report/multiqc_plots/svg/fastqc_per_sequence_gc_content_plot_Percentages.svg",
                "multiqc/global_report/multiqc_plots/svg/fastqc_per_sequence_quality_scores_plot.svg",
                "multiqc/global_report/multiqc_plots/svg/fastqc_sequence_counts_plot-cnt.svg",
                "multiqc/global_report/multiqc_plots/svg/fastqc_sequence_counts_plot-pct.svg",
                "multiqc/global_report/multiqc_plots/svg/fastqc_sequence_duplication_levels_plot.svg",
                "multiqc/global_report/multiqc_plots/svg/fastqc_sequence_length_distribution_plot.svg",
                "multiqc/global_report/multiqc_plots/svg/fastqc_top_overrepresented_sequences_table.svg",
                "multiqc/global_report/multiqc_plots/svg/mqc_seq_metadata.svg",
                "multiqc/global_report/multiqc_plots/svg/picard_alignment_readlength_plot.svg",
                "multiqc/global_report/multiqc_plots/svg/picard_alignment_summary-cnt.svg",
                "multiqc/global_report/multiqc_plots/svg/picard_alignment_summary-pct.svg",
                "multiqc/global_report/multiqc_plots/svg/picard_base_distribution_by_cycle__Adenine.svg",
                "multiqc/global_report/multiqc_plots/svg/picard_base_distribution_by_cycle__Cytosine.svg",
                "multiqc/global_report/multiqc_plots/svg/picard_base_distribution_by_cycle__Guanine.svg",
                "multiqc/global_report/multiqc_plots/svg/picard_base_distribution_by_cycle__Thymine.svg",
                "multiqc/global_report/multiqc_plots/svg/picard_base_distribution_by_cycle__Undetermined.svg",
                "multiqc/global_report/multiqc_plots/svg/picard_quality_by_cycle.svg",
                "multiqc/global_report/multiqc_plots/svg/picard_quality_score_distribution.svg",
                "multiqc/global_report/multiqc_plots/svg/seqfu_mqc.svg",
                "multiqc/global_report/multiqc_report.html",
                "multiqc/group_reports",
                "multiqc/group_reports/group1",
                "multiqc/group_reports/group1/multiqc_data",
                "multiqc/group_reports/group1/multiqc_data/fastq_screen_plot.txt",
                "multiqc/group_reports/group1/multiqc_data/fastqc-status-check-heatmap.txt",
                "multiqc/group_reports/group1/multiqc_data/fastqc_overrepresented_sequences_plot.txt",
                "multiqc/group_reports/group1/multiqc_data/fastqc_per_base_n_content_plot.txt",
                "multiqc/group_reports/group1/multiqc_data/fastqc_per_base_sequence_quality_plot.txt",
                "multiqc/group_reports/group1/multiqc_data/fastqc_per_sequence_gc_content_plot_Counts.txt",
                "multiqc/group_reports/group1/multiqc_data/fastqc_per_sequence_gc_content_plot_Percentages.txt",
                "multiqc/group_reports/group1/multiqc_data/fastqc_per_sequence_quality_scores_plot.txt",
                "multiqc/group_reports/group1/multiqc_data/fastqc_sequence_counts_plot.txt",
                "multiqc/group_reports/group1/multiqc_data/fastqc_sequence_duplication_levels_plot.txt",
                "multiqc/group_reports/group1/multiqc_data/fastqc_sequence_length_distribution_plot.txt",
                "multiqc/group_reports/group1/multiqc_data/fastqc_top_overrepresented_sequences_table.txt",
                "multiqc/group_reports/group1/multiqc_data/llms-full.txt",
                "multiqc/group_reports/group1/multiqc_data/multiqc.log",
                "multiqc/group_reports/group1/multiqc_data/multiqc.parquet",
                "multiqc/group_reports/group1/multiqc_data/multiqc_citations.txt",
                "multiqc/group_reports/group1/multiqc_data/multiqc_data.json",
                "multiqc/group_reports/group1/multiqc_data/multiqc_fastq_screen.txt",
                "multiqc/group_reports/group1/multiqc_data/multiqc_fastqc.txt",
                "multiqc/group_reports/group1/multiqc_data/multiqc_general_stats.txt",
                "multiqc/group_reports/group1/multiqc_data/multiqc_mqc_seq_metadata.txt",
                "multiqc/group_reports/group1/multiqc_data/multiqc_picard_AlignmentSummaryMetrics.txt",
                "multiqc/group_reports/group1/multiqc_data/multiqc_picard_baseContent.txt",
                "multiqc/group_reports/group1/multiqc_data/multiqc_picard_quality_by_cycle.txt",
                "multiqc/group_reports/group1/multiqc_data/multiqc_picard_quality_score_distribution.txt",
                "multiqc/group_reports/group1/multiqc_data/multiqc_seqfu_mqc.txt",
                "multiqc/group_reports/group1/multiqc_data/multiqc_software_versions.txt",
                "multiqc/group_reports/group1/multiqc_data/multiqc_sources.txt",
                "multiqc/group_reports/group1/multiqc_data/picard_MarkIlluminaAdapters_histogram.txt",
                "multiqc/group_reports/group1/multiqc_data/picard_MeanQualityByCycle_histogram.txt",
                "multiqc/group_reports/group1/multiqc_data/picard_MeanQualityByCycle_histogram_1.txt",
                "multiqc/group_reports/group1/multiqc_data/picard_QualityScoreDistribution_histogram.txt",
                "multiqc/group_reports/group1/multiqc_data/picard_alignment_readlength_plot.txt",
                "multiqc/group_reports/group1/multiqc_data/picard_alignment_summary.txt",
                "multiqc/group_reports/group1/multiqc_data/picard_base_distribution_by_cycle__Adenine.txt",
                "multiqc/group_reports/group1/multiqc_data/picard_base_distribution_by_cycle__Cytosine.txt",
                "multiqc/group_reports/group1/multiqc_data/picard_base_distribution_by_cycle__Guanine.txt",
                "multiqc/group_reports/group1/multiqc_data/picard_base_distribution_by_cycle__Thymine.txt",
                "multiqc/group_reports/group1/multiqc_data/picard_base_distribution_by_cycle__Undetermined.txt",
                "multiqc/group_reports/group1/multiqc_data/picard_quality_by_cycle.txt",
                "multiqc/group_reports/group1/multiqc_data/picard_quality_score_distribution.txt",
                "multiqc/group_reports/group1/multiqc_plots",
                "multiqc/group_reports/group1/multiqc_plots/pdf",
                "multiqc/group_reports/group1/multiqc_plots/pdf/fastq_screen_plot-cnt.pdf",
                "multiqc/group_reports/group1/multiqc_plots/pdf/fastq_screen_plot-pct.pdf",
                "multiqc/group_reports/group1/multiqc_plots/pdf/fastqc_overrepresented_sequences_plot.pdf",
                "multiqc/group_reports/group1/multiqc_plots/pdf/fastqc_per_base_n_content_plot.pdf",
                "multiqc/group_reports/group1/multiqc_plots/pdf/fastqc_per_base_sequence_quality_plot.pdf",
                "multiqc/group_reports/group1/multiqc_plots/pdf/fastqc_per_sequence_gc_content_plot_Counts.pdf",
                "multiqc/group_reports/group1/multiqc_plots/pdf/fastqc_per_sequence_gc_content_plot_Percentages.pdf",
                "multiqc/group_reports/group1/multiqc_plots/pdf/fastqc_per_sequence_quality_scores_plot.pdf",
                "multiqc/group_reports/group1/multiqc_plots/pdf/fastqc_sequence_counts_plot-cnt.pdf",
                "multiqc/group_reports/group1/multiqc_plots/pdf/fastqc_sequence_counts_plot-pct.pdf",
                "multiqc/group_reports/group1/multiqc_plots/pdf/fastqc_sequence_duplication_levels_plot.pdf",
                "multiqc/group_reports/group1/multiqc_plots/pdf/fastqc_sequence_length_distribution_plot.pdf",
                "multiqc/group_reports/group1/multiqc_plots/pdf/fastqc_top_overrepresented_sequences_table.pdf",
                "multiqc/group_reports/group1/multiqc_plots/pdf/mqc_seq_metadata.pdf",
                "multiqc/group_reports/group1/multiqc_plots/pdf/picard_alignment_readlength_plot.pdf",
                "multiqc/group_reports/group1/multiqc_plots/pdf/picard_alignment_summary-cnt.pdf",
                "multiqc/group_reports/group1/multiqc_plots/pdf/picard_alignment_summary-pct.pdf",
                "multiqc/group_reports/group1/multiqc_plots/pdf/picard_base_distribution_by_cycle__Adenine.pdf",
                "multiqc/group_reports/group1/multiqc_plots/pdf/picard_base_distribution_by_cycle__Cytosine.pdf",
                "multiqc/group_reports/group1/multiqc_plots/pdf/picard_base_distribution_by_cycle__Guanine.pdf",
                "multiqc/group_reports/group1/multiqc_plots/pdf/picard_base_distribution_by_cycle__Thymine.pdf",
                "multiqc/group_reports/group1/multiqc_plots/pdf/picard_base_distribution_by_cycle__Undetermined.pdf",
                "multiqc/group_reports/group1/multiqc_plots/pdf/picard_quality_by_cycle.pdf",
                "multiqc/group_reports/group1/multiqc_plots/pdf/picard_quality_score_distribution.pdf",
                "multiqc/group_reports/group1/multiqc_plots/pdf/seqfu_mqc.pdf",
                "multiqc/group_reports/group1/multiqc_plots/png",
                "multiqc/group_reports/group1/multiqc_plots/png/fastq_screen_plot-cnt.png",
                "multiqc/group_reports/group1/multiqc_plots/png/fastq_screen_plot-pct.png",
                "multiqc/group_reports/group1/multiqc_plots/png/fastqc_overrepresented_sequences_plot.png",
                "multiqc/group_reports/group1/multiqc_plots/png/fastqc_per_base_n_content_plot.png",
                "multiqc/group_reports/group1/multiqc_plots/png/fastqc_per_base_sequence_quality_plot.png",
                "multiqc/group_reports/group1/multiqc_plots/png/fastqc_per_sequence_gc_content_plot_Counts.png",
                "multiqc/group_reports/group1/multiqc_plots/png/fastqc_per_sequence_gc_content_plot_Percentages.png",
                "multiqc/group_reports/group1/multiqc_plots/png/fastqc_per_sequence_quality_scores_plot.png",
                "multiqc/group_reports/group1/multiqc_plots/png/fastqc_sequence_counts_plot-cnt.png",
                "multiqc/group_reports/group1/multiqc_plots/png/fastqc_sequence_counts_plot-pct.png",
                "multiqc/group_reports/group1/multiqc_plots/png/fastqc_sequence_duplication_levels_plot.png",
                "multiqc/group_reports/group1/multiqc_plots/png/fastqc_sequence_length_distribution_plot.png",
                "multiqc/group_reports/group1/multiqc_plots/png/fastqc_top_overrepresented_sequences_table.png",
                "multiqc/group_reports/group1/multiqc_plots/png/mqc_seq_metadata.png",
                "multiqc/group_reports/group1/multiqc_plots/png/picard_alignment_readlength_plot.png",
                "multiqc/group_reports/group1/multiqc_plots/png/picard_alignment_summary-cnt.png",
                "multiqc/group_reports/group1/multiqc_plots/png/picard_alignment_summary-pct.png",
                "multiqc/group_reports/group1/multiqc_plots/png/picard_base_distribution_by_cycle__Adenine.png",
                "multiqc/group_reports/group1/multiqc_plots/png/picard_base_distribution_by_cycle__Cytosine.png",
                "multiqc/group_reports/group1/multiqc_plots/png/picard_base_distribution_by_cycle__Guanine.png",
                "multiqc/group_reports/group1/multiqc_plots/png/picard_base_distribution_by_cycle__Thymine.png",
                "multiqc/group_reports/group1/multiqc_plots/png/picard_base_distribution_by_cycle__Undetermined.png",
                "multiqc/group_reports/group1/multiqc_plots/png/picard_quality_by_cycle.png",
                "multiqc/group_reports/group1/multiqc_plots/png/picard_quality_score_distribution.png",
                "multiqc/group_reports/group1/multiqc_plots/png/seqfu_mqc.png",
                "multiqc/group_reports/group1/multiqc_plots/svg",
                "multiqc/group_reports/group1/multiqc_plots/svg/fastq_screen_plot-cnt.svg",
                "multiqc/group_reports/group1/multiqc_plots/svg/fastq_screen_plot-pct.svg",
                "multiqc/group_reports/group1/multiqc_plots/svg/fastqc_overrepresented_sequences_plot.svg",
                "multiqc/group_reports/group1/multiqc_plots/svg/fastqc_per_base_n_content_plot.svg",
                "multiqc/group_reports/group1/multiqc_plots/svg/fastqc_per_base_sequence_quality_plot.svg",
                "multiqc/group_reports/group1/multiqc_plots/svg/fastqc_per_sequence_gc_content_plot_Counts.svg",
                "multiqc/group_reports/group1/multiqc_plots/svg/fastqc_per_sequence_gc_content_plot_Percentages.svg",
                "multiqc/group_reports/group1/multiqc_plots/svg/fastqc_per_sequence_quality_scores_plot.svg",
                "multiqc/group_reports/group1/multiqc_plots/svg/fastqc_sequence_counts_plot-cnt.svg",
                "multiqc/group_reports/group1/multiqc_plots/svg/fastqc_sequence_counts_plot-pct.svg",
                "multiqc/group_reports/group1/multiqc_plots/svg/fastqc_sequence_duplication_levels_plot.svg",
                "multiqc/group_reports/group1/multiqc_plots/svg/fastqc_sequence_length_distribution_plot.svg",
                "multiqc/group_reports/group1/multiqc_plots/svg/fastqc_top_overrepresented_sequences_table.svg",
                "multiqc/group_reports/group1/multiqc_plots/svg/mqc_seq_metadata.svg",
                "multiqc/group_reports/group1/multiqc_plots/svg/picard_alignment_readlength_plot.svg",
                "multiqc/group_reports/group1/multiqc_plots/svg/picard_alignment_summary-cnt.svg",
                "multiqc/group_reports/group1/multiqc_plots/svg/picard_alignment_summary-pct.svg",
                "multiqc/group_reports/group1/multiqc_plots/svg/picard_base_distribution_by_cycle__Adenine.svg",
                "multiqc/group_reports/group1/multiqc_plots/svg/picard_base_distribution_by_cycle__Cytosine.svg",
                "multiqc/group_reports/group1/multiqc_plots/svg/picard_base_distribution_by_cycle__Guanine.svg",
                "multiqc/group_reports/group1/multiqc_plots/svg/picard_base_distribution_by_cycle__Thymine.svg",
                "multiqc/group_reports/group1/multiqc_plots/svg/picard_base_distribution_by_cycle__Undetermined.svg",
                "multiqc/group_reports/group1/multiqc_plots/svg/picard_quality_by_cycle.svg",
                "multiqc/group_reports/group1/multiqc_plots/svg/picard_quality_score_distribution.svg",
                "multiqc/group_reports/group1/multiqc_plots/svg/seqfu_mqc.svg",
                "multiqc/group_reports/group1/multiqc_report.html",
                "multiqc/group_reports/group2",
                "multiqc/group_reports/group2/multiqc_data",
                "multiqc/group_reports/group2/multiqc_data/fastq_screen_plot.txt",
                "multiqc/group_reports/group2/multiqc_data/fastqc-status-check-heatmap.txt",
                "multiqc/group_reports/group2/multiqc_data/fastqc_overrepresented_sequences_plot.txt",
                "multiqc/group_reports/group2/multiqc_data/fastqc_per_base_n_content_plot.txt",
                "multiqc/group_reports/group2/multiqc_data/fastqc_per_base_sequence_quality_plot.txt",
                "multiqc/group_reports/group2/multiqc_data/fastqc_per_sequence_gc_content_plot_Counts.txt",
                "multiqc/group_reports/group2/multiqc_data/fastqc_per_sequence_gc_content_plot_Percentages.txt",
                "multiqc/group_reports/group2/multiqc_data/fastqc_per_sequence_quality_scores_plot.txt",
                "multiqc/group_reports/group2/multiqc_data/fastqc_sequence_counts_plot.txt",
                "multiqc/group_reports/group2/multiqc_data/fastqc_sequence_duplication_levels_plot.txt",
                "multiqc/group_reports/group2/multiqc_data/fastqc_sequence_length_distribution_plot.txt",
                "multiqc/group_reports/group2/multiqc_data/fastqc_top_overrepresented_sequences_table.txt",
                "multiqc/group_reports/group2/multiqc_data/llms-full.txt",
                "multiqc/group_reports/group2/multiqc_data/multiqc.log",
                "multiqc/group_reports/group2/multiqc_data/multiqc.parquet",
                "multiqc/group_reports/group2/multiqc_data/multiqc_citations.txt",
                "multiqc/group_reports/group2/multiqc_data/multiqc_data.json",
                "multiqc/group_reports/group2/multiqc_data/multiqc_fastq_screen.txt",
                "multiqc/group_reports/group2/multiqc_data/multiqc_fastqc.txt",
                "multiqc/group_reports/group2/multiqc_data/multiqc_general_stats.txt",
                "multiqc/group_reports/group2/multiqc_data/multiqc_mqc_seq_metadata.txt",
                "multiqc/group_reports/group2/multiqc_data/multiqc_picard_AlignmentSummaryMetrics.txt",
                "multiqc/group_reports/group2/multiqc_data/multiqc_picard_baseContent.txt",
                "multiqc/group_reports/group2/multiqc_data/multiqc_picard_quality_by_cycle.txt",
                "multiqc/group_reports/group2/multiqc_data/multiqc_picard_quality_score_distribution.txt",
                "multiqc/group_reports/group2/multiqc_data/multiqc_seqfu_mqc.txt",
                "multiqc/group_reports/group2/multiqc_data/multiqc_software_versions.txt",
                "multiqc/group_reports/group2/multiqc_data/multiqc_sources.txt",
                "multiqc/group_reports/group2/multiqc_data/picard_MarkIlluminaAdapters_histogram.txt",
                "multiqc/group_reports/group2/multiqc_data/picard_MeanQualityByCycle_histogram.txt",
                "multiqc/group_reports/group2/multiqc_data/picard_MeanQualityByCycle_histogram_1.txt",
                "multiqc/group_reports/group2/multiqc_data/picard_QualityScoreDistribution_histogram.txt",
                "multiqc/group_reports/group2/multiqc_data/picard_alignment_readlength_plot.txt",
                "multiqc/group_reports/group2/multiqc_data/picard_alignment_summary.txt",
                "multiqc/group_reports/group2/multiqc_data/picard_base_distribution_by_cycle__Adenine.txt",
                "multiqc/group_reports/group2/multiqc_data/picard_base_distribution_by_cycle__Cytosine.txt",
                "multiqc/group_reports/group2/multiqc_data/picard_base_distribution_by_cycle__Guanine.txt",
                "multiqc/group_reports/group2/multiqc_data/picard_base_distribution_by_cycle__Thymine.txt",
                "multiqc/group_reports/group2/multiqc_data/picard_base_distribution_by_cycle__Undetermined.txt",
                "multiqc/group_reports/group2/multiqc_data/picard_quality_by_cycle.txt",
                "multiqc/group_reports/group2/multiqc_data/picard_quality_score_distribution.txt",
                "multiqc/group_reports/group2/multiqc_plots",
                "multiqc/group_reports/group2/multiqc_plots/pdf",
                "multiqc/group_reports/group2/multiqc_plots/pdf/fastq_screen_plot-cnt.pdf",
                "multiqc/group_reports/group2/multiqc_plots/pdf/fastq_screen_plot-pct.pdf",
                "multiqc/group_reports/group2/multiqc_plots/pdf/fastqc_overrepresented_sequences_plot.pdf",
                "multiqc/group_reports/group2/multiqc_plots/pdf/fastqc_per_base_n_content_plot.pdf",
                "multiqc/group_reports/group2/multiqc_plots/pdf/fastqc_per_base_sequence_quality_plot.pdf",
                "multiqc/group_reports/group2/multiqc_plots/pdf/fastqc_per_sequence_gc_content_plot_Counts.pdf",
                "multiqc/group_reports/group2/multiqc_plots/pdf/fastqc_per_sequence_gc_content_plot_Percentages.pdf",
                "multiqc/group_reports/group2/multiqc_plots/pdf/fastqc_per_sequence_quality_scores_plot.pdf",
                "multiqc/group_reports/group2/multiqc_plots/pdf/fastqc_sequence_counts_plot-cnt.pdf",
                "multiqc/group_reports/group2/multiqc_plots/pdf/fastqc_sequence_counts_plot-pct.pdf",
                "multiqc/group_reports/group2/multiqc_plots/pdf/fastqc_sequence_duplication_levels_plot.pdf",
                "multiqc/group_reports/group2/multiqc_plots/pdf/fastqc_sequence_length_distribution_plot.pdf",
                "multiqc/group_reports/group2/multiqc_plots/pdf/fastqc_top_overrepresented_sequences_table.pdf",
                "multiqc/group_reports/group2/multiqc_plots/pdf/mqc_seq_metadata.pdf",
                "multiqc/group_reports/group2/multiqc_plots/pdf/picard_alignment_readlength_plot.pdf",
                "multiqc/group_reports/group2/multiqc_plots/pdf/picard_alignment_summary-cnt.pdf",
                "multiqc/group_reports/group2/multiqc_plots/pdf/picard_alignment_summary-pct.pdf",
                "multiqc/group_reports/group2/multiqc_plots/pdf/picard_base_distribution_by_cycle__Adenine.pdf",
                "multiqc/group_reports/group2/multiqc_plots/pdf/picard_base_distribution_by_cycle__Cytosine.pdf",
                "multiqc/group_reports/group2/multiqc_plots/pdf/picard_base_distribution_by_cycle__Guanine.pdf",
                "multiqc/group_reports/group2/multiqc_plots/pdf/picard_base_distribution_by_cycle__Thymine.pdf",
                "multiqc/group_reports/group2/multiqc_plots/pdf/picard_base_distribution_by_cycle__Undetermined.pdf",
                "multiqc/group_reports/group2/multiqc_plots/pdf/picard_quality_by_cycle.pdf",
                "multiqc/group_reports/group2/multiqc_plots/pdf/picard_quality_score_distribution.pdf",
                "multiqc/group_reports/group2/multiqc_plots/pdf/seqfu_mqc.pdf",
                "multiqc/group_reports/group2/multiqc_plots/png",
                "multiqc/group_reports/group2/multiqc_plots/png/fastq_screen_plot-cnt.png",
                "multiqc/group_reports/group2/multiqc_plots/png/fastq_screen_plot-pct.png",
                "multiqc/group_reports/group2/multiqc_plots/png/fastqc_overrepresented_sequences_plot.png",
                "multiqc/group_reports/group2/multiqc_plots/png/fastqc_per_base_n_content_plot.png",
                "multiqc/group_reports/group2/multiqc_plots/png/fastqc_per_base_sequence_quality_plot.png",
                "multiqc/group_reports/group2/multiqc_plots/png/fastqc_per_sequence_gc_content_plot_Counts.png",
                "multiqc/group_reports/group2/multiqc_plots/png/fastqc_per_sequence_gc_content_plot_Percentages.png",
                "multiqc/group_reports/group2/multiqc_plots/png/fastqc_per_sequence_quality_scores_plot.png",
                "multiqc/group_reports/group2/multiqc_plots/png/fastqc_sequence_counts_plot-cnt.png",
                "multiqc/group_reports/group2/multiqc_plots/png/fastqc_sequence_counts_plot-pct.png",
                "multiqc/group_reports/group2/multiqc_plots/png/fastqc_sequence_duplication_levels_plot.png",
                "multiqc/group_reports/group2/multiqc_plots/png/fastqc_sequence_length_distribution_plot.png",
                "multiqc/group_reports/group2/multiqc_plots/png/fastqc_top_overrepresented_sequences_table.png",
                "multiqc/group_reports/group2/multiqc_plots/png/mqc_seq_metadata.png",
                "multiqc/group_reports/group2/multiqc_plots/png/picard_alignment_readlength_plot.png",
                "multiqc/group_reports/group2/multiqc_plots/png/picard_alignment_summary-cnt.png",
                "multiqc/group_reports/group2/multiqc_plots/png/picard_alignment_summary-pct.png",
                "multiqc/group_reports/group2/multiqc_plots/png/picard_base_distribution_by_cycle__Adenine.png",
                "multiqc/group_reports/group2/multiqc_plots/png/picard_base_distribution_by_cycle__Cytosine.png",
                "multiqc/group_reports/group2/multiqc_plots/png/picard_base_distribution_by_cycle__Guanine.png",
                "multiqc/group_reports/group2/multiqc_plots/png/picard_base_distribution_by_cycle__Thymine.png",
                "multiqc/group_reports/group2/multiqc_plots/png/picard_base_distribution_by_cycle__Undetermined.png",
                "multiqc/group_reports/group2/multiqc_plots/png/picard_quality_by_cycle.png",
                "multiqc/group_reports/group2/multiqc_plots/png/picard_quality_score_distribution.png",
                "multiqc/group_reports/group2/multiqc_plots/png/seqfu_mqc.png",
                "multiqc/group_reports/group2/multiqc_plots/svg",
                "multiqc/group_reports/group2/multiqc_plots/svg/fastq_screen_plot-cnt.svg",
                "multiqc/group_reports/group2/multiqc_plots/svg/fastq_screen_plot-pct.svg",
                "multiqc/group_reports/group2/multiqc_plots/svg/fastqc_overrepresented_sequences_plot.svg",
                "multiqc/group_reports/group2/multiqc_plots/svg/fastqc_per_base_n_content_plot.svg",
                "multiqc/group_reports/group2/multiqc_plots/svg/fastqc_per_base_sequence_quality_plot.svg",
                "multiqc/group_reports/group2/multiqc_plots/svg/fastqc_per_sequence_gc_content_plot_Counts.svg",
                "multiqc/group_reports/group2/multiqc_plots/svg/fastqc_per_sequence_gc_content_plot_Percentages.svg",
                "multiqc/group_reports/group2/multiqc_plots/svg/fastqc_per_sequence_quality_scores_plot.svg",
                "multiqc/group_reports/group2/multiqc_plots/svg/fastqc_sequence_counts_plot-cnt.svg",
                "multiqc/group_reports/group2/multiqc_plots/svg/fastqc_sequence_counts_plot-pct.svg",
                "multiqc/group_reports/group2/multiqc_plots/svg/fastqc_sequence_duplication_levels_plot.svg",
                "multiqc/group_reports/group2/multiqc_plots/svg/fastqc_sequence_length_distribution_plot.svg",
                "multiqc/group_reports/group2/multiqc_plots/svg/fastqc_top_overrepresented_sequences_table.svg",
                "multiqc/group_reports/group2/multiqc_plots/svg/mqc_seq_metadata.svg",
                "multiqc/group_reports/group2/multiqc_plots/svg/picard_alignment_readlength_plot.svg",
                "multiqc/group_reports/group2/multiqc_plots/svg/picard_alignment_summary-cnt.svg",
                "multiqc/group_reports/group2/multiqc_plots/svg/picard_alignment_summary-pct.svg",
                "multiqc/group_reports/group2/multiqc_plots/svg/picard_base_distribution_by_cycle__Adenine.svg",
                "multiqc/group_reports/group2/multiqc_plots/svg/picard_base_distribution_by_cycle__Cytosine.svg",
                "multiqc/group_reports/group2/multiqc_plots/svg/picard_base_distribution_by_cycle__Guanine.svg",
                "multiqc/group_reports/group2/multiqc_plots/svg/picard_base_distribution_by_cycle__Thymine.svg",
                "multiqc/group_reports/group2/multiqc_plots/svg/picard_base_distribution_by_cycle__Undetermined.svg",
                "multiqc/group_reports/group2/multiqc_plots/svg/picard_quality_by_cycle.svg",
                "multiqc/group_reports/group2/multiqc_plots/svg/picard_quality_score_distribution.svg",
                "multiqc/group_reports/group2/multiqc_plots/svg/seqfu_mqc.svg",
                "multiqc/group_reports/group2/multiqc_report.html",
                "multiqc/group_reports/lane1",
                "multiqc/group_reports/lane1/multiqc_data",
                "multiqc/group_reports/lane1/multiqc_data/fastq_screen_plot.txt",
                "multiqc/group_reports/lane1/multiqc_data/fastqc-status-check-heatmap.txt",
                "multiqc/group_reports/lane1/multiqc_data/fastqc_overrepresented_sequences_plot.txt",
                "multiqc/group_reports/lane1/multiqc_data/fastqc_per_base_n_content_plot.txt",
                "multiqc/group_reports/lane1/multiqc_data/fastqc_per_base_sequence_quality_plot.txt",
                "multiqc/group_reports/lane1/multiqc_data/fastqc_per_sequence_gc_content_plot_Counts.txt",
                "multiqc/group_reports/lane1/multiqc_data/fastqc_per_sequence_gc_content_plot_Percentages.txt",
                "multiqc/group_reports/lane1/multiqc_data/fastqc_per_sequence_quality_scores_plot.txt",
                "multiqc/group_reports/lane1/multiqc_data/fastqc_sequence_counts_plot.txt",
                "multiqc/group_reports/lane1/multiqc_data/fastqc_sequence_duplication_levels_plot.txt",
                "multiqc/group_reports/lane1/multiqc_data/fastqc_sequence_length_distribution_plot.txt",
                "multiqc/group_reports/lane1/multiqc_data/fastqc_top_overrepresented_sequences_table.txt",
                "multiqc/group_reports/lane1/multiqc_data/llms-full.txt",
                "multiqc/group_reports/lane1/multiqc_data/multiqc.log",
                "multiqc/group_reports/lane1/multiqc_data/multiqc.parquet",
                "multiqc/group_reports/lane1/multiqc_data/multiqc_citations.txt",
                "multiqc/group_reports/lane1/multiqc_data/multiqc_data.json",
                "multiqc/group_reports/lane1/multiqc_data/multiqc_fastq_screen.txt",
                "multiqc/group_reports/lane1/multiqc_data/multiqc_fastqc.txt",
                "multiqc/group_reports/lane1/multiqc_data/multiqc_general_stats.txt",
                "multiqc/group_reports/lane1/multiqc_data/multiqc_mqc_seq_metadata.txt",
                "multiqc/group_reports/lane1/multiqc_data/multiqc_picard_AlignmentSummaryMetrics.txt",
                "multiqc/group_reports/lane1/multiqc_data/multiqc_picard_baseContent.txt",
                "multiqc/group_reports/lane1/multiqc_data/multiqc_picard_quality_by_cycle.txt",
                "multiqc/group_reports/lane1/multiqc_data/multiqc_picard_quality_score_distribution.txt",
                "multiqc/group_reports/lane1/multiqc_data/multiqc_seqfu_mqc.txt",
                "multiqc/group_reports/lane1/multiqc_data/multiqc_software_versions.txt",
                "multiqc/group_reports/lane1/multiqc_data/multiqc_sources.txt",
                "multiqc/group_reports/lane1/multiqc_data/picard_MarkIlluminaAdapters_histogram.txt",
                "multiqc/group_reports/lane1/multiqc_data/picard_MeanQualityByCycle_histogram.txt",
                "multiqc/group_reports/lane1/multiqc_data/picard_MeanQualityByCycle_histogram_1.txt",
                "multiqc/group_reports/lane1/multiqc_data/picard_QualityScoreDistribution_histogram.txt",
                "multiqc/group_reports/lane1/multiqc_data/picard_alignment_readlength_plot.txt",
                "multiqc/group_reports/lane1/multiqc_data/picard_alignment_summary.txt",
                "multiqc/group_reports/lane1/multiqc_data/picard_base_distribution_by_cycle__Adenine.txt",
                "multiqc/group_reports/lane1/multiqc_data/picard_base_distribution_by_cycle__Cytosine.txt",
                "multiqc/group_reports/lane1/multiqc_data/picard_base_distribution_by_cycle__Guanine.txt",
                "multiqc/group_reports/lane1/multiqc_data/picard_base_distribution_by_cycle__Thymine.txt",
                "multiqc/group_reports/lane1/multiqc_data/picard_base_distribution_by_cycle__Undetermined.txt",
                "multiqc/group_reports/lane1/multiqc_data/picard_quality_by_cycle.txt",
                "multiqc/group_reports/lane1/multiqc_data/picard_quality_score_distribution.txt",
                "multiqc/group_reports/lane1/multiqc_plots",
                "multiqc/group_reports/lane1/multiqc_plots/pdf",
                "multiqc/group_reports/lane1/multiqc_plots/pdf/fastq_screen_plot-cnt.pdf",
                "multiqc/group_reports/lane1/multiqc_plots/pdf/fastq_screen_plot-pct.pdf",
                "multiqc/group_reports/lane1/multiqc_plots/pdf/fastqc_overrepresented_sequences_plot.pdf",
                "multiqc/group_reports/lane1/multiqc_plots/pdf/fastqc_per_base_n_content_plot.pdf",
                "multiqc/group_reports/lane1/multiqc_plots/pdf/fastqc_per_base_sequence_quality_plot.pdf",
                "multiqc/group_reports/lane1/multiqc_plots/pdf/fastqc_per_sequence_gc_content_plot_Counts.pdf",
                "multiqc/group_reports/lane1/multiqc_plots/pdf/fastqc_per_sequence_gc_content_plot_Percentages.pdf",
                "multiqc/group_reports/lane1/multiqc_plots/pdf/fastqc_per_sequence_quality_scores_plot.pdf",
                "multiqc/group_reports/lane1/multiqc_plots/pdf/fastqc_sequence_counts_plot-cnt.pdf",
                "multiqc/group_reports/lane1/multiqc_plots/pdf/fastqc_sequence_counts_plot-pct.pdf",
                "multiqc/group_reports/lane1/multiqc_plots/pdf/fastqc_sequence_duplication_levels_plot.pdf",
                "multiqc/group_reports/lane1/multiqc_plots/pdf/fastqc_sequence_length_distribution_plot.pdf",
                "multiqc/group_reports/lane1/multiqc_plots/pdf/fastqc_top_overrepresented_sequences_table.pdf",
                "multiqc/group_reports/lane1/multiqc_plots/pdf/mqc_seq_metadata.pdf",
                "multiqc/group_reports/lane1/multiqc_plots/pdf/picard_alignment_readlength_plot.pdf",
                "multiqc/group_reports/lane1/multiqc_plots/pdf/picard_alignment_summary-cnt.pdf",
                "multiqc/group_reports/lane1/multiqc_plots/pdf/picard_alignment_summary-pct.pdf",
                "multiqc/group_reports/lane1/multiqc_plots/pdf/picard_base_distribution_by_cycle__Adenine.pdf",
                "multiqc/group_reports/lane1/multiqc_plots/pdf/picard_base_distribution_by_cycle__Cytosine.pdf",
                "multiqc/group_reports/lane1/multiqc_plots/pdf/picard_base_distribution_by_cycle__Guanine.pdf",
                "multiqc/group_reports/lane1/multiqc_plots/pdf/picard_base_distribution_by_cycle__Thymine.pdf",
                "multiqc/group_reports/lane1/multiqc_plots/pdf/picard_base_distribution_by_cycle__Undetermined.pdf",
                "multiqc/group_reports/lane1/multiqc_plots/pdf/picard_quality_by_cycle.pdf",
                "multiqc/group_reports/lane1/multiqc_plots/pdf/picard_quality_score_distribution.pdf",
                "multiqc/group_reports/lane1/multiqc_plots/pdf/seqfu_mqc.pdf",
                "multiqc/group_reports/lane1/multiqc_plots/png",
                "multiqc/group_reports/lane1/multiqc_plots/png/fastq_screen_plot-cnt.png",
                "multiqc/group_reports/lane1/multiqc_plots/png/fastq_screen_plot-pct.png",
                "multiqc/group_reports/lane1/multiqc_plots/png/fastqc_overrepresented_sequences_plot.png",
                "multiqc/group_reports/lane1/multiqc_plots/png/fastqc_per_base_n_content_plot.png",
                "multiqc/group_reports/lane1/multiqc_plots/png/fastqc_per_base_sequence_quality_plot.png",
                "multiqc/group_reports/lane1/multiqc_plots/png/fastqc_per_sequence_gc_content_plot_Counts.png",
                "multiqc/group_reports/lane1/multiqc_plots/png/fastqc_per_sequence_gc_content_plot_Percentages.png",
                "multiqc/group_reports/lane1/multiqc_plots/png/fastqc_per_sequence_quality_scores_plot.png",
                "multiqc/group_reports/lane1/multiqc_plots/png/fastqc_sequence_counts_plot-cnt.png",
                "multiqc/group_reports/lane1/multiqc_plots/png/fastqc_sequence_counts_plot-pct.png",
                "multiqc/group_reports/lane1/multiqc_plots/png/fastqc_sequence_duplication_levels_plot.png",
                "multiqc/group_reports/lane1/multiqc_plots/png/fastqc_sequence_length_distribution_plot.png",
                "multiqc/group_reports/lane1/multiqc_plots/png/fastqc_top_overrepresented_sequences_table.png",
                "multiqc/group_reports/lane1/multiqc_plots/png/mqc_seq_metadata.png",
                "multiqc/group_reports/lane1/multiqc_plots/png/picard_alignment_readlength_plot.png",
                "multiqc/group_reports/lane1/multiqc_plots/png/picard_alignment_summary-cnt.png",
                "multiqc/group_reports/lane1/multiqc_plots/png/picard_alignment_summary-pct.png",
                "multiqc/group_reports/lane1/multiqc_plots/png/picard_base_distribution_by_cycle__Adenine.png",
                "multiqc/group_reports/lane1/multiqc_plots/png/picard_base_distribution_by_cycle__Cytosine.png",
                "multiqc/group_reports/lane1/multiqc_plots/png/picard_base_distribution_by_cycle__Guanine.png",
                "multiqc/group_reports/lane1/multiqc_plots/png/picard_base_distribution_by_cycle__Thymine.png",
                "multiqc/group_reports/lane1/multiqc_plots/png/picard_base_distribution_by_cycle__Undetermined.png",
                "multiqc/group_reports/lane1/multiqc_plots/png/picard_quality_by_cycle.png",
                "multiqc/group_reports/lane1/multiqc_plots/png/picard_quality_score_distribution.png",
                "multiqc/group_reports/lane1/multiqc_plots/png/seqfu_mqc.png",
                "multiqc/group_reports/lane1/multiqc_plots/svg",
                "multiqc/group_reports/lane1/multiqc_plots/svg/fastq_screen_plot-cnt.svg",
                "multiqc/group_reports/lane1/multiqc_plots/svg/fastq_screen_plot-pct.svg",
                "multiqc/group_reports/lane1/multiqc_plots/svg/fastqc_overrepresented_sequences_plot.svg",
                "multiqc/group_reports/lane1/multiqc_plots/svg/fastqc_per_base_n_content_plot.svg",
                "multiqc/group_reports/lane1/multiqc_plots/svg/fastqc_per_base_sequence_quality_plot.svg",
                "multiqc/group_reports/lane1/multiqc_plots/svg/fastqc_per_sequence_gc_content_plot_Counts.svg",
                "multiqc/group_reports/lane1/multiqc_plots/svg/fastqc_per_sequence_gc_content_plot_Percentages.svg",
                "multiqc/group_reports/lane1/multiqc_plots/svg/fastqc_per_sequence_quality_scores_plot.svg",
                "multiqc/group_reports/lane1/multiqc_plots/svg/fastqc_sequence_counts_plot-cnt.svg",
                "multiqc/group_reports/lane1/multiqc_plots/svg/fastqc_sequence_counts_plot-pct.svg",
                "multiqc/group_reports/lane1/multiqc_plots/svg/fastqc_sequence_duplication_levels_plot.svg",
                "multiqc/group_reports/lane1/multiqc_plots/svg/fastqc_sequence_length_distribution_plot.svg",
                "multiqc/group_reports/lane1/multiqc_plots/svg/fastqc_top_overrepresented_sequences_table.svg",
                "multiqc/group_reports/lane1/multiqc_plots/svg/mqc_seq_metadata.svg",
                "multiqc/group_reports/lane1/multiqc_plots/svg/picard_alignment_readlength_plot.svg",
                "multiqc/group_reports/lane1/multiqc_plots/svg/picard_alignment_summary-cnt.svg",
                "multiqc/group_reports/lane1/multiqc_plots/svg/picard_alignment_summary-pct.svg",
                "multiqc/group_reports/lane1/multiqc_plots/svg/picard_base_distribution_by_cycle__Adenine.svg",
                "multiqc/group_reports/lane1/multiqc_plots/svg/picard_base_distribution_by_cycle__Cytosine.svg",
                "multiqc/group_reports/lane1/multiqc_plots/svg/picard_base_distribution_by_cycle__Guanine.svg",
                "multiqc/group_reports/lane1/multiqc_plots/svg/picard_base_distribution_by_cycle__Thymine.svg",
                "multiqc/group_reports/lane1/multiqc_plots/svg/picard_base_distribution_by_cycle__Undetermined.svg",
                "multiqc/group_reports/lane1/multiqc_plots/svg/picard_quality_by_cycle.svg",
                "multiqc/group_reports/lane1/multiqc_plots/svg/picard_quality_score_distribution.svg",
                "multiqc/group_reports/lane1/multiqc_plots/svg/seqfu_mqc.svg",
                "multiqc/group_reports/lane1/multiqc_report.html",
                "multiqc/group_reports/test",
                "multiqc/group_reports/test/multiqc_data",
                "multiqc/group_reports/test/multiqc_data/fastq_screen_plot.txt",
                "multiqc/group_reports/test/multiqc_data/fastqc-status-check-heatmap.txt",
                "multiqc/group_reports/test/multiqc_data/fastqc_overrepresented_sequences_plot.txt",
                "multiqc/group_reports/test/multiqc_data/fastqc_per_base_n_content_plot.txt",
                "multiqc/group_reports/test/multiqc_data/fastqc_per_base_sequence_quality_plot.txt",
                "multiqc/group_reports/test/multiqc_data/fastqc_per_sequence_gc_content_plot_Counts.txt",
                "multiqc/group_reports/test/multiqc_data/fastqc_per_sequence_gc_content_plot_Percentages.txt",
                "multiqc/group_reports/test/multiqc_data/fastqc_per_sequence_quality_scores_plot.txt",
                "multiqc/group_reports/test/multiqc_data/fastqc_sequence_counts_plot.txt",
                "multiqc/group_reports/test/multiqc_data/fastqc_sequence_duplication_levels_plot.txt",
                "multiqc/group_reports/test/multiqc_data/fastqc_sequence_length_distribution_plot.txt",
                "multiqc/group_reports/test/multiqc_data/fastqc_top_overrepresented_sequences_table.txt",
                "multiqc/group_reports/test/multiqc_data/llms-full.txt",
                "multiqc/group_reports/test/multiqc_data/multiqc.log",
                "multiqc/group_reports/test/multiqc_data/multiqc.parquet",
                "multiqc/group_reports/test/multiqc_data/multiqc_citations.txt",
                "multiqc/group_reports/test/multiqc_data/multiqc_data.json",
                "multiqc/group_reports/test/multiqc_data/multiqc_fastq_screen.txt",
                "multiqc/group_reports/test/multiqc_data/multiqc_fastqc.txt",
                "multiqc/group_reports/test/multiqc_data/multiqc_general_stats.txt",
                "multiqc/group_reports/test/multiqc_data/multiqc_mqc_seq_metadata.txt",
                "multiqc/group_reports/test/multiqc_data/multiqc_picard_AlignmentSummaryMetrics.txt",
                "multiqc/group_reports/test/multiqc_data/multiqc_picard_baseContent.txt",
                "multiqc/group_reports/test/multiqc_data/multiqc_picard_quality_by_cycle.txt",
                "multiqc/group_reports/test/multiqc_data/multiqc_picard_quality_score_distribution.txt",
                "multiqc/group_reports/test/multiqc_data/multiqc_seqfu_mqc.txt",
                "multiqc/group_reports/test/multiqc_data/multiqc_software_versions.txt",
                "multiqc/group_reports/test/multiqc_data/multiqc_sources.txt",
                "multiqc/group_reports/test/multiqc_data/picard_MarkIlluminaAdapters_histogram.txt",
                "multiqc/group_reports/test/multiqc_data/picard_MeanQualityByCycle_histogram.txt",
                "multiqc/group_reports/test/multiqc_data/picard_MeanQualityByCycle_histogram_1.txt",
                "multiqc/group_reports/test/multiqc_data/picard_QualityScoreDistribution_histogram.txt",
                "multiqc/group_reports/test/multiqc_data/picard_alignment_readlength_plot.txt",
                "multiqc/group_reports/test/multiqc_data/picard_alignment_summary.txt",
                "multiqc/group_reports/test/multiqc_data/picard_base_distribution_by_cycle__Adenine.txt",
                "multiqc/group_reports/test/multiqc_data/picard_base_distribution_by_cycle__Cytosine.txt",
                "multiqc/group_reports/test/multiqc_data/picard_base_distribution_by_cycle__Guanine.txt",
                "multiqc/group_reports/test/multiqc_data/picard_base_distribution_by_cycle__Thymine.txt",
                "multiqc/group_reports/test/multiqc_data/picard_base_distribution_by_cycle__Undetermined.txt",
                "multiqc/group_reports/test/multiqc_data/picard_quality_by_cycle.txt",
                "multiqc/group_reports/test/multiqc_data/picard_quality_score_distribution.txt",
                "multiqc/group_reports/test/multiqc_plots",
                "multiqc/group_reports/test/multiqc_plots/pdf",
                "multiqc/group_reports/test/multiqc_plots/pdf/fastq_screen_plot-cnt.pdf",
                "multiqc/group_reports/test/multiqc_plots/pdf/fastq_screen_plot-pct.pdf",
                "multiqc/group_reports/test/multiqc_plots/pdf/fastqc_overrepresented_sequences_plot.pdf",
                "multiqc/group_reports/test/multiqc_plots/pdf/fastqc_per_base_n_content_plot.pdf",
                "multiqc/group_reports/test/multiqc_plots/pdf/fastqc_per_base_sequence_quality_plot.pdf",
                "multiqc/group_reports/test/multiqc_plots/pdf/fastqc_per_sequence_gc_content_plot_Counts.pdf",
                "multiqc/group_reports/test/multiqc_plots/pdf/fastqc_per_sequence_gc_content_plot_Percentages.pdf",
                "multiqc/group_reports/test/multiqc_plots/pdf/fastqc_per_sequence_quality_scores_plot.pdf",
                "multiqc/group_reports/test/multiqc_plots/pdf/fastqc_sequence_counts_plot-cnt.pdf",
                "multiqc/group_reports/test/multiqc_plots/pdf/fastqc_sequence_counts_plot-pct.pdf",
                "multiqc/group_reports/test/multiqc_plots/pdf/fastqc_sequence_duplication_levels_plot.pdf",
                "multiqc/group_reports/test/multiqc_plots/pdf/fastqc_sequence_length_distribution_plot.pdf",
                "multiqc/group_reports/test/multiqc_plots/pdf/fastqc_top_overrepresented_sequences_table.pdf",
                "multiqc/group_reports/test/multiqc_plots/pdf/mqc_seq_metadata.pdf",
                "multiqc/group_reports/test/multiqc_plots/pdf/picard_alignment_readlength_plot.pdf",
                "multiqc/group_reports/test/multiqc_plots/pdf/picard_alignment_summary-cnt.pdf",
                "multiqc/group_reports/test/multiqc_plots/pdf/picard_alignment_summary-pct.pdf",
                "multiqc/group_reports/test/multiqc_plots/pdf/picard_base_distribution_by_cycle__Adenine.pdf",
                "multiqc/group_reports/test/multiqc_plots/pdf/picard_base_distribution_by_cycle__Cytosine.pdf",
                "multiqc/group_reports/test/multiqc_plots/pdf/picard_base_distribution_by_cycle__Guanine.pdf",
                "multiqc/group_reports/test/multiqc_plots/pdf/picard_base_distribution_by_cycle__Thymine.pdf",
                "multiqc/group_reports/test/multiqc_plots/pdf/picard_base_distribution_by_cycle__Undetermined.pdf",
                "multiqc/group_reports/test/multiqc_plots/pdf/picard_quality_by_cycle.pdf",
                "multiqc/group_reports/test/multiqc_plots/pdf/picard_quality_score_distribution.pdf",
                "multiqc/group_reports/test/multiqc_plots/pdf/seqfu_mqc.pdf",
                "multiqc/group_reports/test/multiqc_plots/png",
                "multiqc/group_reports/test/multiqc_plots/png/fastq_screen_plot-cnt.png",
                "multiqc/group_reports/test/multiqc_plots/png/fastq_screen_plot-pct.png",
                "multiqc/group_reports/test/multiqc_plots/png/fastqc_overrepresented_sequences_plot.png",
                "multiqc/group_reports/test/multiqc_plots/png/fastqc_per_base_n_content_plot.png",
                "multiqc/group_reports/test/multiqc_plots/png/fastqc_per_base_sequence_quality_plot.png",
                "multiqc/group_reports/test/multiqc_plots/png/fastqc_per_sequence_gc_content_plot_Counts.png",
                "multiqc/group_reports/test/multiqc_plots/png/fastqc_per_sequence_gc_content_plot_Percentages.png",
                "multiqc/group_reports/test/multiqc_plots/png/fastqc_per_sequence_quality_scores_plot.png",
                "multiqc/group_reports/test/multiqc_plots/png/fastqc_sequence_counts_plot-cnt.png",
                "multiqc/group_reports/test/multiqc_plots/png/fastqc_sequence_counts_plot-pct.png",
                "multiqc/group_reports/test/multiqc_plots/png/fastqc_sequence_duplication_levels_plot.png",
                "multiqc/group_reports/test/multiqc_plots/png/fastqc_sequence_length_distribution_plot.png",
                "multiqc/group_reports/test/multiqc_plots/png/fastqc_top_overrepresented_sequences_table.png",
                "multiqc/group_reports/test/multiqc_plots/png/mqc_seq_metadata.png",
                "multiqc/group_reports/test/multiqc_plots/png/picard_alignment_readlength_plot.png",
                "multiqc/group_reports/test/multiqc_plots/png/picard_alignment_summary-cnt.png",
                "multiqc/group_reports/test/multiqc_plots/png/picard_alignment_summary-pct.png",
                "multiqc/group_reports/test/multiqc_plots/png/picard_base_distribution_by_cycle__Adenine.png",
                "multiqc/group_reports/test/multiqc_plots/png/picard_base_distribution_by_cycle__Cytosine.png",
                "multiqc/group_reports/test/multiqc_plots/png/picard_base_distribution_by_cycle__Guanine.png",
                "multiqc/group_reports/test/multiqc_plots/png/picard_base_distribution_by_cycle__Thymine.png",
                "multiqc/group_reports/test/multiqc_plots/png/picard_base_distribution_by_cycle__Undetermined.png",
                "multiqc/group_reports/test/multiqc_plots/png/picard_quality_by_cycle.png",
                "multiqc/group_reports/test/multiqc_plots/png/picard_quality_score_distribution.png",
                "multiqc/group_reports/test/multiqc_plots/png/seqfu_mqc.png",
                "multiqc/group_reports/test/multiqc_plots/svg",
                "multiqc/group_reports/test/multiqc_plots/svg/fastq_screen_plot-cnt.svg",
                "multiqc/group_reports/test/multiqc_plots/svg/fastq_screen_plot-pct.svg",
                "multiqc/group_reports/test/multiqc_plots/svg/fastqc_overrepresented_sequences_plot.svg",
                "multiqc/group_reports/test/multiqc_plots/svg/fastqc_per_base_n_content_plot.svg",
                "multiqc/group_reports/test/multiqc_plots/svg/fastqc_per_base_sequence_quality_plot.svg",
                "multiqc/group_reports/test/multiqc_plots/svg/fastqc_per_sequence_gc_content_plot_Counts.svg",
                "multiqc/group_reports/test/multiqc_plots/svg/fastqc_per_sequence_gc_content_plot_Percentages.svg",
                "multiqc/group_reports/test/multiqc_plots/svg/fastqc_per_sequence_quality_scores_plot.svg",
                "multiqc/group_reports/test/multiqc_plots/svg/fastqc_sequence_counts_plot-cnt.svg",
                "multiqc/group_reports/test/multiqc_plots/svg/fastqc_sequence_counts_plot-pct.svg",
                "multiqc/group_reports/test/multiqc_plots/svg/fastqc_sequence_duplication_levels_plot.svg",
                "multiqc/group_reports/test/multiqc_plots/svg/fastqc_sequence_length_distribution_plot.svg",
                "multiqc/group_reports/test/multiqc_plots/svg/fastqc_top_overrepresented_sequences_table.svg",
                "multiqc/group_reports/test/multiqc_plots/svg/mqc_seq_metadata.svg",
                "multiqc/group_reports/test/multiqc_plots/svg/picard_alignment_readlength_plot.svg",
                "multiqc/group_reports/test/multiqc_plots/svg/picard_alignment_summary-cnt.svg",
                "multiqc/group_reports/test/multiqc_plots/svg/picard_alignment_summary-pct.svg",
                "multiqc/group_reports/test/multiqc_plots/svg/picard_base_distribution_by_cycle__Adenine.svg",
                "multiqc/group_reports/test/multiqc_plots/svg/picard_base_distribution_by_cycle__Cytosine.svg",
                "multiqc/group_reports/test/multiqc_plots/svg/picard_base_distribution_by_cycle__Guanine.svg",
                "multiqc/group_reports/test/multiqc_plots/svg/picard_base_distribution_by_cycle__Thymine.svg",
                "multiqc/group_reports/test/multiqc_plots/svg/picard_base_distribution_by_cycle__Undetermined.svg",
                "multiqc/group_reports/test/multiqc_plots/svg/picard_quality_by_cycle.svg",
                "multiqc/group_reports/test/multiqc_plots/svg/picard_quality_score_distribution.svg",
                "multiqc/group_reports/test/multiqc_plots/svg/seqfu_mqc.svg",
                "multiqc/group_reports/test/multiqc_report.html",
                "picard_collectmultiplemetrics",
                "picard_collectmultiplemetrics/Sample1_01.CollectMultipleMetrics.alignment_summary_metrics",
                "picard_collectmultiplemetrics/Sample1_01.CollectMultipleMetrics.base_distribution_by_cycle.pdf",
                "picard_collectmultiplemetrics/Sample1_01.CollectMultipleMetrics.base_distribution_by_cycle_metrics",
                "picard_collectmultiplemetrics/Sample1_01.CollectMultipleMetrics.quality_by_cycle.pdf",
                "picard_collectmultiplemetrics/Sample1_01.CollectMultipleMetrics.quality_by_cycle_metrics",
                "picard_collectmultiplemetrics/Sample1_01.CollectMultipleMetrics.quality_distribution.pdf",
                "picard_collectmultiplemetrics/Sample1_01.CollectMultipleMetrics.quality_distribution_metrics",
                "picard_collectmultiplemetrics/Sample1_01.CollectMultipleMetrics.read_length_histogram.pdf",
                "picard_collectmultiplemetrics/Sample23_03.CollectMultipleMetrics.alignment_summary_metrics",
                "picard_collectmultiplemetrics/Sample23_03.CollectMultipleMetrics.base_distribution_by_cycle.pdf",
                "picard_collectmultiplemetrics/Sample23_03.CollectMultipleMetrics.base_distribution_by_cycle_metrics",
                "picard_collectmultiplemetrics/Sample23_03.CollectMultipleMetrics.quality_by_cycle.pdf",
                "picard_collectmultiplemetrics/Sample23_03.CollectMultipleMetrics.quality_by_cycle_metrics",
                "picard_collectmultiplemetrics/Sample23_03.CollectMultipleMetrics.quality_distribution.pdf",
                "picard_collectmultiplemetrics/Sample23_03.CollectMultipleMetrics.quality_distribution_metrics",
                "picard_collectmultiplemetrics/Sample23_03.CollectMultipleMetrics.read_length_histogram.pdf",
                "picard_collectmultiplemetrics/SampleA_02.CollectMultipleMetrics.alignment_summary_metrics",
                "picard_collectmultiplemetrics/SampleA_02.CollectMultipleMetrics.base_distribution_by_cycle.pdf",
                "picard_collectmultiplemetrics/SampleA_02.CollectMultipleMetrics.base_distribution_by_cycle_metrics",
                "picard_collectmultiplemetrics/SampleA_02.CollectMultipleMetrics.quality_by_cycle.pdf",
                "picard_collectmultiplemetrics/SampleA_02.CollectMultipleMetrics.quality_by_cycle_metrics",
                "picard_collectmultiplemetrics/SampleA_02.CollectMultipleMetrics.quality_distribution.pdf",
                "picard_collectmultiplemetrics/SampleA_02.CollectMultipleMetrics.quality_distribution_metrics",
                "picard_collectmultiplemetrics/SampleA_02.CollectMultipleMetrics.read_length_histogram.pdf",
                "picard_collectmultiplemetrics/Undetermined_05.CollectMultipleMetrics.alignment_summary_metrics",
                "picard_collectmultiplemetrics/Undetermined_05.CollectMultipleMetrics.base_distribution_by_cycle.pdf",
                "picard_collectmultiplemetrics/Undetermined_05.CollectMultipleMetrics.base_distribution_by_cycle_metrics",
                "picard_collectmultiplemetrics/Undetermined_05.CollectMultipleMetrics.quality_by_cycle.pdf",
                "picard_collectmultiplemetrics/Undetermined_05.CollectMultipleMetrics.quality_by_cycle_metrics",
                "picard_collectmultiplemetrics/Undetermined_05.CollectMultipleMetrics.quality_distribution.pdf",
                "picard_collectmultiplemetrics/Undetermined_05.CollectMultipleMetrics.quality_distribution_metrics",
                "picard_collectmultiplemetrics/Undetermined_05.CollectMultipleMetrics.read_length_histogram.pdf",
                "picard_collectmultiplemetrics/sampletest_04.CollectMultipleMetrics.alignment_summary_metrics",
                "picard_collectmultiplemetrics/sampletest_04.CollectMultipleMetrics.base_distribution_by_cycle.pdf",
                "picard_collectmultiplemetrics/sampletest_04.CollectMultipleMetrics.base_distribution_by_cycle_metrics",
                "picard_collectmultiplemetrics/sampletest_04.CollectMultipleMetrics.quality_by_cycle.pdf",
                "picard_collectmultiplemetrics/sampletest_04.CollectMultipleMetrics.quality_by_cycle_metrics",
                "picard_collectmultiplemetrics/sampletest_04.CollectMultipleMetrics.quality_distribution.pdf",
                "picard_collectmultiplemetrics/sampletest_04.CollectMultipleMetrics.quality_distribution_metrics",
                "picard_collectmultiplemetrics/sampletest_04.CollectMultipleMetrics.read_length_histogram.pdf",
                "pipeline_info",
                "pipeline_info/nf_core_seqinspector_software_mqc_versions.yml",
                "rundirparser",
                "rundirparser/200624_A00834_0183_BHMTFYDRXX_illumina_mqc.yml",
                "samtools_faidx",
                "samtools_faidx/genome.fa.fai",
                "samtools_faidx/genome.fa.sizes",
                "seqfu_stats",
                "seqfu_stats/Sample1_01_seqfu.tsv",
                "seqfu_stats/Sample1_01_seqfu_mqc.txt",
                "seqfu_stats/Sample23_03_seqfu.tsv",
                "seqfu_stats/Sample23_03_seqfu_mqc.txt",
                "seqfu_stats/SampleA_02_seqfu.tsv",
                "seqfu_stats/SampleA_02_seqfu_mqc.txt",
                "seqfu_stats/Undetermined_05_seqfu.tsv",
                "seqfu_stats/Undetermined_05_seqfu_mqc.txt",
                "seqfu_stats/sampletest_04_seqfu.tsv",
                "seqfu_stats/sampletest_04_seqfu_mqc.txt"
            ],
            [
                "genome.fa.0123:md5,8af61f4bc59cc2fe7b396db46a2173f3",
                "genome.fa.amb:md5,657cfdf0628d140d645d8d01a24f0c5f",
                "genome.fa.ann:md5,4439f90bdaaf2cdf9089c9f7f07b9d6b",
                "genome.fa.bwt.2bit.64:md5,c9a1ea631cf4ad59f4c3549a030c6c5e",
                "genome.fa.pac:md5,fd24ae5f67c642dfe9453e63350618cc",
                "Sample1_01.bam:md5,9985af901ea635009ba79dfbdae3ef69",
                "Sample1_01.bam.bai:md5,786cb1fbbadef4acea403f83d4628d5c",
                "Sample23_03.bam:md5,be8ecb43e6b7df5de7487e51eb5534c7",
                "Sample23_03.bam.bai:md5,786cb1fbbadef4acea403f83d4628d5c",
                "SampleA_02.bam:md5,8a253e12f6c92ec39da8d87385895203",
                "SampleA_02.bam.bai:md5,786cb1fbbadef4acea403f83d4628d5c",
                "Undetermined_05.bam:md5,c9c86417ec4f050c2a0d775b9af39d29",
                "Undetermined_05.bam.bai:md5,786cb1fbbadef4acea403f83d4628d5c",
                "sampletest_04.bam:md5,62395d6d4b5589aae0b0928f4e333805",
                "sampletest_04.bam.bai:md5,786cb1fbbadef4acea403f83d4628d5c",
                "Sample1_01_screen.png:md5,562256290643b51e4374c2225a15f463",
                "Sample1_01_screen.txt:md5,3b184ef10eeb99043a85826534a4ee28",
                "Sample23_03_screen.png:md5,6bb2caf67b9b2ed25d3d5f32c343e9ab",
                "Sample23_03_screen.txt:md5,3b184ef10eeb99043a85826534a4ee28",
                "SampleA_02_screen.png:md5,b2c3e95e034f5c038754bf108537de0e",
                "SampleA_02_screen.txt:md5,3b184ef10eeb99043a85826534a4ee28",
                "Undetermined_05_screen.png:md5,fc5d53f8876dfae3d1a781fa512ea1db",
                "Undetermined_05_screen.txt:md5,3b184ef10eeb99043a85826534a4ee28",
                "sampletest_04_screen.png:md5,1fb60070e8f4b70de0c1b3786b54f27e",
                "sampletest_04_screen.txt:md5,3b184ef10eeb99043a85826534a4ee28",
                "fastq_screen_plot.txt:md5,990122d48fa4c1a170107a1ba034e4cf",
                "fastqc-status-check-heatmap.txt:md5,7a64380ec42aac56949a2d9a4176d4d9",
                "fastqc_overrepresented_sequences_plot.txt:md5,c7908980f1dba22b45cf6de14a66a686",
                "fastqc_per_base_n_content_plot.txt:md5,8aafe701b59b4e70ccec86748c7d6eb3",
                "fastqc_per_base_sequence_quality_plot.txt:md5,c2bbc52a285a46ab8c548bca3b721e13",
                "fastqc_per_sequence_gc_content_plot_Counts.txt:md5,a422f61a00f0839ef0d630d2e4524589",
                "fastqc_per_sequence_gc_content_plot_Percentages.txt:md5,0e5a0cd0b0f8e66b3617f1ac19822d77",
                "fastqc_per_sequence_quality_scores_plot.txt:md5,cbaa7c7033c526483584376275a8b33e",
                "fastqc_sequence_counts_plot.txt:md5,d8ab86dbfce0c740f4a66a080803a0b9",
                "fastqc_sequence_duplication_levels_plot.txt:md5,f86012b3074d697c9a2b3bd67a074288",
                "fastqc_sequence_length_distribution_plot.txt:md5,9d4fd245e8e1d5baa473a8bdffcd3e38",
                "multiqc_citations.txt:md5,5f52d7a0141e4234c6069df9ef575c9a",
                "multiqc_fastq_screen.txt:md5,2ff2485b1f197cb6228dd4350d1bd638",
                "multiqc_fastqc.txt:md5,3730f9046b20ac5c17a86db0a33f8d5d",
                "multiqc_mqc_seq_metadata.txt:md5,5c5f63f044bdcb1ab74a66b896f0b6e7",
                "multiqc_picard_AlignmentSummaryMetrics.txt:md5,5bdb2f162266ab68005cbfc0a45e311e",
                "multiqc_picard_baseContent.txt:md5,409bf8ce546a573ce6678769b84726fd",
                "multiqc_picard_quality_by_cycle.txt:md5,ebf56fd9b3b127ff41211e3f79f18b42",
                "multiqc_picard_quality_score_distribution.txt:md5,182098ce1ff0a664d873c329d54189df",
                "multiqc_seqfu.txt:md5,18dd2407d4a1791646785123028f69b5",
                "picard_MarkIlluminaAdapters_histogram.txt:md5,d41d8cd98f00b204e9800998ecf8427e",
                "picard_MeanQualityByCycle_histogram.txt:md5,d41d8cd98f00b204e9800998ecf8427e",
                "picard_MeanQualityByCycle_histogram_1.txt:md5,6e13ddbd97caa0eaa52c118966e5f9fa",
                "picard_QualityScoreDistribution_histogram.txt:md5,39d3430744e9139020d7af3eb15fc629",
                "picard_alignment_readlength_plot.txt:md5,57ee2de637b69efc49290bb5d4b57905",
                "picard_alignment_summary.txt:md5,3fee23a738a44ee84592cb1144b32775",
                "picard_base_distribution_by_cycle__Adenine.txt:md5,dfb9e50700b61cdbc0344690db202559",
                "picard_base_distribution_by_cycle__Cytosine.txt:md5,5eec2a9bbb5db321c7cbbbee26d90357",
                "picard_base_distribution_by_cycle__Guanine.txt:md5,5b100b42e93792fed754deb276645e61",
                "picard_base_distribution_by_cycle__Thymine.txt:md5,d0317fe5ef2cf1b692526cb9a18aa50c",
                "picard_base_distribution_by_cycle__Undetermined.txt:md5,8aafe701b59b4e70ccec86748c7d6eb3",
                "picard_quality_by_cycle.txt:md5,366ee22c93a11c1335f867020bb03da5",
                "picard_quality_score_distribution.txt:md5,17d6f490cb59e16a7ed4b04ffaa1a100",
                "fastq_screen_plot.txt:md5,db7c9231e756a6e5999399a7385e4687",
                "fastqc-status-check-heatmap.txt:md5,fc37eaf184877ac80b92001a7bf2fa81",
                "fastqc_overrepresented_sequences_plot.txt:md5,0693849fc324ddf580e2c5a4d910bb4f",
                "fastqc_per_base_n_content_plot.txt:md5,0ed7f750b500e7c5387ea5309e1ef467",
                "fastqc_per_base_sequence_quality_plot.txt:md5,18016152915653e812818194a142e162",
                "fastqc_per_sequence_gc_content_plot_Counts.txt:md5,93f664e18c021aae79ad222fb4cfb393",
                "fastqc_per_sequence_gc_content_plot_Percentages.txt:md5,ba96762be2aa842e1d2a606095ffcb7e",
                "fastqc_per_sequence_quality_scores_plot.txt:md5,b9044bfe90fd5685137739f52a97ee2c",
                "fastqc_sequence_counts_plot.txt:md5,42b26ad3758717659763c81852c4f197",
                "fastqc_sequence_duplication_levels_plot.txt:md5,818f13a5372bad79e54cd984758096c5",
                "fastqc_sequence_length_distribution_plot.txt:md5,98316a2607a889ae1e7e79a4f64cc740",
                "multiqc_citations.txt:md5,5f52d7a0141e4234c6069df9ef575c9a",
                "multiqc_fastq_screen.txt:md5,737dc47e74e5b2f2c590652788831eff",
                "multiqc_fastqc.txt:md5,f38ffdc112c73af3a41ed15848a3761f",
                "multiqc_mqc_seq_metadata.txt:md5,5c5f63f044bdcb1ab74a66b896f0b6e7",
                "multiqc_picard_AlignmentSummaryMetrics.txt:md5,e4cb1b13e6a7298d172ed112a0479b5a",
                "multiqc_picard_baseContent.txt:md5,740592a5858706d2b4b8f585a1d5492b",
                "multiqc_picard_quality_by_cycle.txt:md5,c3f14084aedc511b9f0aa8410e7cb3b5",
                "multiqc_picard_quality_score_distribution.txt:md5,59b955203209cfab3d2d21bdfe20997e",
                "multiqc_seqfu.txt:md5,6cdb863a3686fbb772aae5a66925ff23",
                "picard_MarkIlluminaAdapters_histogram.txt:md5,d41d8cd98f00b204e9800998ecf8427e",
                "picard_MeanQualityByCycle_histogram.txt:md5,d41d8cd98f00b204e9800998ecf8427e",
                "picard_MeanQualityByCycle_histogram_1.txt:md5,6a7552b74dd22410c3cab2c750de792e",
                "picard_QualityScoreDistribution_histogram.txt:md5,d6343c5f39942bc3f10c194067e6e9bc",
                "picard_alignment_readlength_plot.txt:md5,01140e65e813b4ae43aabe662ef2f49a",
                "picard_alignment_summary.txt:md5,79312cf30761025cc6902811c4165290",
                "picard_base_distribution_by_cycle__Adenine.txt:md5,3c3671ac2aa18d883691d59adbfe3b2b",
                "picard_base_distribution_by_cycle__Cytosine.txt:md5,6cc2ae1411899de5542321ff1592b192",
                "picard_base_distribution_by_cycle__Guanine.txt:md5,326471bc846a9fb6b54ff38cbdfb8d90",
                "picard_base_distribution_by_cycle__Thymine.txt:md5,3132dac406a9b9e1f18af658ab856a5c",
                "picard_base_distribution_by_cycle__Undetermined.txt:md5,0ed7f750b500e7c5387ea5309e1ef467",
                "picard_quality_by_cycle.txt:md5,fe4e6ab1c849a4f833eae9a8554ea432",
                "picard_quality_score_distribution.txt:md5,c0864f8a1269d8ffd7a51abb6bd3ca2e",
                "fastq_screen_plot.txt:md5,4def6c6a888afe487ab6ebef3ba8a133",
                "fastqc-status-check-heatmap.txt:md5,61857d2c45cf0c080348047aa34e7525",
                "fastqc_overrepresented_sequences_plot.txt:md5,7949c64cc6cef77f29349a188fc09656",
                "fastqc_per_base_n_content_plot.txt:md5,0f2fd628631d42ed5e6a1db22578daaa",
                "fastqc_per_base_sequence_quality_plot.txt:md5,0a8bfa32ab04eaaa509dec3c37acb2d2",
                "fastqc_per_sequence_gc_content_plot_Counts.txt:md5,8c85be0c70129ba739feceddd58f6c75",
                "fastqc_per_sequence_gc_content_plot_Percentages.txt:md5,94b975906d8a07e1604e00d4004f7463",
                "fastqc_per_sequence_quality_scores_plot.txt:md5,ec22c8e4836aa726680f0ca767c778a0",
                "fastqc_sequence_counts_plot.txt:md5,f4341795bdeba588248a74a095a97f8d",
                "fastqc_sequence_duplication_levels_plot.txt:md5,8fc995cb2192a2926eee242681bc3af6",
                "fastqc_sequence_length_distribution_plot.txt:md5,4513e22583677a4d6167b9094242eb0b",
                "multiqc_citations.txt:md5,5f52d7a0141e4234c6069df9ef575c9a",
                "multiqc_fastq_screen.txt:md5,568f6b6d14562d01b5aaeb1a39e1cf3d",
                "multiqc_fastqc.txt:md5,7ff71ceb8ecdf086331047f8860c3347",
                "multiqc_mqc_seq_metadata.txt:md5,5c5f63f044bdcb1ab74a66b896f0b6e7",
                "multiqc_picard_AlignmentSummaryMetrics.txt:md5,d4e63eed820edcc71b3e37d793983bd7",
                "multiqc_picard_baseContent.txt:md5,0dd5fa539e4034e3539fb1e7068c7ce5",
                "multiqc_picard_quality_by_cycle.txt:md5,750eadc27875fc8141b64a90789c369f",
                "multiqc_picard_quality_score_distribution.txt:md5,140279eb5abac364c4d4c417105da620",
                "multiqc_seqfu.txt:md5,f821357507fda2d4cfd9299f52fa7dc1",
                "picard_MarkIlluminaAdapters_histogram.txt:md5,d41d8cd98f00b204e9800998ecf8427e",
                "picard_MeanQualityByCycle_histogram.txt:md5,d41d8cd98f00b204e9800998ecf8427e",
                "picard_MeanQualityByCycle_histogram_1.txt:md5,9521c83313eaf5f681ac9a75de83a4b7",
                "picard_QualityScoreDistribution_histogram.txt:md5,90b9e29f22fa16cf2b0c4d92caf2dbb0",
                "picard_alignment_readlength_plot.txt:md5,9c80659c5c9b2fe9926b789fb67ba6ac",
                "picard_alignment_summary.txt:md5,27bbb1fcdeecd26641938e5622087c23",
                "picard_base_distribution_by_cycle__Adenine.txt:md5,99c5e961a4d26754e68047c8eb983798",
                "picard_base_distribution_by_cycle__Cytosine.txt:md5,44981dd399013d8c06481958be338040",
                "picard_base_distribution_by_cycle__Guanine.txt:md5,b6369a23d3926edb90ae9bfdc6d90526",
                "picard_base_distribution_by_cycle__Thymine.txt:md5,b253d3fca7c07b6a6dfea91725c58102",
                "picard_base_distribution_by_cycle__Undetermined.txt:md5,0f2fd628631d42ed5e6a1db22578daaa",
                "picard_quality_by_cycle.txt:md5,3c34ae2bd2442a816577b1a794add2d6",
                "picard_quality_score_distribution.txt:md5,0d58c59eac2952e6f71cefc35d4c4477",
                "fastq_screen_plot.txt:md5,5abb5b9ed2c976f0ad83216ca3186201",
                "fastqc-status-check-heatmap.txt:md5,323d6082b73ddb6ee33385f5ea4301c1",
                "fastqc_overrepresented_sequences_plot.txt:md5,4e71d8913d40eb06db0f18d74ce6898f",
                "fastqc_per_base_n_content_plot.txt:md5,b317ce09cb7a2be2366b544ea9b20ce6",
                "fastqc_per_base_sequence_quality_plot.txt:md5,e6f44d08f4185f680d4748a3b37201e2",
                "fastqc_per_sequence_gc_content_plot_Counts.txt:md5,a1dc8a968f32bcf8a9b4c5f43d299dfa",
                "fastqc_per_sequence_gc_content_plot_Percentages.txt:md5,e41b6dc1344f1aee379993daff310187",
                "fastqc_per_sequence_quality_scores_plot.txt:md5,76f792b939233b070562cc46617f6371",
                "fastqc_sequence_counts_plot.txt:md5,36c68522023b8d536c9362403bf03c48",
                "fastqc_sequence_duplication_levels_plot.txt:md5,9ff0df466790d971b3c7ef838efc0f4f",
                "fastqc_sequence_length_distribution_plot.txt:md5,9fda632b92e3453f11cd0226484fce8e",
                "multiqc_citations.txt:md5,5f52d7a0141e4234c6069df9ef575c9a",
                "multiqc_fastq_screen.txt:md5,c54d863ed3e68ee8bcb51c9ad85de9bc",
                "multiqc_fastqc.txt:md5,8284e25ccc21041cf3b5a32eb6a51e78",
                "multiqc_mqc_seq_metadata.txt:md5,5c5f63f044bdcb1ab74a66b896f0b6e7",
                "multiqc_picard_AlignmentSummaryMetrics.txt:md5,22093b80f335c4c53633b01a930157f4",
                "multiqc_picard_baseContent.txt:md5,6886e1e5179031ddba4958f301930d64",
                "multiqc_picard_quality_by_cycle.txt:md5,96652e2e2d693488df9104e5ae8cb4a7",
                "multiqc_picard_quality_score_distribution.txt:md5,879a4470d08fe6d9b1796f46020fb5f5",
                "multiqc_seqfu.txt:md5,8cced36d66ca9d25d60c006e734aa7e9",
                "picard_MarkIlluminaAdapters_histogram.txt:md5,d41d8cd98f00b204e9800998ecf8427e",
                "picard_MeanQualityByCycle_histogram.txt:md5,d41d8cd98f00b204e9800998ecf8427e",
                "picard_MeanQualityByCycle_histogram_1.txt:md5,c0c8b4c0197428d4d50e2c532814e1e2",
                "picard_QualityScoreDistribution_histogram.txt:md5,40e0b6faa75e1b51af42407f7ededb0c",
                "picard_alignment_readlength_plot.txt:md5,5a19b1f8e2ac49d97f36a7792429419c",
                "picard_alignment_summary.txt:md5,f9f791b7c569cfae07aef70aa630d40e",
                "picard_base_distribution_by_cycle__Adenine.txt:md5,0165f522c84da6b17a286d37dc30abec",
                "picard_base_distribution_by_cycle__Cytosine.txt:md5,6fa0d29d40fe7fa24c166b664b6d4f4b",
                "picard_base_distribution_by_cycle__Guanine.txt:md5,bf2426e09ac1ca4773edfc284c220122",
                "picard_base_distribution_by_cycle__Thymine.txt:md5,3cbace572471ccf6c58673181dd0c0ec",
                "picard_base_distribution_by_cycle__Undetermined.txt:md5,b317ce09cb7a2be2366b544ea9b20ce6",
                "picard_quality_by_cycle.txt:md5,7cb705007bc97da8c0da7d93201e6975",
                "picard_quality_score_distribution.txt:md5,47d684abae0a8f4f09df43e91d54fb9a",
                "fastq_screen_plot.txt:md5,82ceb9f2109f865d6d1b943441c09550",
                "fastqc-status-check-heatmap.txt:md5,56b426cd5c030288639533fce7c95ab1",
                "fastqc_overrepresented_sequences_plot.txt:md5,8e83abdbe7362e64d63339ee31ab3361",
                "fastqc_per_base_n_content_plot.txt:md5,33b70326d8f888ac5a3d99b85f365e43",
                "fastqc_per_base_sequence_quality_plot.txt:md5,40bc954cc0d58a3197fdf124a40f1ca4",
                "fastqc_per_sequence_gc_content_plot_Counts.txt:md5,e240e30996c81a34b5d1a6b5a98ae254",
                "fastqc_per_sequence_gc_content_plot_Percentages.txt:md5,b44d3376d503af12857d494c58b514bb",
                "fastqc_per_sequence_quality_scores_plot.txt:md5,66b5b6d44f398fc9429460c0b9ba3ea9",
                "fastqc_sequence_counts_plot.txt:md5,6e5804f553f656cffb02f927015d1026",
                "fastqc_sequence_duplication_levels_plot.txt:md5,fbe41935ea2e2faf7104393b476e5ac5",
                "fastqc_sequence_length_distribution_plot.txt:md5,e77dc4ab73252c2e09c7452c3b8e8ab3",
                "multiqc_citations.txt:md5,5f52d7a0141e4234c6069df9ef575c9a",
                "multiqc_fastq_screen.txt:md5,a4dca31413036d35899a35ba14b17ea5",
                "multiqc_fastqc.txt:md5,519ff344a896ac369bba4d5c5b8be7b5",
                "multiqc_mqc_seq_metadata.txt:md5,5c5f63f044bdcb1ab74a66b896f0b6e7",
                "multiqc_picard_AlignmentSummaryMetrics.txt:md5,edf7faad1da9922fdc692e9cba5cc0c4",
                "multiqc_picard_baseContent.txt:md5,9631916c0a9a736811c47ab4c476428f",
                "multiqc_picard_quality_by_cycle.txt:md5,9e05b241aabe39232b5182cb59d8edd5",
                "multiqc_picard_quality_score_distribution.txt:md5,e9c3ade201964470d2d22569a400fa49",
                "multiqc_seqfu.txt:md5,ff4ce1c88f39ed24a88bae0a861f75c8",
                "picard_MarkIlluminaAdapters_histogram.txt:md5,d41d8cd98f00b204e9800998ecf8427e",
                "picard_MeanQualityByCycle_histogram.txt:md5,d41d8cd98f00b204e9800998ecf8427e",
                "picard_MeanQualityByCycle_histogram_1.txt:md5,9e05b241aabe39232b5182cb59d8edd5",
                "picard_QualityScoreDistribution_histogram.txt:md5,e9c3ade201964470d2d22569a400fa49",
                "picard_alignment_readlength_plot.txt:md5,c2692fde9d899ad61297ad7043fd26b9",
                "picard_alignment_summary.txt:md5,5996d5b4c94f16c0efd42e2df47e021e",
                "picard_base_distribution_by_cycle__Adenine.txt:md5,a2670974dc96ad8a54f9cc5ae3e09d5e",
                "picard_base_distribution_by_cycle__Cytosine.txt:md5,d3b9cc0c99f96814348b57809cf227fb",
                "picard_base_distribution_by_cycle__Guanine.txt:md5,1ba086d3fb2676868e8e7b20f55975dc",
                "picard_base_distribution_by_cycle__Thymine.txt:md5,8902976984741320fe06004f4115c4f4",
                "picard_base_distribution_by_cycle__Undetermined.txt:md5,1380831484d1b069a2fd4a20437118bf",
                "picard_quality_by_cycle.txt:md5,b6fc46e18ac875ba02775e7cbf1b8e8b",
                "picard_quality_score_distribution.txt:md5,1c17c01ef54a6062a8f1ca8408d32958",
                "200624_A00834_0183_BHMTFYDRXX_illumina_mqc.yml:md5,29e05fed18bca0e9a857c992b6d59a40",
                "genome.fa.fai:md5,6f4c0ce5258e6948135ad006e1f9ee1b",
                "genome.fa.sizes:md5,e122f8021a5ef14104c32785cb9b7adc",
                "Sample1_01_seqfu.tsv:md5,ac174f48d928c6ddfd43c88af0caa8b6",
                "Sample1_01_seqfu_mqc.txt:md5,24d99524ccd0e6c6255a69d68a871c7a",
                "Sample23_03_seqfu.tsv:md5,6fac5d3dbce3f3bee72341fe99a399dc",
                "Sample23_03_seqfu_mqc.txt:md5,4d4f280911a08bb6b753142980178027",
                "SampleA_02_seqfu.tsv:md5,aec811f267bb2a0ef066a7abb59d2775",
                "SampleA_02_seqfu_mqc.txt:md5,a819409a5cb64e20c3e54ec5ada4aa27",
                "Undetermined_05_seqfu.tsv:md5,3a42c5c66a0a118f1a6f6f6e560b0e7e",
                "Undetermined_05_seqfu_mqc.txt:md5,bd8be908362c5cb08a72f8ae7ab41b0d",
                "sampletest_04_seqfu.tsv:md5,a5bea0b9c6015dd1a201ffd433e9b377",
                "sampletest_04_seqfu_mqc.txt:md5,2180961655bbc8a12f0152d6a4b803a2"
            ]
        ],
        "meta": {
            "nf-test": "0.9.2",
            "nextflow": "25.10.0"
        },
        "timestamp": "2025-11-25T10:22:20.735912684"
    }
}