{
    "NovaSeq6000 data test sample size": {
        "content": [
            "multiqc_citations.txt:md5,d7b828c3cb9b7187e916f92820bdc218",
            "multiqc_fastqc.txt:md5,aba942d1e6996b579f19798e5673f514",
            "multiqc_general_stats.txt:md5,83e8854bc46941b59a1e09cb46bea9e4",
            "multiqc_fastq_screen.txt:md5,2ff2485b1f197cb6228dd4350d1bd638",
            "multiqc_citations.txt:md5,d7b828c3cb9b7187e916f92820bdc218",
            "multiqc_fastqc.txt:md5,aa1b8d6adae86005ea7a8b2e901099b8",
            "multiqc_general_stats.txt:md5,bfe273cbb444d5678ecb01009d5fc5c5",
            "multiqc_fastq_screen.txt:md5,c54d863ed3e68ee8bcb51c9ad85de9bc",
            "multiqc_citations.txt:md5,d7b828c3cb9b7187e916f92820bdc218",
            "multiqc_fastqc.txt:md5,ff996e1d3dc4a46e0c9535e54d51ccab",
            "multiqc_general_stats.txt:md5,9017f3b30a7700ba5709f998eb5ed60a",
            "multiqc_fastq_screen.txt:md5,737dc47e74e5b2f2c590652788831eff",
            "multiqc_citations.txt:md5,d7b828c3cb9b7187e916f92820bdc218",
            "multiqc_fastqc.txt:md5,3df36ecfe76b25b0c22dcda84bce2b3b",
            "multiqc_general_stats.txt:md5,0ed2a6b387ee5bbb4abb5d0fb4cf916b",
            "multiqc_fastq_screen.txt:md5,568f6b6d14562d01b5aaeb1a39e1cf3d",
            "multiqc_citations.txt:md5,d7b828c3cb9b7187e916f92820bdc218",
            "multiqc_fastqc.txt:md5,ce61b4ce4b1d76ec3f20de3bf0c9ec7f",
            "multiqc_general_stats.txt:md5,67ebc5b7677b6aab535804d31ee1d54f",
            "multiqc_fastq_screen.txt:md5,a4dca31413036d35899a35ba14b17ea5"
        ],
        "meta": {
            "nf-test": "0.9.2",
            "nextflow": "25.04.6"
        },
        "timestamp": "2025-10-22T10:58:29.486003"
    }
}