{
    "PromethION data test": {
        "content": [
            3,
            {
                "FASTQC": {
                    "fastqc": "0.12.1"
                },
                "FASTQSCREEN_FASTQSCREEN": {
                    "fastqscreen": "0.16.0"
                },
                "SEQFU_STATS": {
                    "seqfu": "1.20.3"
                },
                "Workflow": {
                    "nf-core/seqinspector": "v1.0dev"
                }
            },
            [
                "fastqc",
                "fastqc/hg001_1_fastqc.html",
                "fastqc/hg001_1_fastqc.zip",
                "fastqscreen",
                "fastqscreen/hg001_1_screen.html",
                "fastqscreen/hg001_1_screen.png",
                "fastqscreen/hg001_1_screen.txt",
                "pipeline_info",
                "pipeline_info/nf_core_seqinspector_software_mqc_versions.yml",
                "seqfu_stats",
                "seqfu_stats/hg001_1_seqfu.tsv",
                "seqfu_stats/hg001_1_seqfu_mqc.txt"
            ],
            [
                "hg001_1_screen.png:md5,b9c58e388f18ad11f4c2e29e9b573a5e",
                "hg001_1_screen.txt:md5,8e53ea043d658a130f4b8ca455e2ba9b",
                "hg001_1_seqfu.tsv:md5,b133752c897afbb4d8721b911fa117d4",
                "hg001_1_seqfu_mqc.txt:md5,6285f582c03faa70e8dcb3503e5db728"
            ]
        ],
        "meta": {
            "nf-test": "0.9.2",
            "nextflow": "25.04.7"
        },
        "timestamp": "2025-09-19T13:38:58.507316"
    }
}