{
    "NovaSeq6000 data test - multiqcsav": {
        "content": [
            5,
            {
                
            },
            [
                "multiqc",
                "multiqc/global_report",
                "multiqc/global_report/multiqc_data",
                "multiqc/global_report/multiqc_data/llms-full.txt",
                "multiqc/global_report/multiqc_data/multiqc.log",
                "multiqc/global_report/multiqc_data/multiqc.parquet",
                "multiqc/global_report/multiqc_data/multiqc_citations.txt",
                "multiqc/global_report/multiqc_data/multiqc_data.json",
                "multiqc/global_report/multiqc_data/multiqc_software_versions.txt",
                "multiqc/global_report/multiqc_data/multiqc_sources.txt",
                "multiqc/global_report/multiqc_report.html",
                "multiqc/group_reports",
                "multiqc/group_reports/group1",
                "multiqc/group_reports/group1/multiqc_data",
                "multiqc/group_reports/group1/multiqc_data/llms-full.txt",
                "multiqc/group_reports/group1/multiqc_data/multiqc.log",
                "multiqc/group_reports/group1/multiqc_data/multiqc.parquet",
                "multiqc/group_reports/group1/multiqc_data/multiqc_citations.txt",
                "multiqc/group_reports/group1/multiqc_data/multiqc_data.json",
                "multiqc/group_reports/group1/multiqc_data/multiqc_software_versions.txt",
                "multiqc/group_reports/group1/multiqc_data/multiqc_sources.txt",
                "multiqc/group_reports/group1/multiqc_report.html",
                "multiqc/group_reports/group2",
                "multiqc/group_reports/group2/multiqc_data",
                "multiqc/group_reports/group2/multiqc_data/llms-full.txt",
                "multiqc/group_reports/group2/multiqc_data/multiqc.log",
                "multiqc/group_reports/group2/multiqc_data/multiqc.parquet",
                "multiqc/group_reports/group2/multiqc_data/multiqc_citations.txt",
                "multiqc/group_reports/group2/multiqc_data/multiqc_data.json",
                "multiqc/group_reports/group2/multiqc_data/multiqc_software_versions.txt",
                "multiqc/group_reports/group2/multiqc_data/multiqc_sources.txt",
                "multiqc/group_reports/group2/multiqc_report.html",
                "multiqc/group_reports/lane1",
                "multiqc/group_reports/lane1/multiqc_data",
                "multiqc/group_reports/lane1/multiqc_data/llms-full.txt",
                "multiqc/group_reports/lane1/multiqc_data/multiqc.log",
                "multiqc/group_reports/lane1/multiqc_data/multiqc.parquet",
                "multiqc/group_reports/lane1/multiqc_data/multiqc_citations.txt",
                "multiqc/group_reports/lane1/multiqc_data/multiqc_data.json",
                "multiqc/group_reports/lane1/multiqc_data/multiqc_software_versions.txt",
                "multiqc/group_reports/lane1/multiqc_data/multiqc_sources.txt",
                "multiqc/group_reports/lane1/multiqc_report.html",
                "multiqc/group_reports/test",
                "multiqc/group_reports/test/multiqc_data",
                "multiqc/group_reports/test/multiqc_data/llms-full.txt",
                "multiqc/group_reports/test/multiqc_data/multiqc.log",
                "multiqc/group_reports/test/multiqc_data/multiqc.parquet",
                "multiqc/group_reports/test/multiqc_data/multiqc_citations.txt",
                "multiqc/group_reports/test/multiqc_data/multiqc_data.json",
                "multiqc/group_reports/test/multiqc_data/multiqc_software_versions.txt",
                "multiqc/group_reports/test/multiqc_data/multiqc_sources.txt",
                "multiqc/group_reports/test/multiqc_report.html",
                "pipeline_info",
                "pipeline_info/nf_core_seqinspector_software_mqc_versions.yml"
            ],
            [
                "multiqc_citations.txt:md5,4c806e63a283ec1b7e78cdae3a923d4f",
                "multiqc_citations.txt:md5,4c806e63a283ec1b7e78cdae3a923d4f",
                "multiqc_citations.txt:md5,4c806e63a283ec1b7e78cdae3a923d4f",
                "multiqc_citations.txt:md5,4c806e63a283ec1b7e78cdae3a923d4f",
                "multiqc_citations.txt:md5,4c806e63a283ec1b7e78cdae3a923d4f"
            ],
            "No BAM files",
            [
                "WARN: More than one rundir, or sample(s) missing rundir, skipping skipping MULTIQC_SAV"
            ]
        ],
        "timestamp": "2026-03-19T15:33:26.0285422",
        "meta": {
            "nf-test": "0.9.4",
            "nextflow": "25.10.4"
        }
    }
}