{
    "MiSeq data test - chelae": {
        "content": [
            6,
            {
                "CHELAE_TRIM": {
                    "chelae": "0.1.0"
                }
            },
            [
                "chelae",
                "chelae/SAMPLE_PAIRED_END_1_01",
                "chelae/SAMPLE_PAIRED_END_1_01/SAMPLE_PAIRED_END_1_01_R1.chelae.fastq.gz",
                "chelae/SAMPLE_PAIRED_END_1_01/SAMPLE_PAIRED_END_1_01_R2.chelae.fastq.gz",
                "chelae/SAMPLE_PAIRED_END_2_02",
                "chelae/SAMPLE_PAIRED_END_2_02/SAMPLE_PAIRED_END_2_02_R1.chelae.fastq.gz",
                "chelae/SAMPLE_PAIRED_END_2_02/SAMPLE_PAIRED_END_2_02_R2.chelae.fastq.gz",
                "chelae/SAMPLE_SINGLE_END_03",
                "chelae/SAMPLE_SINGLE_END_03/SAMPLE_SINGLE_END_03.chelae.fastq.gz",
                "multiqc",
                "multiqc/global_report",
                "multiqc/global_report/multiqc_data",
                "multiqc/global_report/multiqc_data/fastp_filtered_reads_plot.txt",
                "multiqc/global_report/multiqc_data/llms-full.txt",
                "multiqc/global_report/multiqc_data/multiqc.log",
                "multiqc/global_report/multiqc_data/multiqc.parquet",
                "multiqc/global_report/multiqc_data/multiqc_citations.txt",
                "multiqc/global_report/multiqc_data/multiqc_data.json",
                "multiqc/global_report/multiqc_data/multiqc_fastp.txt",
                "multiqc/global_report/multiqc_data/multiqc_general_stats.txt",
                "multiqc/global_report/multiqc_data/multiqc_software_versions.txt",
                "multiqc/global_report/multiqc_data/multiqc_sources.txt",
                "multiqc/global_report/multiqc_plots",
                "multiqc/global_report/multiqc_plots/pdf",
                "multiqc/global_report/multiqc_plots/pdf/fastp_filtered_reads_plot-cnt.pdf",
                "multiqc/global_report/multiqc_plots/pdf/fastp_filtered_reads_plot-pct.pdf",
                "multiqc/global_report/multiqc_plots/png",
                "multiqc/global_report/multiqc_plots/png/fastp_filtered_reads_plot-cnt.png",
                "multiqc/global_report/multiqc_plots/png/fastp_filtered_reads_plot-pct.png",
                "multiqc/global_report/multiqc_plots/svg",
                "multiqc/global_report/multiqc_plots/svg/fastp_filtered_reads_plot-cnt.svg",
                "multiqc/global_report/multiqc_plots/svg/fastp_filtered_reads_plot-pct.svg",
                "multiqc/global_report/multiqc_report.html",
                "multiqc/group_reports",
                "multiqc/group_reports/Bpacificus",
                "multiqc/group_reports/Bpacificus/multiqc_data",
                "multiqc/group_reports/Bpacificus/multiqc_data/fastp_filtered_reads_plot.txt",
                "multiqc/group_reports/Bpacificus/multiqc_data/llms-full.txt",
                "multiqc/group_reports/Bpacificus/multiqc_data/multiqc.log",
                "multiqc/group_reports/Bpacificus/multiqc_data/multiqc.parquet",
                "multiqc/group_reports/Bpacificus/multiqc_data/multiqc_citations.txt",
                "multiqc/group_reports/Bpacificus/multiqc_data/multiqc_data.json",
                "multiqc/group_reports/Bpacificus/multiqc_data/multiqc_fastp.txt",
                "multiqc/group_reports/Bpacificus/multiqc_data/multiqc_general_stats.txt",
                "multiqc/group_reports/Bpacificus/multiqc_data/multiqc_software_versions.txt",
                "multiqc/group_reports/Bpacificus/multiqc_data/multiqc_sources.txt",
                "multiqc/group_reports/Bpacificus/multiqc_plots",
                "multiqc/group_reports/Bpacificus/multiqc_plots/pdf",
                "multiqc/group_reports/Bpacificus/multiqc_plots/pdf/fastp_filtered_reads_plot-cnt.pdf",
                "multiqc/group_reports/Bpacificus/multiqc_plots/pdf/fastp_filtered_reads_plot-pct.pdf",
                "multiqc/group_reports/Bpacificus/multiqc_plots/png",
                "multiqc/group_reports/Bpacificus/multiqc_plots/png/fastp_filtered_reads_plot-cnt.png",
                "multiqc/group_reports/Bpacificus/multiqc_plots/png/fastp_filtered_reads_plot-pct.png",
                "multiqc/group_reports/Bpacificus/multiqc_plots/svg",
                "multiqc/group_reports/Bpacificus/multiqc_plots/svg/fastp_filtered_reads_plot-cnt.svg",
                "multiqc/group_reports/Bpacificus/multiqc_plots/svg/fastp_filtered_reads_plot-pct.svg",
                "multiqc/group_reports/Bpacificus/multiqc_report.html",
                "multiqc/group_reports/K9H97",
                "multiqc/group_reports/K9H97/multiqc_data",
                "multiqc/group_reports/K9H97/multiqc_data/fastp_filtered_reads_plot.txt",
                "multiqc/group_reports/K9H97/multiqc_data/llms-full.txt",
                "multiqc/group_reports/K9H97/multiqc_data/multiqc.log",
                "multiqc/group_reports/K9H97/multiqc_data/multiqc.parquet",
                "multiqc/group_reports/K9H97/multiqc_data/multiqc_citations.txt",
                "multiqc/group_reports/K9H97/multiqc_data/multiqc_data.json",
                "multiqc/group_reports/K9H97/multiqc_data/multiqc_fastp.txt",
                "multiqc/group_reports/K9H97/multiqc_data/multiqc_general_stats.txt",
                "multiqc/group_reports/K9H97/multiqc_data/multiqc_software_versions.txt",
                "multiqc/group_reports/K9H97/multiqc_data/multiqc_sources.txt",
                "multiqc/group_reports/K9H97/multiqc_plots",
                "multiqc/group_reports/K9H97/multiqc_plots/pdf",
                "multiqc/group_reports/K9H97/multiqc_plots/pdf/fastp_filtered_reads_plot-cnt.pdf",
                "multiqc/group_reports/K9H97/multiqc_plots/pdf/fastp_filtered_reads_plot-pct.pdf",
                "multiqc/group_reports/K9H97/multiqc_plots/png",
                "multiqc/group_reports/K9H97/multiqc_plots/png/fastp_filtered_reads_plot-cnt.png",
                "multiqc/group_reports/K9H97/multiqc_plots/png/fastp_filtered_reads_plot-pct.png",
                "multiqc/group_reports/K9H97/multiqc_plots/svg",
                "multiqc/group_reports/K9H97/multiqc_plots/svg/fastp_filtered_reads_plot-cnt.svg",
                "multiqc/group_reports/K9H97/multiqc_plots/svg/fastp_filtered_reads_plot-pct.svg",
                "multiqc/group_reports/K9H97/multiqc_report.html",
                "pipeline_info",
                "pipeline_info/nf_core_seqinspector_software_mqc_versions.yml",
                "reports",
                "reports/chelae",
                "reports/chelae/SAMPLE_PAIRED_END_1_01",
                "reports/chelae/SAMPLE_PAIRED_END_1_01/SAMPLE_PAIRED_END_1_01.chelae.json",
                "reports/chelae/SAMPLE_PAIRED_END_1_01/SAMPLE_PAIRED_END_1_01.chelae.tsv",
                "reports/chelae/SAMPLE_PAIRED_END_2_02",
                "reports/chelae/SAMPLE_PAIRED_END_2_02/SAMPLE_PAIRED_END_2_02.chelae.json",
                "reports/chelae/SAMPLE_PAIRED_END_2_02/SAMPLE_PAIRED_END_2_02.chelae.tsv",
                "reports/chelae/SAMPLE_SINGLE_END_03",
                "reports/chelae/SAMPLE_SINGLE_END_03/SAMPLE_SINGLE_END_03.chelae.json",
                "reports/chelae/SAMPLE_SINGLE_END_03/SAMPLE_SINGLE_END_03.chelae.tsv"
            ],
            [
                "SAMPLE_PAIRED_END_1_01_R1.chelae.fastq.gz:md5,943c61431e22367b2598583fe81e0153",
                "SAMPLE_PAIRED_END_1_01_R2.chelae.fastq.gz:md5,2232101d2079774e00d4f984c8318d16",
                "SAMPLE_PAIRED_END_2_02_R1.chelae.fastq.gz:md5,250b2e3d1f2f4900cc4ed2ba3834da09",
                "SAMPLE_PAIRED_END_2_02_R2.chelae.fastq.gz:md5,1d697e2d3ae0a999d422c103e93177d7",
                "SAMPLE_SINGLE_END_03.chelae.fastq.gz:md5,4545eaa5e4cea740a00cfca969a900f3",
                "fastp_filtered_reads_plot.txt:md5,184fd1277866a81501aea1672198cd08",
                "multiqc_citations.txt:md5,d35df50e9903a96a2b3bce3c1fbc8ad2",
                "multiqc_fastp.txt:md5,92d169c0ec2cda4804f40363d1f77c1c",
                "fastp_filtered_reads_plot.txt:md5,a241b73f9031578c1aa6b61f137dabcf",
                "multiqc_citations.txt:md5,d35df50e9903a96a2b3bce3c1fbc8ad2",
                "multiqc_fastp.txt:md5,de4723e6c4bc30f1641a56e85c5f07b3",
                "fastp_filtered_reads_plot.txt:md5,a4e4c1ed270e3b4ec77be1d29bfd7581",
                "multiqc_citations.txt:md5,d35df50e9903a96a2b3bce3c1fbc8ad2",
                "multiqc_fastp.txt:md5,f49b2574579c0f2ec1339c130c96baf8",
                "SAMPLE_PAIRED_END_1_01.chelae.json:md5,0d915caf4155e4d15d4d529c35454a37",
                "SAMPLE_PAIRED_END_1_01.chelae.tsv:md5,e930a604e8447f410f53611aeed6c423",
                "SAMPLE_PAIRED_END_2_02.chelae.json:md5,20ea76efd87faa043e2e2a46206c34e5",
                "SAMPLE_PAIRED_END_2_02.chelae.tsv:md5,c86d17074ef5a4960a6977c80b5acdc5",
                "SAMPLE_SINGLE_END_03.chelae.json:md5,6d98d7006c4fec4c65a4cc46e44d0d8d",
                "SAMPLE_SINGLE_END_03.chelae.tsv:md5,55bb88789805c3da75f8e31cd6bd218c"
            ],
            "No BAM files",
            "No warnings"
        ],
        "timestamp": "2026-07-15T10:30:56.880732737",
        "meta": {
            "nf-test": "0.9.5",
            "nextflow": "26.04.4"
        }
    },
    "MiSeq data test - chelae - stub": {
        "content": [
            6,
            {
                "CHELAE_TRIM": {
                    "chelae": "0.1.0"
                }
            },
            [
                "chelae",
                "chelae/SAMPLE_PAIRED_END_1_01",
                "chelae/SAMPLE_PAIRED_END_1_01/SAMPLE_PAIRED_END_1_01_R1.chelae.fastq.gz",
                "chelae/SAMPLE_PAIRED_END_1_01/SAMPLE_PAIRED_END_1_01_R2.chelae.fastq.gz",
                "chelae/SAMPLE_PAIRED_END_2_02",
                "chelae/SAMPLE_PAIRED_END_2_02/SAMPLE_PAIRED_END_2_02_R1.chelae.fastq.gz",
                "chelae/SAMPLE_PAIRED_END_2_02/SAMPLE_PAIRED_END_2_02_R2.chelae.fastq.gz",
                "chelae/SAMPLE_SINGLE_END_03",
                "chelae/SAMPLE_SINGLE_END_03/SAMPLE_SINGLE_END_03.chelae.fastq.gz",
                "multiqc",
                "multiqc/global_report",
                "multiqc/global_report/multiqc_data",
                "multiqc/global_report/multiqc_data/.stub",
                "multiqc/global_report/multiqc_plots",
                "multiqc/global_report/multiqc_plots/.stub",
                "multiqc/global_report/multiqc_report.html",
                "multiqc/group_reports",
                "multiqc/group_reports/Bpacificus",
                "multiqc/group_reports/Bpacificus/multiqc_data",
                "multiqc/group_reports/Bpacificus/multiqc_data/.stub",
                "multiqc/group_reports/Bpacificus/multiqc_plots",
                "multiqc/group_reports/Bpacificus/multiqc_plots/.stub",
                "multiqc/group_reports/Bpacificus/multiqc_report.html",
                "multiqc/group_reports/K9H97",
                "multiqc/group_reports/K9H97/multiqc_data",
                "multiqc/group_reports/K9H97/multiqc_data/.stub",
                "multiqc/group_reports/K9H97/multiqc_plots",
                "multiqc/group_reports/K9H97/multiqc_plots/.stub",
                "multiqc/group_reports/K9H97/multiqc_report.html",
                "pipeline_info",
                "pipeline_info/nf_core_seqinspector_software_mqc_versions.yml",
                "reports",
                "reports/chelae",
                "reports/chelae/SAMPLE_PAIRED_END_1_01",
                "reports/chelae/SAMPLE_PAIRED_END_1_01/SAMPLE_PAIRED_END_1_01.chelae.json",
                "reports/chelae/SAMPLE_PAIRED_END_1_01/SAMPLE_PAIRED_END_1_01.chelae.tsv",
                "reports/chelae/SAMPLE_PAIRED_END_2_02",
                "reports/chelae/SAMPLE_PAIRED_END_2_02/SAMPLE_PAIRED_END_2_02.chelae.json",
                "reports/chelae/SAMPLE_PAIRED_END_2_02/SAMPLE_PAIRED_END_2_02.chelae.tsv",
                "reports/chelae/SAMPLE_SINGLE_END_03",
                "reports/chelae/SAMPLE_SINGLE_END_03/SAMPLE_SINGLE_END_03.chelae.json",
                "reports/chelae/SAMPLE_SINGLE_END_03/SAMPLE_SINGLE_END_03.chelae.tsv"
            ],
            [
                "WARN: nf-core pipelines do not accept positional arguments. The positional argument `true` has been detected."
            ]
        ],
        "timestamp": "2026-07-15T10:31:16.463678119",
        "meta": {
            "nf-test": "0.9.5",
            "nextflow": "26.04.4"
        }
    }
}