{
    "NovaSeq6000 data test - fastqc,multiqcsav - missing rundir": {
        "content": [
            10,
            {
                "FASTQC": {
                    "fastqc": "0.12.1"
                }
            },
            [
                "fastqc",
                "fastqc/Sample1_01_fastqc.html",
                "fastqc/Sample1_01_fastqc.zip",
                "fastqc/Sample23_03_fastqc.html",
                "fastqc/Sample23_03_fastqc.zip",
                "fastqc/SampleA_02_fastqc.html",
                "fastqc/SampleA_02_fastqc.zip",
                "fastqc/Undetermined_05_fastqc.html",
                "fastqc/Undetermined_05_fastqc.zip",
                "fastqc/sampletest_04_fastqc.html",
                "fastqc/sampletest_04_fastqc.zip",
                "multiqc",
                "multiqc/global_report",
                "multiqc/global_report/multiqc_data",
                "multiqc/global_report/multiqc_data/fastqc-status-check-heatmap.txt",
                "multiqc/global_report/multiqc_data/fastqc_overrepresented_sequences_plot.txt",
                "multiqc/global_report/multiqc_data/fastqc_per_base_n_content_plot.txt",
                "multiqc/global_report/multiqc_data/fastqc_per_base_sequence_quality_plot.txt",
                "multiqc/global_report/multiqc_data/fastqc_per_sequence_gc_content_plot_Counts.txt",
                "multiqc/global_report/multiqc_data/fastqc_per_sequence_gc_content_plot_Percentages.txt",
                "multiqc/global_report/multiqc_data/fastqc_per_sequence_quality_scores_plot.txt",
                "multiqc/global_report/multiqc_data/fastqc_sequence_counts_plot.txt",
                "multiqc/global_report/multiqc_data/fastqc_sequence_duplication_levels_plot.txt",
                "multiqc/global_report/multiqc_data/fastqc_sequence_length_distribution_plot.txt",
                "multiqc/global_report/multiqc_data/fastqc_top_overrepresented_sequences_table.txt",
                "multiqc/global_report/multiqc_data/llms-full.txt",
                "multiqc/global_report/multiqc_data/multiqc.log",
                "multiqc/global_report/multiqc_data/multiqc.parquet",
                "multiqc/global_report/multiqc_data/multiqc_citations.txt",
                "multiqc/global_report/multiqc_data/multiqc_data.json",
                "multiqc/global_report/multiqc_data/multiqc_fastqc.txt",
                "multiqc/global_report/multiqc_data/multiqc_general_stats.txt",
                "multiqc/global_report/multiqc_data/multiqc_sav.txt",
                "multiqc/global_report/multiqc_data/multiqc_software_versions.txt",
                "multiqc/global_report/multiqc_data/multiqc_sources.txt",
                "multiqc/global_report/multiqc_data/sav-intensity-vs-cycle-plot.txt",
                "multiqc/global_report/multiqc_data/sav-lane-metrics-summary-table.txt",
                "multiqc/global_report/multiqc_data/sav-pf-vs-occ-plot.txt",
                "multiqc/global_report/multiqc_data/sav-qscore-heatmap-plot.txt",
                "multiqc/global_report/multiqc_data/sav-qscore-histogram-plot.txt",
                "multiqc/global_report/multiqc_data/sav-read-metrics-summary-table.txt",
                "multiqc/global_report/multiqc_data/sav-summary-clusters-reads-lane-plot_Clusters.txt",
                "multiqc/global_report/multiqc_data/sav-summary-clusters-reads-lane-plot_Reads.txt",
                "multiqc/global_report/multiqc_plots",
                "multiqc/global_report/multiqc_plots/pdf",
                "multiqc/global_report/multiqc_plots/png",
                "multiqc/global_report/multiqc_plots/svg",
                "multiqc/global_report/multiqc_report.html",
                "multiqc/group_reports",
                "multiqc/group_reports/group1",
                "multiqc/group_reports/group1/multiqc_data",
                "multiqc/group_reports/group1/multiqc_data/llms-full.txt",
                "multiqc/group_reports/group1/multiqc_data/multiqc.log",
                "multiqc/group_reports/group1/multiqc_data/multiqc.parquet",
                "multiqc/group_reports/group1/multiqc_data/multiqc_citations.txt",
                "multiqc/group_reports/group1/multiqc_data/multiqc_data.json",
                "multiqc/group_reports/group1/multiqc_data/multiqc_software_versions.txt",
                "multiqc/group_reports/group1/multiqc_data/multiqc_sources.txt",
                "multiqc/group_reports/group1/multiqc_report.html",
                "multiqc/group_reports/group2",
                "multiqc/group_reports/group2/multiqc_data",
                "multiqc/group_reports/group2/multiqc_data/llms-full.txt",
                "multiqc/group_reports/group2/multiqc_data/multiqc.log",
                "multiqc/group_reports/group2/multiqc_data/multiqc.parquet",
                "multiqc/group_reports/group2/multiqc_data/multiqc_citations.txt",
                "multiqc/group_reports/group2/multiqc_data/multiqc_data.json",
                "multiqc/group_reports/group2/multiqc_data/multiqc_software_versions.txt",
                "multiqc/group_reports/group2/multiqc_data/multiqc_sources.txt",
                "multiqc/group_reports/group2/multiqc_report.html",
                "multiqc/group_reports/lane1",
                "multiqc/group_reports/lane1/multiqc_data",
                "multiqc/group_reports/lane1/multiqc_data/llms-full.txt",
                "multiqc/group_reports/lane1/multiqc_data/multiqc.log",
                "multiqc/group_reports/lane1/multiqc_data/multiqc.parquet",
                "multiqc/group_reports/lane1/multiqc_data/multiqc_citations.txt",
                "multiqc/group_reports/lane1/multiqc_data/multiqc_data.json",
                "multiqc/group_reports/lane1/multiqc_data/multiqc_software_versions.txt",
                "multiqc/group_reports/lane1/multiqc_data/multiqc_sources.txt",
                "multiqc/group_reports/lane1/multiqc_report.html",
                "multiqc/group_reports/test",
                "multiqc/group_reports/test/multiqc_data",
                "multiqc/group_reports/test/multiqc_data/llms-full.txt",
                "multiqc/group_reports/test/multiqc_data/multiqc.log",
                "multiqc/group_reports/test/multiqc_data/multiqc.parquet",
                "multiqc/group_reports/test/multiqc_data/multiqc_citations.txt",
                "multiqc/group_reports/test/multiqc_data/multiqc_data.json",
                "multiqc/group_reports/test/multiqc_data/multiqc_software_versions.txt",
                "multiqc/group_reports/test/multiqc_data/multiqc_sources.txt",
                "multiqc/group_reports/test/multiqc_report.html",
                "pipeline_info",
                "pipeline_info/nf_core_seqinspector_software_mqc_versions.yml"
            ],
            [
                "fastqc-status-check-heatmap.txt:md5,7a64380ec42aac56949a2d9a4176d4d9",
                "fastqc_overrepresented_sequences_plot.txt:md5,c7908980f1dba22b45cf6de14a66a686",
                "fastqc_per_base_n_content_plot.txt:md5,8aafe701b59b4e70ccec86748c7d6eb3",
                "fastqc_per_base_sequence_quality_plot.txt:md5,c2bbc52a285a46ab8c548bca3b721e13",
                "fastqc_per_sequence_gc_content_plot_Counts.txt:md5,a422f61a00f0839ef0d630d2e4524589",
                "fastqc_per_sequence_gc_content_plot_Percentages.txt:md5,0e5a0cd0b0f8e66b3617f1ac19822d77",
                "fastqc_per_sequence_quality_scores_plot.txt:md5,cbaa7c7033c526483584376275a8b33e",
                "fastqc_sequence_counts_plot.txt:md5,d8ab86dbfce0c740f4a66a080803a0b9",
                "fastqc_sequence_duplication_levels_plot.txt:md5,f86012b3074d697c9a2b3bd67a074288",
                "fastqc_sequence_length_distribution_plot.txt:md5,9d4fd245e8e1d5baa473a8bdffcd3e38",
                "multiqc_citations.txt:md5,4c806e63a283ec1b7e78cdae3a923d4f",
                "multiqc_fastqc.txt:md5,23b698f1e957a26f49a9ad9bbdece908",
                "multiqc_sav.txt:md5,28056766e8c9917cd1cd715b37ab3ac3",
                "sav-intensity-vs-cycle-plot.txt:md5,17b1f5cfb2d0d200ce6341483eaafc17",
                "sav-lane-metrics-summary-table.txt:md5,7759b5caa6c41701eedf7d640f5b3855",
                "sav-pf-vs-occ-plot.txt:md5,b632e7602ded52e528f29930ff949087",
                "sav-qscore-heatmap-plot.txt:md5,7c842e1152c451667ad85ab50336dd59",
                "sav-qscore-histogram-plot.txt:md5,b4e6ef0d32113e403c00ce1cf2f179dc",
                "sav-read-metrics-summary-table.txt:md5,67c8914255705ee915ef0f4c9f79851b",
                "sav-summary-clusters-reads-lane-plot_Clusters.txt:md5,455720e9c81085d102ad6328ea29b3ba",
                "sav-summary-clusters-reads-lane-plot_Reads.txt:md5,e065c617aef911133450f85afecc2779",
                "multiqc_citations.txt:md5,4c806e63a283ec1b7e78cdae3a923d4f",
                "multiqc_citations.txt:md5,4c806e63a283ec1b7e78cdae3a923d4f",
                "multiqc_citations.txt:md5,4c806e63a283ec1b7e78cdae3a923d4f",
                "multiqc_citations.txt:md5,4c806e63a283ec1b7e78cdae3a923d4f"
            ],
            "No BAM files",
            [
                "WARN: No rundir for sample(s): SampleA_02, sampletest_04",
                "WARN: No samples with rundir found, skipping MULTIQC_SAV"
            ]
        ],
        "timestamp": "2026-03-19T09:17:25.885937476",
        "meta": {
            "nf-test": "0.9.4",
            "nextflow": "25.10.4"
        }
    },
    "NovaSeq6000 data test - fastqc,multiqcsav - no rundir": {
        "content": [
            10,
            {
                "FASTQC": {
                    "fastqc": "0.12.1"
                }
            },
            [
                "fastqc",
                "fastqc/Sample1_01_fastqc.html",
                "fastqc/Sample1_01_fastqc.zip",
                "fastqc/Sample23_03_fastqc.html",
                "fastqc/Sample23_03_fastqc.zip",
                "fastqc/SampleA_02_fastqc.html",
                "fastqc/SampleA_02_fastqc.zip",
                "fastqc/Undetermined_05_fastqc.html",
                "fastqc/Undetermined_05_fastqc.zip",
                "fastqc/sampletest_04_fastqc.html",
                "fastqc/sampletest_04_fastqc.zip",
                "multiqc",
                "multiqc/global_report",
                "multiqc/global_report/multiqc_data",
                "multiqc/global_report/multiqc_data/fastqc-status-check-heatmap.txt",
                "multiqc/global_report/multiqc_data/fastqc_overrepresented_sequences_plot.txt",
                "multiqc/global_report/multiqc_data/fastqc_per_base_n_content_plot.txt",
                "multiqc/global_report/multiqc_data/fastqc_per_base_sequence_quality_plot.txt",
                "multiqc/global_report/multiqc_data/fastqc_per_sequence_gc_content_plot_Counts.txt",
                "multiqc/global_report/multiqc_data/fastqc_per_sequence_gc_content_plot_Percentages.txt",
                "multiqc/global_report/multiqc_data/fastqc_per_sequence_quality_scores_plot.txt",
                "multiqc/global_report/multiqc_data/fastqc_sequence_counts_plot.txt",
                "multiqc/global_report/multiqc_data/fastqc_sequence_duplication_levels_plot.txt",
                "multiqc/global_report/multiqc_data/fastqc_sequence_length_distribution_plot.txt",
                "multiqc/global_report/multiqc_data/fastqc_top_overrepresented_sequences_table.txt",
                "multiqc/global_report/multiqc_data/llms-full.txt",
                "multiqc/global_report/multiqc_data/multiqc.log",
                "multiqc/global_report/multiqc_data/multiqc.parquet",
                "multiqc/global_report/multiqc_data/multiqc_citations.txt",
                "multiqc/global_report/multiqc_data/multiqc_data.json",
                "multiqc/global_report/multiqc_data/multiqc_fastqc.txt",
                "multiqc/global_report/multiqc_data/multiqc_general_stats.txt",
                "multiqc/global_report/multiqc_data/multiqc_software_versions.txt",
                "multiqc/global_report/multiqc_data/multiqc_sources.txt",
                "multiqc/global_report/multiqc_plots",
                "multiqc/global_report/multiqc_plots/pdf",
                "multiqc/global_report/multiqc_plots/png",
                "multiqc/global_report/multiqc_plots/svg",
                "multiqc/global_report/multiqc_report.html",
                "multiqc/group_reports",
                "multiqc/group_reports/group1",
                "multiqc/group_reports/group1/multiqc_data",
                "multiqc/group_reports/group1/multiqc_data/llms-full.txt",
                "multiqc/group_reports/group1/multiqc_data/multiqc.log",
                "multiqc/group_reports/group1/multiqc_data/multiqc.parquet",
                "multiqc/group_reports/group1/multiqc_data/multiqc_citations.txt",
                "multiqc/group_reports/group1/multiqc_data/multiqc_data.json",
                "multiqc/group_reports/group1/multiqc_data/multiqc_software_versions.txt",
                "multiqc/group_reports/group1/multiqc_data/multiqc_sources.txt",
                "multiqc/group_reports/group1/multiqc_report.html",
                "multiqc/group_reports/group2",
                "multiqc/group_reports/group2/multiqc_data",
                "multiqc/group_reports/group2/multiqc_data/llms-full.txt",
                "multiqc/group_reports/group2/multiqc_data/multiqc.log",
                "multiqc/group_reports/group2/multiqc_data/multiqc.parquet",
                "multiqc/group_reports/group2/multiqc_data/multiqc_citations.txt",
                "multiqc/group_reports/group2/multiqc_data/multiqc_data.json",
                "multiqc/group_reports/group2/multiqc_data/multiqc_software_versions.txt",
                "multiqc/group_reports/group2/multiqc_data/multiqc_sources.txt",
                "multiqc/group_reports/group2/multiqc_report.html",
                "multiqc/group_reports/lane1",
                "multiqc/group_reports/lane1/multiqc_data",
                "multiqc/group_reports/lane1/multiqc_data/llms-full.txt",
                "multiqc/group_reports/lane1/multiqc_data/multiqc.log",
                "multiqc/group_reports/lane1/multiqc_data/multiqc.parquet",
                "multiqc/group_reports/lane1/multiqc_data/multiqc_citations.txt",
                "multiqc/group_reports/lane1/multiqc_data/multiqc_data.json",
                "multiqc/group_reports/lane1/multiqc_data/multiqc_software_versions.txt",
                "multiqc/group_reports/lane1/multiqc_data/multiqc_sources.txt",
                "multiqc/group_reports/lane1/multiqc_report.html",
                "multiqc/group_reports/test",
                "multiqc/group_reports/test/multiqc_data",
                "multiqc/group_reports/test/multiqc_data/llms-full.txt",
                "multiqc/group_reports/test/multiqc_data/multiqc.log",
                "multiqc/group_reports/test/multiqc_data/multiqc.parquet",
                "multiqc/group_reports/test/multiqc_data/multiqc_citations.txt",
                "multiqc/group_reports/test/multiqc_data/multiqc_data.json",
                "multiqc/group_reports/test/multiqc_data/multiqc_software_versions.txt",
                "multiqc/group_reports/test/multiqc_data/multiqc_sources.txt",
                "multiqc/group_reports/test/multiqc_report.html",
                "pipeline_info",
                "pipeline_info/nf_core_seqinspector_software_mqc_versions.yml"
            ],
            [
                "fastqc-status-check-heatmap.txt:md5,7a64380ec42aac56949a2d9a4176d4d9",
                "fastqc_overrepresented_sequences_plot.txt:md5,c7908980f1dba22b45cf6de14a66a686",
                "fastqc_per_base_n_content_plot.txt:md5,8aafe701b59b4e70ccec86748c7d6eb3",
                "fastqc_per_base_sequence_quality_plot.txt:md5,c2bbc52a285a46ab8c548bca3b721e13",
                "fastqc_per_sequence_gc_content_plot_Counts.txt:md5,a422f61a00f0839ef0d630d2e4524589",
                "fastqc_per_sequence_gc_content_plot_Percentages.txt:md5,0e5a0cd0b0f8e66b3617f1ac19822d77",
                "fastqc_per_sequence_quality_scores_plot.txt:md5,cbaa7c7033c526483584376275a8b33e",
                "fastqc_sequence_counts_plot.txt:md5,d8ab86dbfce0c740f4a66a080803a0b9",
                "fastqc_sequence_duplication_levels_plot.txt:md5,f86012b3074d697c9a2b3bd67a074288",
                "fastqc_sequence_length_distribution_plot.txt:md5,9d4fd245e8e1d5baa473a8bdffcd3e38",
                "multiqc_citations.txt:md5,4c806e63a283ec1b7e78cdae3a923d4f",
                "multiqc_fastqc.txt:md5,23b698f1e957a26f49a9ad9bbdece908",
                "multiqc_citations.txt:md5,4c806e63a283ec1b7e78cdae3a923d4f",
                "multiqc_citations.txt:md5,4c806e63a283ec1b7e78cdae3a923d4f",
                "multiqc_citations.txt:md5,4c806e63a283ec1b7e78cdae3a923d4f",
                "multiqc_citations.txt:md5,4c806e63a283ec1b7e78cdae3a923d4f"
            ],
            "No BAM files",
            [
                "WARN: No rundir for sample(s): Sample1_01, Sample23_03, SampleA_02, Undetermined_05, sampletest_04",
                "WARN: No samples with rundir found, skipping MULTIQC_SAV"
            ]
        ],
        "timestamp": "2026-03-19T09:17:53.270636271",
        "meta": {
            "nf-test": "0.9.4",
            "nextflow": "25.10.4"
        }
    },
    "NovaSeq6000 data test - fastqc,multiqcsav": {
        "content": [
            10,
            {
                "FASTQC": {
                    "fastqc": "0.12.1"
                }
            },
            [
                "fastqc",
                "fastqc/Sample1_01_fastqc.html",
                "fastqc/Sample1_01_fastqc.zip",
                "fastqc/Sample23_03_fastqc.html",
                "fastqc/Sample23_03_fastqc.zip",
                "fastqc/SampleA_02_fastqc.html",
                "fastqc/SampleA_02_fastqc.zip",
                "fastqc/Undetermined_05_fastqc.html",
                "fastqc/Undetermined_05_fastqc.zip",
                "fastqc/sampletest_04_fastqc.html",
                "fastqc/sampletest_04_fastqc.zip",
                "multiqc",
                "multiqc/global_report",
                "multiqc/global_report/multiqc_data",
                "multiqc/global_report/multiqc_data/fastqc-status-check-heatmap.txt",
                "multiqc/global_report/multiqc_data/fastqc_overrepresented_sequences_plot.txt",
                "multiqc/global_report/multiqc_data/fastqc_per_base_n_content_plot.txt",
                "multiqc/global_report/multiqc_data/fastqc_per_base_sequence_quality_plot.txt",
                "multiqc/global_report/multiqc_data/fastqc_per_sequence_gc_content_plot_Counts.txt",
                "multiqc/global_report/multiqc_data/fastqc_per_sequence_gc_content_plot_Percentages.txt",
                "multiqc/global_report/multiqc_data/fastqc_per_sequence_quality_scores_plot.txt",
                "multiqc/global_report/multiqc_data/fastqc_sequence_counts_plot.txt",
                "multiqc/global_report/multiqc_data/fastqc_sequence_duplication_levels_plot.txt",
                "multiqc/global_report/multiqc_data/fastqc_sequence_length_distribution_plot.txt",
                "multiqc/global_report/multiqc_data/fastqc_top_overrepresented_sequences_table.txt",
                "multiqc/global_report/multiqc_data/llms-full.txt",
                "multiqc/global_report/multiqc_data/multiqc.log",
                "multiqc/global_report/multiqc_data/multiqc.parquet",
                "multiqc/global_report/multiqc_data/multiqc_citations.txt",
                "multiqc/global_report/multiqc_data/multiqc_data.json",
                "multiqc/global_report/multiqc_data/multiqc_fastqc.txt",
                "multiqc/global_report/multiqc_data/multiqc_general_stats.txt",
                "multiqc/global_report/multiqc_data/multiqc_sav.txt",
                "multiqc/global_report/multiqc_data/multiqc_software_versions.txt",
                "multiqc/global_report/multiqc_data/multiqc_sources.txt",
                "multiqc/global_report/multiqc_data/sav-intensity-vs-cycle-plot.txt",
                "multiqc/global_report/multiqc_data/sav-lane-metrics-summary-table.txt",
                "multiqc/global_report/multiqc_data/sav-pf-vs-occ-plot.txt",
                "multiqc/global_report/multiqc_data/sav-qscore-heatmap-plot.txt",
                "multiqc/global_report/multiqc_data/sav-qscore-histogram-plot.txt",
                "multiqc/global_report/multiqc_data/sav-read-metrics-summary-table.txt",
                "multiqc/global_report/multiqc_data/sav-summary-clusters-reads-lane-plot_Clusters.txt",
                "multiqc/global_report/multiqc_data/sav-summary-clusters-reads-lane-plot_Reads.txt",
                "multiqc/global_report/multiqc_plots",
                "multiqc/global_report/multiqc_plots/pdf",
                "multiqc/global_report/multiqc_plots/png",
                "multiqc/global_report/multiqc_plots/svg",
                "multiqc/global_report/multiqc_report.html",
                "multiqc/group_reports",
                "multiqc/group_reports/group1",
                "multiqc/group_reports/group1/multiqc_data",
                "multiqc/group_reports/group1/multiqc_data/llms-full.txt",
                "multiqc/group_reports/group1/multiqc_data/multiqc.log",
                "multiqc/group_reports/group1/multiqc_data/multiqc.parquet",
                "multiqc/group_reports/group1/multiqc_data/multiqc_citations.txt",
                "multiqc/group_reports/group1/multiqc_data/multiqc_data.json",
                "multiqc/group_reports/group1/multiqc_data/multiqc_software_versions.txt",
                "multiqc/group_reports/group1/multiqc_data/multiqc_sources.txt",
                "multiqc/group_reports/group1/multiqc_report.html",
                "multiqc/group_reports/group2",
                "multiqc/group_reports/group2/multiqc_data",
                "multiqc/group_reports/group2/multiqc_data/llms-full.txt",
                "multiqc/group_reports/group2/multiqc_data/multiqc.log",
                "multiqc/group_reports/group2/multiqc_data/multiqc.parquet",
                "multiqc/group_reports/group2/multiqc_data/multiqc_citations.txt",
                "multiqc/group_reports/group2/multiqc_data/multiqc_data.json",
                "multiqc/group_reports/group2/multiqc_data/multiqc_software_versions.txt",
                "multiqc/group_reports/group2/multiqc_data/multiqc_sources.txt",
                "multiqc/group_reports/group2/multiqc_report.html",
                "multiqc/group_reports/lane1",
                "multiqc/group_reports/lane1/multiqc_data",
                "multiqc/group_reports/lane1/multiqc_data/llms-full.txt",
                "multiqc/group_reports/lane1/multiqc_data/multiqc.log",
                "multiqc/group_reports/lane1/multiqc_data/multiqc.parquet",
                "multiqc/group_reports/lane1/multiqc_data/multiqc_citations.txt",
                "multiqc/group_reports/lane1/multiqc_data/multiqc_data.json",
                "multiqc/group_reports/lane1/multiqc_data/multiqc_software_versions.txt",
                "multiqc/group_reports/lane1/multiqc_data/multiqc_sources.txt",
                "multiqc/group_reports/lane1/multiqc_report.html",
                "multiqc/group_reports/test",
                "multiqc/group_reports/test/multiqc_data",
                "multiqc/group_reports/test/multiqc_data/llms-full.txt",
                "multiqc/group_reports/test/multiqc_data/multiqc.log",
                "multiqc/group_reports/test/multiqc_data/multiqc.parquet",
                "multiqc/group_reports/test/multiqc_data/multiqc_citations.txt",
                "multiqc/group_reports/test/multiqc_data/multiqc_data.json",
                "multiqc/group_reports/test/multiqc_data/multiqc_software_versions.txt",
                "multiqc/group_reports/test/multiqc_data/multiqc_sources.txt",
                "multiqc/group_reports/test/multiqc_report.html",
                "pipeline_info",
                "pipeline_info/nf_core_seqinspector_software_mqc_versions.yml"
            ],
            [
                "fastqc-status-check-heatmap.txt:md5,7a64380ec42aac56949a2d9a4176d4d9",
                "fastqc_overrepresented_sequences_plot.txt:md5,c7908980f1dba22b45cf6de14a66a686",
                "fastqc_per_base_n_content_plot.txt:md5,8aafe701b59b4e70ccec86748c7d6eb3",
                "fastqc_per_base_sequence_quality_plot.txt:md5,c2bbc52a285a46ab8c548bca3b721e13",
                "fastqc_per_sequence_gc_content_plot_Counts.txt:md5,a422f61a00f0839ef0d630d2e4524589",
                "fastqc_per_sequence_gc_content_plot_Percentages.txt:md5,0e5a0cd0b0f8e66b3617f1ac19822d77",
                "fastqc_per_sequence_quality_scores_plot.txt:md5,cbaa7c7033c526483584376275a8b33e",
                "fastqc_sequence_counts_plot.txt:md5,d8ab86dbfce0c740f4a66a080803a0b9",
                "fastqc_sequence_duplication_levels_plot.txt:md5,f86012b3074d697c9a2b3bd67a074288",
                "fastqc_sequence_length_distribution_plot.txt:md5,9d4fd245e8e1d5baa473a8bdffcd3e38",
                "multiqc_citations.txt:md5,4c806e63a283ec1b7e78cdae3a923d4f",
                "multiqc_fastqc.txt:md5,23b698f1e957a26f49a9ad9bbdece908",
                "multiqc_sav.txt:md5,28056766e8c9917cd1cd715b37ab3ac3",
                "sav-intensity-vs-cycle-plot.txt:md5,17b1f5cfb2d0d200ce6341483eaafc17",
                "sav-lane-metrics-summary-table.txt:md5,7759b5caa6c41701eedf7d640f5b3855",
                "sav-pf-vs-occ-plot.txt:md5,b632e7602ded52e528f29930ff949087",
                "sav-qscore-heatmap-plot.txt:md5,7c842e1152c451667ad85ab50336dd59",
                "sav-qscore-histogram-plot.txt:md5,b4e6ef0d32113e403c00ce1cf2f179dc",
                "sav-read-metrics-summary-table.txt:md5,67c8914255705ee915ef0f4c9f79851b",
                "sav-summary-clusters-reads-lane-plot_Clusters.txt:md5,455720e9c81085d102ad6328ea29b3ba",
                "sav-summary-clusters-reads-lane-plot_Reads.txt:md5,e065c617aef911133450f85afecc2779",
                "multiqc_citations.txt:md5,4c806e63a283ec1b7e78cdae3a923d4f",
                "multiqc_citations.txt:md5,4c806e63a283ec1b7e78cdae3a923d4f",
                "multiqc_citations.txt:md5,4c806e63a283ec1b7e78cdae3a923d4f",
                "multiqc_citations.txt:md5,4c806e63a283ec1b7e78cdae3a923d4f"
            ],
            "No BAM files",
            "No warnings"
        ],
        "timestamp": "2026-03-18T16:57:14.969190831",
        "meta": {
            "nf-test": "0.9.4",
            "nextflow": "25.10.4"
        }
    }
}