{
    "NovaSeq6000 data test - kraken2": {
        "content": [
            17,
            {
                
            },
            [
                "kraken2_reports",
                "kraken2_reports/Sample1_01.kraken2.report.txt",
                "kraken2_reports/Sample23_03.kraken2.report.txt",
                "kraken2_reports/SampleA_02.kraken2.report.txt",
                "kraken2_reports/Undetermined_05.kraken2.report.txt",
                "kraken2_reports/krona_reports",
                "kraken2_reports/krona_reports/Sample1_01.html",
                "kraken2_reports/krona_reports/Sample23_03.html",
                "kraken2_reports/krona_reports/SampleA_02.html",
                "kraken2_reports/krona_reports/Undetermined_05.html",
                "kraken2_reports/krona_reports/sampletest_04.html",
                "kraken2_reports/sampletest_04.kraken2.report.txt",
                "kraken2_reports/versions.yml",
                "multiqc",
                "multiqc/global_report",
                "multiqc/global_report/multiqc_data",
                "multiqc/global_report/multiqc_data/kraken-top-n-plot.txt",
                "multiqc/global_report/multiqc_data/llms-full.txt",
                "multiqc/global_report/multiqc_data/multiqc.log",
                "multiqc/global_report/multiqc_data/multiqc.parquet",
                "multiqc/global_report/multiqc_data/multiqc_citations.txt",
                "multiqc/global_report/multiqc_data/multiqc_data.json",
                "multiqc/global_report/multiqc_data/multiqc_general_stats.txt",
                "multiqc/global_report/multiqc_data/multiqc_kraken.txt",
                "multiqc/global_report/multiqc_data/multiqc_software_versions.txt",
                "multiqc/global_report/multiqc_data/multiqc_sources.txt",
                "multiqc/global_report/multiqc_plots",
                "multiqc/global_report/multiqc_plots/pdf",
                "multiqc/global_report/multiqc_plots/pdf/kraken-top-n-plot-cnt.pdf",
                "multiqc/global_report/multiqc_plots/pdf/kraken-top-n-plot-pct.pdf",
                "multiqc/global_report/multiqc_plots/png",
                "multiqc/global_report/multiqc_plots/png/kraken-top-n-plot-cnt.png",
                "multiqc/global_report/multiqc_plots/png/kraken-top-n-plot-pct.png",
                "multiqc/global_report/multiqc_plots/svg",
                "multiqc/global_report/multiqc_plots/svg/kraken-top-n-plot-cnt.svg",
                "multiqc/global_report/multiqc_plots/svg/kraken-top-n-plot-pct.svg",
                "multiqc/global_report/multiqc_report.html",
                "multiqc/group_reports",
                "multiqc/group_reports/group1",
                "multiqc/group_reports/group1/multiqc_data",
                "multiqc/group_reports/group1/multiqc_data/kraken-top-n-plot.txt",
                "multiqc/group_reports/group1/multiqc_data/llms-full.txt",
                "multiqc/group_reports/group1/multiqc_data/multiqc.log",
                "multiqc/group_reports/group1/multiqc_data/multiqc.parquet",
                "multiqc/group_reports/group1/multiqc_data/multiqc_citations.txt",
                "multiqc/group_reports/group1/multiqc_data/multiqc_data.json",
                "multiqc/group_reports/group1/multiqc_data/multiqc_general_stats.txt",
                "multiqc/group_reports/group1/multiqc_data/multiqc_kraken.txt",
                "multiqc/group_reports/group1/multiqc_data/multiqc_software_versions.txt",
                "multiqc/group_reports/group1/multiqc_data/multiqc_sources.txt",
                "multiqc/group_reports/group1/multiqc_plots",
                "multiqc/group_reports/group1/multiqc_plots/pdf",
                "multiqc/group_reports/group1/multiqc_plots/pdf/kraken-top-n-plot-cnt.pdf",
                "multiqc/group_reports/group1/multiqc_plots/pdf/kraken-top-n-plot-pct.pdf",
                "multiqc/group_reports/group1/multiqc_plots/png",
                "multiqc/group_reports/group1/multiqc_plots/png/kraken-top-n-plot-cnt.png",
                "multiqc/group_reports/group1/multiqc_plots/png/kraken-top-n-plot-pct.png",
                "multiqc/group_reports/group1/multiqc_plots/svg",
                "multiqc/group_reports/group1/multiqc_plots/svg/kraken-top-n-plot-cnt.svg",
                "multiqc/group_reports/group1/multiqc_plots/svg/kraken-top-n-plot-pct.svg",
                "multiqc/group_reports/group1/multiqc_report.html",
                "multiqc/group_reports/group2",
                "multiqc/group_reports/group2/multiqc_data",
                "multiqc/group_reports/group2/multiqc_data/kraken-top-n-plot.txt",
                "multiqc/group_reports/group2/multiqc_data/llms-full.txt",
                "multiqc/group_reports/group2/multiqc_data/multiqc.log",
                "multiqc/group_reports/group2/multiqc_data/multiqc.parquet",
                "multiqc/group_reports/group2/multiqc_data/multiqc_citations.txt",
                "multiqc/group_reports/group2/multiqc_data/multiqc_data.json",
                "multiqc/group_reports/group2/multiqc_data/multiqc_general_stats.txt",
                "multiqc/group_reports/group2/multiqc_data/multiqc_kraken.txt",
                "multiqc/group_reports/group2/multiqc_data/multiqc_software_versions.txt",
                "multiqc/group_reports/group2/multiqc_data/multiqc_sources.txt",
                "multiqc/group_reports/group2/multiqc_plots",
                "multiqc/group_reports/group2/multiqc_plots/pdf",
                "multiqc/group_reports/group2/multiqc_plots/pdf/kraken-top-n-plot-cnt.pdf",
                "multiqc/group_reports/group2/multiqc_plots/pdf/kraken-top-n-plot-pct.pdf",
                "multiqc/group_reports/group2/multiqc_plots/png",
                "multiqc/group_reports/group2/multiqc_plots/png/kraken-top-n-plot-cnt.png",
                "multiqc/group_reports/group2/multiqc_plots/png/kraken-top-n-plot-pct.png",
                "multiqc/group_reports/group2/multiqc_plots/svg",
                "multiqc/group_reports/group2/multiqc_plots/svg/kraken-top-n-plot-cnt.svg",
                "multiqc/group_reports/group2/multiqc_plots/svg/kraken-top-n-plot-pct.svg",
                "multiqc/group_reports/group2/multiqc_report.html",
                "multiqc/group_reports/lane1",
                "multiqc/group_reports/lane1/multiqc_data",
                "multiqc/group_reports/lane1/multiqc_data/kraken-top-n-plot.txt",
                "multiqc/group_reports/lane1/multiqc_data/llms-full.txt",
                "multiqc/group_reports/lane1/multiqc_data/multiqc.log",
                "multiqc/group_reports/lane1/multiqc_data/multiqc.parquet",
                "multiqc/group_reports/lane1/multiqc_data/multiqc_citations.txt",
                "multiqc/group_reports/lane1/multiqc_data/multiqc_data.json",
                "multiqc/group_reports/lane1/multiqc_data/multiqc_general_stats.txt",
                "multiqc/group_reports/lane1/multiqc_data/multiqc_kraken.txt",
                "multiqc/group_reports/lane1/multiqc_data/multiqc_software_versions.txt",
                "multiqc/group_reports/lane1/multiqc_data/multiqc_sources.txt",
                "multiqc/group_reports/lane1/multiqc_plots",
                "multiqc/group_reports/lane1/multiqc_plots/pdf",
                "multiqc/group_reports/lane1/multiqc_plots/pdf/kraken-top-n-plot-cnt.pdf",
                "multiqc/group_reports/lane1/multiqc_plots/pdf/kraken-top-n-plot-pct.pdf",
                "multiqc/group_reports/lane1/multiqc_plots/png",
                "multiqc/group_reports/lane1/multiqc_plots/png/kraken-top-n-plot-cnt.png",
                "multiqc/group_reports/lane1/multiqc_plots/png/kraken-top-n-plot-pct.png",
                "multiqc/group_reports/lane1/multiqc_plots/svg",
                "multiqc/group_reports/lane1/multiqc_plots/svg/kraken-top-n-plot-cnt.svg",
                "multiqc/group_reports/lane1/multiqc_plots/svg/kraken-top-n-plot-pct.svg",
                "multiqc/group_reports/lane1/multiqc_report.html",
                "multiqc/group_reports/test",
                "multiqc/group_reports/test/multiqc_data",
                "multiqc/group_reports/test/multiqc_data/kraken-top-n-plot.txt",
                "multiqc/group_reports/test/multiqc_data/llms-full.txt",
                "multiqc/group_reports/test/multiqc_data/multiqc.log",
                "multiqc/group_reports/test/multiqc_data/multiqc.parquet",
                "multiqc/group_reports/test/multiqc_data/multiqc_citations.txt",
                "multiqc/group_reports/test/multiqc_data/multiqc_data.json",
                "multiqc/group_reports/test/multiqc_data/multiqc_general_stats.txt",
                "multiqc/group_reports/test/multiqc_data/multiqc_kraken.txt",
                "multiqc/group_reports/test/multiqc_data/multiqc_software_versions.txt",
                "multiqc/group_reports/test/multiqc_data/multiqc_sources.txt",
                "multiqc/group_reports/test/multiqc_plots",
                "multiqc/group_reports/test/multiqc_plots/pdf",
                "multiqc/group_reports/test/multiqc_plots/pdf/kraken-top-n-plot-cnt.pdf",
                "multiqc/group_reports/test/multiqc_plots/pdf/kraken-top-n-plot-pct.pdf",
                "multiqc/group_reports/test/multiqc_plots/png",
                "multiqc/group_reports/test/multiqc_plots/png/kraken-top-n-plot-cnt.png",
                "multiqc/group_reports/test/multiqc_plots/png/kraken-top-n-plot-pct.png",
                "multiqc/group_reports/test/multiqc_plots/svg",
                "multiqc/group_reports/test/multiqc_plots/svg/kraken-top-n-plot-cnt.svg",
                "multiqc/group_reports/test/multiqc_plots/svg/kraken-top-n-plot-pct.svg",
                "multiqc/group_reports/test/multiqc_report.html",
                "pipeline_info",
                "pipeline_info/nf_core_seqinspector_software_mqc_versions.yml"
            ],
            [
                "Sample1_01.kraken2.report.txt:md5,af1a51fe57eb6d428350ff4a4bf759d4",
                "Sample23_03.kraken2.report.txt:md5,af1a51fe57eb6d428350ff4a4bf759d4",
                "SampleA_02.kraken2.report.txt:md5,af1a51fe57eb6d428350ff4a4bf759d4",
                "Undetermined_05.kraken2.report.txt:md5,af1a51fe57eb6d428350ff4a4bf759d4",
                "Sample1_01.html:md5,e974807175173ca6b7dd4b717c8e600f",
                "Sample23_03.html:md5,0575129eb55a839ebe6e803f44831858",
                "SampleA_02.html:md5,eeae35fbb660c672104eae8478edab66",
                "Undetermined_05.html:md5,03898e5be1130c12a09d3762e1c18b15",
                "sampletest_04.html:md5,bee0ef3fe879d0447188e77c77c2d1ac",
                "sampletest_04.kraken2.report.txt:md5,af1a51fe57eb6d428350ff4a4bf759d4",
                "versions.yml:md5,5a3ead1a0a6b38ea4cc237069ec2316f",
                "kraken-top-n-plot.txt:md5,f3cf965c0db18dc74d44431b39e5d7e3",
                "multiqc_citations.txt:md5,6c7f11ec8908181ce5daed75ddb6dc32",
                "multiqc_kraken.txt:md5,80ae50c85e3b4746675619c1db06bdde",
                "kraken-top-n-plot.txt:md5,6366763836247edaf1929204d69416c3",
                "multiqc_citations.txt:md5,6c7f11ec8908181ce5daed75ddb6dc32",
                "multiqc_kraken.txt:md5,21d76ee79423342e4827227b84c9cb45",
                "kraken-top-n-plot.txt:md5,8e01d7193c097389feeedf268cd50045",
                "multiqc_citations.txt:md5,6c7f11ec8908181ce5daed75ddb6dc32",
                "multiqc_kraken.txt:md5,b122e284af4a1826e56dc988209cf7ae",
                "kraken-top-n-plot.txt:md5,b4256c75890a5536795796e9196d30ae",
                "multiqc_citations.txt:md5,6c7f11ec8908181ce5daed75ddb6dc32",
                "multiqc_kraken.txt:md5,7d913eeca9d2b149e9522062f2c6559f",
                "kraken-top-n-plot.txt:md5,18d5fa7697e8a1db25d7dcdc25bd0b8e",
                "multiqc_citations.txt:md5,6c7f11ec8908181ce5daed75ddb6dc32",
                "multiqc_kraken.txt:md5,792e99607f57c5ccf5d5354015e6444a"
            ],
            "No BAM files",
            "No warnings"
        ],
        "timestamp": "2026-03-13T13:18:08.757901",
        "meta": {
            "nf-test": "0.9.4",
            "nextflow": "25.10.4"
        }
    }
}