{
    "PromethION data test - toulligqc fail - stub": {
        "content": [
            [
                "pipeline_info"
            ],
            "No warnings",
            [
                "ToulligQC is not compatible with the 'emulate_amd64' profile. Please remove ToulligQC from the list of tools if you wish to run seqinspector on this architecture."
            ]
        ],
        "timestamp": "2026-06-17T11:04:04.734103456",
        "meta": {
            "nf-test": "0.9.5",
            "nextflow": "26.04.3"
        }
    },
    "PromethION data test - toulligqc fail": {
        "content": [
            [
                "pipeline_info"
            ],
            "No stable content",
            "No BAM files",
            "No warnings",
            [
                "ToulligQC is not compatible with the 'emulate_amd64' profile. Please remove ToulligQC from the list of tools if you wish to run seqinspector on this architecture."
            ]
        ],
        "timestamp": "2026-04-09T15:08:38.085512222",
        "meta": {
            "nf-test": "0.9.5",
            "nextflow": "25.10.4"
        }
    }
}