{
    "NovaSeq6000 data test - picard_collecthsmetrics and picard_collectmultiplemetrics": {
        "content": [
            28,
            {
                "BWAMEM2_INDEX": {
                    "bwamem2": "2.2.1"
                },
                "BWAMEM2_MEM": {
                    "bwamem2": "2.2.1",
                    "samtools": "1.22.1"
                },
                "PICARD_COLLECTHSMETRICS": {
                    "picard": "3.4.0"
                },
                "PICARD_COLLECTMULTIPLEMETRICS": {
                    "picard": "3.4.0"
                },
                "PICARD_CREATESEQUENCEDICTIONARY": {
                    "picard": "3.4.0"
                },
                "SAMTOOLS_FAIDX": {
                    "samtools": "1.24"
                },
                "SAMTOOLS_INDEX": {
                    "samtools": "1.24"
                }
            },
            [
                "mapped",
                "mapped/Sample1_01",
                "mapped/Sample1_01/Sample1_01.bam",
                "mapped/Sample1_01/Sample1_01.bam.bai",
                "mapped/Sample23_03",
                "mapped/Sample23_03/Sample23_03.bam",
                "mapped/Sample23_03/Sample23_03.bam.bai",
                "mapped/SampleA_02",
                "mapped/SampleA_02/SampleA_02.bam",
                "mapped/SampleA_02/SampleA_02.bam.bai",
                "mapped/Undetermined_05",
                "mapped/Undetermined_05/Undetermined_05.bam",
                "mapped/Undetermined_05/Undetermined_05.bam.bai",
                "mapped/sampletest_04",
                "mapped/sampletest_04/sampletest_04.bam",
                "mapped/sampletest_04/sampletest_04.bam.bai",
                "multiqc",
                "multiqc/global_report",
                "multiqc/global_report/multiqc_data",
                "multiqc/global_report/multiqc_data/llms-full.txt",
                "multiqc/global_report/multiqc_data/multiqc.log",
                "multiqc/global_report/multiqc_data/multiqc.parquet",
                "multiqc/global_report/multiqc_data/multiqc_citations.txt",
                "multiqc/global_report/multiqc_data/multiqc_data.json",
                "multiqc/global_report/multiqc_data/multiqc_general_stats.txt",
                "multiqc/global_report/multiqc_data/multiqc_picard_AlignmentSummaryMetrics.txt",
                "multiqc/global_report/multiqc_data/multiqc_picard_HsMetrics.txt",
                "multiqc/global_report/multiqc_data/multiqc_picard_baseContent.txt",
                "multiqc/global_report/multiqc_data/multiqc_picard_quality_by_cycle.txt",
                "multiqc/global_report/multiqc_data/multiqc_picard_quality_score_distribution.txt",
                "multiqc/global_report/multiqc_data/multiqc_software_versions.txt",
                "multiqc/global_report/multiqc_data/multiqc_sources.txt",
                "multiqc/global_report/multiqc_data/picard_MarkIlluminaAdapters_histogram.txt",
                "multiqc/global_report/multiqc_data/picard_MeanQualityByCycle_histogram.txt",
                "multiqc/global_report/multiqc_data/picard_MeanQualityByCycle_histogram_1.txt",
                "multiqc/global_report/multiqc_data/picard_QualityScoreDistribution_histogram.txt",
                "multiqc/global_report/multiqc_data/picard_alignment_readlength_plot.txt",
                "multiqc/global_report/multiqc_data/picard_alignment_summary.txt",
                "multiqc/global_report/multiqc_data/picard_base_distribution_by_cycle__Adenine.txt",
                "multiqc/global_report/multiqc_data/picard_base_distribution_by_cycle__Cytosine.txt",
                "multiqc/global_report/multiqc_data/picard_base_distribution_by_cycle__Guanine.txt",
                "multiqc/global_report/multiqc_data/picard_base_distribution_by_cycle__Thymine.txt",
                "multiqc/global_report/multiqc_data/picard_base_distribution_by_cycle__Undetermined.txt",
                "multiqc/global_report/multiqc_data/picard_hsmetrics_table.txt",
                "multiqc/global_report/multiqc_data/picard_quality_by_cycle.txt",
                "multiqc/global_report/multiqc_data/picard_quality_score_distribution.txt",
                "multiqc/global_report/multiqc_plots",
                "multiqc/global_report/multiqc_plots/pdf",
                "multiqc/global_report/multiqc_plots/pdf/picard_alignment_readlength_plot.pdf",
                "multiqc/global_report/multiqc_plots/pdf/picard_alignment_summary-cnt.pdf",
                "multiqc/global_report/multiqc_plots/pdf/picard_alignment_summary-pct.pdf",
                "multiqc/global_report/multiqc_plots/pdf/picard_base_distribution_by_cycle__Adenine.pdf",
                "multiqc/global_report/multiqc_plots/pdf/picard_base_distribution_by_cycle__Cytosine.pdf",
                "multiqc/global_report/multiqc_plots/pdf/picard_base_distribution_by_cycle__Guanine.pdf",
                "multiqc/global_report/multiqc_plots/pdf/picard_base_distribution_by_cycle__Thymine.pdf",
                "multiqc/global_report/multiqc_plots/pdf/picard_base_distribution_by_cycle__Undetermined.pdf",
                "multiqc/global_report/multiqc_plots/pdf/picard_hsmetrics_table.pdf",
                "multiqc/global_report/multiqc_plots/pdf/picard_quality_by_cycle.pdf",
                "multiqc/global_report/multiqc_plots/pdf/picard_quality_score_distribution.pdf",
                "multiqc/global_report/multiqc_plots/png",
                "multiqc/global_report/multiqc_plots/png/picard_alignment_readlength_plot.png",
                "multiqc/global_report/multiqc_plots/png/picard_alignment_summary-cnt.png",
                "multiqc/global_report/multiqc_plots/png/picard_alignment_summary-pct.png",
                "multiqc/global_report/multiqc_plots/png/picard_base_distribution_by_cycle__Adenine.png",
                "multiqc/global_report/multiqc_plots/png/picard_base_distribution_by_cycle__Cytosine.png",
                "multiqc/global_report/multiqc_plots/png/picard_base_distribution_by_cycle__Guanine.png",
                "multiqc/global_report/multiqc_plots/png/picard_base_distribution_by_cycle__Thymine.png",
                "multiqc/global_report/multiqc_plots/png/picard_base_distribution_by_cycle__Undetermined.png",
                "multiqc/global_report/multiqc_plots/png/picard_hsmetrics_table.png",
                "multiqc/global_report/multiqc_plots/png/picard_quality_by_cycle.png",
                "multiqc/global_report/multiqc_plots/png/picard_quality_score_distribution.png",
                "multiqc/global_report/multiqc_plots/svg",
                "multiqc/global_report/multiqc_plots/svg/picard_alignment_readlength_plot.svg",
                "multiqc/global_report/multiqc_plots/svg/picard_alignment_summary-cnt.svg",
                "multiqc/global_report/multiqc_plots/svg/picard_alignment_summary-pct.svg",
                "multiqc/global_report/multiqc_plots/svg/picard_base_distribution_by_cycle__Adenine.svg",
                "multiqc/global_report/multiqc_plots/svg/picard_base_distribution_by_cycle__Cytosine.svg",
                "multiqc/global_report/multiqc_plots/svg/picard_base_distribution_by_cycle__Guanine.svg",
                "multiqc/global_report/multiqc_plots/svg/picard_base_distribution_by_cycle__Thymine.svg",
                "multiqc/global_report/multiqc_plots/svg/picard_base_distribution_by_cycle__Undetermined.svg",
                "multiqc/global_report/multiqc_plots/svg/picard_hsmetrics_table.svg",
                "multiqc/global_report/multiqc_plots/svg/picard_quality_by_cycle.svg",
                "multiqc/global_report/multiqc_plots/svg/picard_quality_score_distribution.svg",
                "multiqc/global_report/multiqc_report.html",
                "multiqc/group_reports",
                "multiqc/group_reports/group1",
                "multiqc/group_reports/group1/multiqc_data",
                "multiqc/group_reports/group1/multiqc_data/llms-full.txt",
                "multiqc/group_reports/group1/multiqc_data/multiqc.log",
                "multiqc/group_reports/group1/multiqc_data/multiqc.parquet",
                "multiqc/group_reports/group1/multiqc_data/multiqc_citations.txt",
                "multiqc/group_reports/group1/multiqc_data/multiqc_data.json",
                "multiqc/group_reports/group1/multiqc_data/multiqc_general_stats.txt",
                "multiqc/group_reports/group1/multiqc_data/multiqc_picard_AlignmentSummaryMetrics.txt",
                "multiqc/group_reports/group1/multiqc_data/multiqc_picard_HsMetrics.txt",
                "multiqc/group_reports/group1/multiqc_data/multiqc_picard_baseContent.txt",
                "multiqc/group_reports/group1/multiqc_data/multiqc_picard_quality_by_cycle.txt",
                "multiqc/group_reports/group1/multiqc_data/multiqc_picard_quality_score_distribution.txt",
                "multiqc/group_reports/group1/multiqc_data/multiqc_software_versions.txt",
                "multiqc/group_reports/group1/multiqc_data/multiqc_sources.txt",
                "multiqc/group_reports/group1/multiqc_data/picard_MarkIlluminaAdapters_histogram.txt",
                "multiqc/group_reports/group1/multiqc_data/picard_MeanQualityByCycle_histogram.txt",
                "multiqc/group_reports/group1/multiqc_data/picard_MeanQualityByCycle_histogram_1.txt",
                "multiqc/group_reports/group1/multiqc_data/picard_QualityScoreDistribution_histogram.txt",
                "multiqc/group_reports/group1/multiqc_data/picard_alignment_readlength_plot.txt",
                "multiqc/group_reports/group1/multiqc_data/picard_alignment_summary.txt",
                "multiqc/group_reports/group1/multiqc_data/picard_base_distribution_by_cycle__Adenine.txt",
                "multiqc/group_reports/group1/multiqc_data/picard_base_distribution_by_cycle__Cytosine.txt",
                "multiqc/group_reports/group1/multiqc_data/picard_base_distribution_by_cycle__Guanine.txt",
                "multiqc/group_reports/group1/multiqc_data/picard_base_distribution_by_cycle__Thymine.txt",
                "multiqc/group_reports/group1/multiqc_data/picard_base_distribution_by_cycle__Undetermined.txt",
                "multiqc/group_reports/group1/multiqc_data/picard_hsmetrics_table.txt",
                "multiqc/group_reports/group1/multiqc_data/picard_quality_by_cycle.txt",
                "multiqc/group_reports/group1/multiqc_data/picard_quality_score_distribution.txt",
                "multiqc/group_reports/group1/multiqc_plots",
                "multiqc/group_reports/group1/multiqc_plots/pdf",
                "multiqc/group_reports/group1/multiqc_plots/pdf/picard_alignment_readlength_plot.pdf",
                "multiqc/group_reports/group1/multiqc_plots/pdf/picard_alignment_summary-cnt.pdf",
                "multiqc/group_reports/group1/multiqc_plots/pdf/picard_alignment_summary-pct.pdf",
                "multiqc/group_reports/group1/multiqc_plots/pdf/picard_base_distribution_by_cycle__Adenine.pdf",
                "multiqc/group_reports/group1/multiqc_plots/pdf/picard_base_distribution_by_cycle__Cytosine.pdf",
                "multiqc/group_reports/group1/multiqc_plots/pdf/picard_base_distribution_by_cycle__Guanine.pdf",
                "multiqc/group_reports/group1/multiqc_plots/pdf/picard_base_distribution_by_cycle__Thymine.pdf",
                "multiqc/group_reports/group1/multiqc_plots/pdf/picard_base_distribution_by_cycle__Undetermined.pdf",
                "multiqc/group_reports/group1/multiqc_plots/pdf/picard_hsmetrics_table.pdf",
                "multiqc/group_reports/group1/multiqc_plots/pdf/picard_quality_by_cycle.pdf",
                "multiqc/group_reports/group1/multiqc_plots/pdf/picard_quality_score_distribution.pdf",
                "multiqc/group_reports/group1/multiqc_plots/png",
                "multiqc/group_reports/group1/multiqc_plots/png/picard_alignment_readlength_plot.png",
                "multiqc/group_reports/group1/multiqc_plots/png/picard_alignment_summary-cnt.png",
                "multiqc/group_reports/group1/multiqc_plots/png/picard_alignment_summary-pct.png",
                "multiqc/group_reports/group1/multiqc_plots/png/picard_base_distribution_by_cycle__Adenine.png",
                "multiqc/group_reports/group1/multiqc_plots/png/picard_base_distribution_by_cycle__Cytosine.png",
                "multiqc/group_reports/group1/multiqc_plots/png/picard_base_distribution_by_cycle__Guanine.png",
                "multiqc/group_reports/group1/multiqc_plots/png/picard_base_distribution_by_cycle__Thymine.png",
                "multiqc/group_reports/group1/multiqc_plots/png/picard_base_distribution_by_cycle__Undetermined.png",
                "multiqc/group_reports/group1/multiqc_plots/png/picard_hsmetrics_table.png",
                "multiqc/group_reports/group1/multiqc_plots/png/picard_quality_by_cycle.png",
                "multiqc/group_reports/group1/multiqc_plots/png/picard_quality_score_distribution.png",
                "multiqc/group_reports/group1/multiqc_plots/svg",
                "multiqc/group_reports/group1/multiqc_plots/svg/picard_alignment_readlength_plot.svg",
                "multiqc/group_reports/group1/multiqc_plots/svg/picard_alignment_summary-cnt.svg",
                "multiqc/group_reports/group1/multiqc_plots/svg/picard_alignment_summary-pct.svg",
                "multiqc/group_reports/group1/multiqc_plots/svg/picard_base_distribution_by_cycle__Adenine.svg",
                "multiqc/group_reports/group1/multiqc_plots/svg/picard_base_distribution_by_cycle__Cytosine.svg",
                "multiqc/group_reports/group1/multiqc_plots/svg/picard_base_distribution_by_cycle__Guanine.svg",
                "multiqc/group_reports/group1/multiqc_plots/svg/picard_base_distribution_by_cycle__Thymine.svg",
                "multiqc/group_reports/group1/multiqc_plots/svg/picard_base_distribution_by_cycle__Undetermined.svg",
                "multiqc/group_reports/group1/multiqc_plots/svg/picard_hsmetrics_table.svg",
                "multiqc/group_reports/group1/multiqc_plots/svg/picard_quality_by_cycle.svg",
                "multiqc/group_reports/group1/multiqc_plots/svg/picard_quality_score_distribution.svg",
                "multiqc/group_reports/group1/multiqc_report.html",
                "multiqc/group_reports/group2",
                "multiqc/group_reports/group2/multiqc_data",
                "multiqc/group_reports/group2/multiqc_data/llms-full.txt",
                "multiqc/group_reports/group2/multiqc_data/multiqc.log",
                "multiqc/group_reports/group2/multiqc_data/multiqc.parquet",
                "multiqc/group_reports/group2/multiqc_data/multiqc_citations.txt",
                "multiqc/group_reports/group2/multiqc_data/multiqc_data.json",
                "multiqc/group_reports/group2/multiqc_data/multiqc_general_stats.txt",
                "multiqc/group_reports/group2/multiqc_data/multiqc_picard_AlignmentSummaryMetrics.txt",
                "multiqc/group_reports/group2/multiqc_data/multiqc_picard_HsMetrics.txt",
                "multiqc/group_reports/group2/multiqc_data/multiqc_picard_baseContent.txt",
                "multiqc/group_reports/group2/multiqc_data/multiqc_picard_quality_by_cycle.txt",
                "multiqc/group_reports/group2/multiqc_data/multiqc_picard_quality_score_distribution.txt",
                "multiqc/group_reports/group2/multiqc_data/multiqc_software_versions.txt",
                "multiqc/group_reports/group2/multiqc_data/multiqc_sources.txt",
                "multiqc/group_reports/group2/multiqc_data/picard_MarkIlluminaAdapters_histogram.txt",
                "multiqc/group_reports/group2/multiqc_data/picard_MeanQualityByCycle_histogram.txt",
                "multiqc/group_reports/group2/multiqc_data/picard_MeanQualityByCycle_histogram_1.txt",
                "multiqc/group_reports/group2/multiqc_data/picard_QualityScoreDistribution_histogram.txt",
                "multiqc/group_reports/group2/multiqc_data/picard_alignment_readlength_plot.txt",
                "multiqc/group_reports/group2/multiqc_data/picard_alignment_summary.txt",
                "multiqc/group_reports/group2/multiqc_data/picard_base_distribution_by_cycle__Adenine.txt",
                "multiqc/group_reports/group2/multiqc_data/picard_base_distribution_by_cycle__Cytosine.txt",
                "multiqc/group_reports/group2/multiqc_data/picard_base_distribution_by_cycle__Guanine.txt",
                "multiqc/group_reports/group2/multiqc_data/picard_base_distribution_by_cycle__Thymine.txt",
                "multiqc/group_reports/group2/multiqc_data/picard_base_distribution_by_cycle__Undetermined.txt",
                "multiqc/group_reports/group2/multiqc_data/picard_hsmetrics_table.txt",
                "multiqc/group_reports/group2/multiqc_data/picard_quality_by_cycle.txt",
                "multiqc/group_reports/group2/multiqc_data/picard_quality_score_distribution.txt",
                "multiqc/group_reports/group2/multiqc_plots",
                "multiqc/group_reports/group2/multiqc_plots/pdf",
                "multiqc/group_reports/group2/multiqc_plots/pdf/picard_alignment_readlength_plot.pdf",
                "multiqc/group_reports/group2/multiqc_plots/pdf/picard_alignment_summary-cnt.pdf",
                "multiqc/group_reports/group2/multiqc_plots/pdf/picard_alignment_summary-pct.pdf",
                "multiqc/group_reports/group2/multiqc_plots/pdf/picard_base_distribution_by_cycle__Adenine.pdf",
                "multiqc/group_reports/group2/multiqc_plots/pdf/picard_base_distribution_by_cycle__Cytosine.pdf",
                "multiqc/group_reports/group2/multiqc_plots/pdf/picard_base_distribution_by_cycle__Guanine.pdf",
                "multiqc/group_reports/group2/multiqc_plots/pdf/picard_base_distribution_by_cycle__Thymine.pdf",
                "multiqc/group_reports/group2/multiqc_plots/pdf/picard_base_distribution_by_cycle__Undetermined.pdf",
                "multiqc/group_reports/group2/multiqc_plots/pdf/picard_hsmetrics_table.pdf",
                "multiqc/group_reports/group2/multiqc_plots/pdf/picard_quality_by_cycle.pdf",
                "multiqc/group_reports/group2/multiqc_plots/pdf/picard_quality_score_distribution.pdf",
                "multiqc/group_reports/group2/multiqc_plots/png",
                "multiqc/group_reports/group2/multiqc_plots/png/picard_alignment_readlength_plot.png",
                "multiqc/group_reports/group2/multiqc_plots/png/picard_alignment_summary-cnt.png",
                "multiqc/group_reports/group2/multiqc_plots/png/picard_alignment_summary-pct.png",
                "multiqc/group_reports/group2/multiqc_plots/png/picard_base_distribution_by_cycle__Adenine.png",
                "multiqc/group_reports/group2/multiqc_plots/png/picard_base_distribution_by_cycle__Cytosine.png",
                "multiqc/group_reports/group2/multiqc_plots/png/picard_base_distribution_by_cycle__Guanine.png",
                "multiqc/group_reports/group2/multiqc_plots/png/picard_base_distribution_by_cycle__Thymine.png",
                "multiqc/group_reports/group2/multiqc_plots/png/picard_base_distribution_by_cycle__Undetermined.png",
                "multiqc/group_reports/group2/multiqc_plots/png/picard_hsmetrics_table.png",
                "multiqc/group_reports/group2/multiqc_plots/png/picard_quality_by_cycle.png",
                "multiqc/group_reports/group2/multiqc_plots/png/picard_quality_score_distribution.png",
                "multiqc/group_reports/group2/multiqc_plots/svg",
                "multiqc/group_reports/group2/multiqc_plots/svg/picard_alignment_readlength_plot.svg",
                "multiqc/group_reports/group2/multiqc_plots/svg/picard_alignment_summary-cnt.svg",
                "multiqc/group_reports/group2/multiqc_plots/svg/picard_alignment_summary-pct.svg",
                "multiqc/group_reports/group2/multiqc_plots/svg/picard_base_distribution_by_cycle__Adenine.svg",
                "multiqc/group_reports/group2/multiqc_plots/svg/picard_base_distribution_by_cycle__Cytosine.svg",
                "multiqc/group_reports/group2/multiqc_plots/svg/picard_base_distribution_by_cycle__Guanine.svg",
                "multiqc/group_reports/group2/multiqc_plots/svg/picard_base_distribution_by_cycle__Thymine.svg",
                "multiqc/group_reports/group2/multiqc_plots/svg/picard_base_distribution_by_cycle__Undetermined.svg",
                "multiqc/group_reports/group2/multiqc_plots/svg/picard_hsmetrics_table.svg",
                "multiqc/group_reports/group2/multiqc_plots/svg/picard_quality_by_cycle.svg",
                "multiqc/group_reports/group2/multiqc_plots/svg/picard_quality_score_distribution.svg",
                "multiqc/group_reports/group2/multiqc_report.html",
                "multiqc/group_reports/lane1",
                "multiqc/group_reports/lane1/multiqc_data",
                "multiqc/group_reports/lane1/multiqc_data/llms-full.txt",
                "multiqc/group_reports/lane1/multiqc_data/multiqc.log",
                "multiqc/group_reports/lane1/multiqc_data/multiqc.parquet",
                "multiqc/group_reports/lane1/multiqc_data/multiqc_citations.txt",
                "multiqc/group_reports/lane1/multiqc_data/multiqc_data.json",
                "multiqc/group_reports/lane1/multiqc_data/multiqc_general_stats.txt",
                "multiqc/group_reports/lane1/multiqc_data/multiqc_picard_AlignmentSummaryMetrics.txt",
                "multiqc/group_reports/lane1/multiqc_data/multiqc_picard_HsMetrics.txt",
                "multiqc/group_reports/lane1/multiqc_data/multiqc_picard_baseContent.txt",
                "multiqc/group_reports/lane1/multiqc_data/multiqc_picard_quality_by_cycle.txt",
                "multiqc/group_reports/lane1/multiqc_data/multiqc_picard_quality_score_distribution.txt",
                "multiqc/group_reports/lane1/multiqc_data/multiqc_software_versions.txt",
                "multiqc/group_reports/lane1/multiqc_data/multiqc_sources.txt",
                "multiqc/group_reports/lane1/multiqc_data/picard_MarkIlluminaAdapters_histogram.txt",
                "multiqc/group_reports/lane1/multiqc_data/picard_MeanQualityByCycle_histogram.txt",
                "multiqc/group_reports/lane1/multiqc_data/picard_MeanQualityByCycle_histogram_1.txt",
                "multiqc/group_reports/lane1/multiqc_data/picard_QualityScoreDistribution_histogram.txt",
                "multiqc/group_reports/lane1/multiqc_data/picard_alignment_readlength_plot.txt",
                "multiqc/group_reports/lane1/multiqc_data/picard_alignment_summary.txt",
                "multiqc/group_reports/lane1/multiqc_data/picard_base_distribution_by_cycle__Adenine.txt",
                "multiqc/group_reports/lane1/multiqc_data/picard_base_distribution_by_cycle__Cytosine.txt",
                "multiqc/group_reports/lane1/multiqc_data/picard_base_distribution_by_cycle__Guanine.txt",
                "multiqc/group_reports/lane1/multiqc_data/picard_base_distribution_by_cycle__Thymine.txt",
                "multiqc/group_reports/lane1/multiqc_data/picard_base_distribution_by_cycle__Undetermined.txt",
                "multiqc/group_reports/lane1/multiqc_data/picard_hsmetrics_table.txt",
                "multiqc/group_reports/lane1/multiqc_data/picard_quality_by_cycle.txt",
                "multiqc/group_reports/lane1/multiqc_data/picard_quality_score_distribution.txt",
                "multiqc/group_reports/lane1/multiqc_plots",
                "multiqc/group_reports/lane1/multiqc_plots/pdf",
                "multiqc/group_reports/lane1/multiqc_plots/pdf/picard_alignment_readlength_plot.pdf",
                "multiqc/group_reports/lane1/multiqc_plots/pdf/picard_alignment_summary-cnt.pdf",
                "multiqc/group_reports/lane1/multiqc_plots/pdf/picard_alignment_summary-pct.pdf",
                "multiqc/group_reports/lane1/multiqc_plots/pdf/picard_base_distribution_by_cycle__Adenine.pdf",
                "multiqc/group_reports/lane1/multiqc_plots/pdf/picard_base_distribution_by_cycle__Cytosine.pdf",
                "multiqc/group_reports/lane1/multiqc_plots/pdf/picard_base_distribution_by_cycle__Guanine.pdf",
                "multiqc/group_reports/lane1/multiqc_plots/pdf/picard_base_distribution_by_cycle__Thymine.pdf",
                "multiqc/group_reports/lane1/multiqc_plots/pdf/picard_base_distribution_by_cycle__Undetermined.pdf",
                "multiqc/group_reports/lane1/multiqc_plots/pdf/picard_hsmetrics_table.pdf",
                "multiqc/group_reports/lane1/multiqc_plots/pdf/picard_quality_by_cycle.pdf",
                "multiqc/group_reports/lane1/multiqc_plots/pdf/picard_quality_score_distribution.pdf",
                "multiqc/group_reports/lane1/multiqc_plots/png",
                "multiqc/group_reports/lane1/multiqc_plots/png/picard_alignment_readlength_plot.png",
                "multiqc/group_reports/lane1/multiqc_plots/png/picard_alignment_summary-cnt.png",
                "multiqc/group_reports/lane1/multiqc_plots/png/picard_alignment_summary-pct.png",
                "multiqc/group_reports/lane1/multiqc_plots/png/picard_base_distribution_by_cycle__Adenine.png",
                "multiqc/group_reports/lane1/multiqc_plots/png/picard_base_distribution_by_cycle__Cytosine.png",
                "multiqc/group_reports/lane1/multiqc_plots/png/picard_base_distribution_by_cycle__Guanine.png",
                "multiqc/group_reports/lane1/multiqc_plots/png/picard_base_distribution_by_cycle__Thymine.png",
                "multiqc/group_reports/lane1/multiqc_plots/png/picard_base_distribution_by_cycle__Undetermined.png",
                "multiqc/group_reports/lane1/multiqc_plots/png/picard_hsmetrics_table.png",
                "multiqc/group_reports/lane1/multiqc_plots/png/picard_quality_by_cycle.png",
                "multiqc/group_reports/lane1/multiqc_plots/png/picard_quality_score_distribution.png",
                "multiqc/group_reports/lane1/multiqc_plots/svg",
                "multiqc/group_reports/lane1/multiqc_plots/svg/picard_alignment_readlength_plot.svg",
                "multiqc/group_reports/lane1/multiqc_plots/svg/picard_alignment_summary-cnt.svg",
                "multiqc/group_reports/lane1/multiqc_plots/svg/picard_alignment_summary-pct.svg",
                "multiqc/group_reports/lane1/multiqc_plots/svg/picard_base_distribution_by_cycle__Adenine.svg",
                "multiqc/group_reports/lane1/multiqc_plots/svg/picard_base_distribution_by_cycle__Cytosine.svg",
                "multiqc/group_reports/lane1/multiqc_plots/svg/picard_base_distribution_by_cycle__Guanine.svg",
                "multiqc/group_reports/lane1/multiqc_plots/svg/picard_base_distribution_by_cycle__Thymine.svg",
                "multiqc/group_reports/lane1/multiqc_plots/svg/picard_base_distribution_by_cycle__Undetermined.svg",
                "multiqc/group_reports/lane1/multiqc_plots/svg/picard_hsmetrics_table.svg",
                "multiqc/group_reports/lane1/multiqc_plots/svg/picard_quality_by_cycle.svg",
                "multiqc/group_reports/lane1/multiqc_plots/svg/picard_quality_score_distribution.svg",
                "multiqc/group_reports/lane1/multiqc_report.html",
                "multiqc/group_reports/test",
                "multiqc/group_reports/test/multiqc_data",
                "multiqc/group_reports/test/multiqc_data/llms-full.txt",
                "multiqc/group_reports/test/multiqc_data/multiqc.log",
                "multiqc/group_reports/test/multiqc_data/multiqc.parquet",
                "multiqc/group_reports/test/multiqc_data/multiqc_citations.txt",
                "multiqc/group_reports/test/multiqc_data/multiqc_data.json",
                "multiqc/group_reports/test/multiqc_data/multiqc_general_stats.txt",
                "multiqc/group_reports/test/multiqc_data/multiqc_picard_AlignmentSummaryMetrics.txt",
                "multiqc/group_reports/test/multiqc_data/multiqc_picard_HsMetrics.txt",
                "multiqc/group_reports/test/multiqc_data/multiqc_picard_baseContent.txt",
                "multiqc/group_reports/test/multiqc_data/multiqc_picard_quality_by_cycle.txt",
                "multiqc/group_reports/test/multiqc_data/multiqc_picard_quality_score_distribution.txt",
                "multiqc/group_reports/test/multiqc_data/multiqc_software_versions.txt",
                "multiqc/group_reports/test/multiqc_data/multiqc_sources.txt",
                "multiqc/group_reports/test/multiqc_data/picard_MarkIlluminaAdapters_histogram.txt",
                "multiqc/group_reports/test/multiqc_data/picard_MeanQualityByCycle_histogram.txt",
                "multiqc/group_reports/test/multiqc_data/picard_MeanQualityByCycle_histogram_1.txt",
                "multiqc/group_reports/test/multiqc_data/picard_QualityScoreDistribution_histogram.txt",
                "multiqc/group_reports/test/multiqc_data/picard_alignment_readlength_plot.txt",
                "multiqc/group_reports/test/multiqc_data/picard_alignment_summary.txt",
                "multiqc/group_reports/test/multiqc_data/picard_base_distribution_by_cycle__Adenine.txt",
                "multiqc/group_reports/test/multiqc_data/picard_base_distribution_by_cycle__Cytosine.txt",
                "multiqc/group_reports/test/multiqc_data/picard_base_distribution_by_cycle__Guanine.txt",
                "multiqc/group_reports/test/multiqc_data/picard_base_distribution_by_cycle__Thymine.txt",
                "multiqc/group_reports/test/multiqc_data/picard_base_distribution_by_cycle__Undetermined.txt",
                "multiqc/group_reports/test/multiqc_data/picard_hsmetrics_table.txt",
                "multiqc/group_reports/test/multiqc_data/picard_quality_by_cycle.txt",
                "multiqc/group_reports/test/multiqc_data/picard_quality_score_distribution.txt",
                "multiqc/group_reports/test/multiqc_plots",
                "multiqc/group_reports/test/multiqc_plots/pdf",
                "multiqc/group_reports/test/multiqc_plots/pdf/picard_alignment_readlength_plot.pdf",
                "multiqc/group_reports/test/multiqc_plots/pdf/picard_alignment_summary-cnt.pdf",
                "multiqc/group_reports/test/multiqc_plots/pdf/picard_alignment_summary-pct.pdf",
                "multiqc/group_reports/test/multiqc_plots/pdf/picard_base_distribution_by_cycle__Adenine.pdf",
                "multiqc/group_reports/test/multiqc_plots/pdf/picard_base_distribution_by_cycle__Cytosine.pdf",
                "multiqc/group_reports/test/multiqc_plots/pdf/picard_base_distribution_by_cycle__Guanine.pdf",
                "multiqc/group_reports/test/multiqc_plots/pdf/picard_base_distribution_by_cycle__Thymine.pdf",
                "multiqc/group_reports/test/multiqc_plots/pdf/picard_base_distribution_by_cycle__Undetermined.pdf",
                "multiqc/group_reports/test/multiqc_plots/pdf/picard_hsmetrics_table.pdf",
                "multiqc/group_reports/test/multiqc_plots/pdf/picard_quality_by_cycle.pdf",
                "multiqc/group_reports/test/multiqc_plots/pdf/picard_quality_score_distribution.pdf",
                "multiqc/group_reports/test/multiqc_plots/png",
                "multiqc/group_reports/test/multiqc_plots/png/picard_alignment_readlength_plot.png",
                "multiqc/group_reports/test/multiqc_plots/png/picard_alignment_summary-cnt.png",
                "multiqc/group_reports/test/multiqc_plots/png/picard_alignment_summary-pct.png",
                "multiqc/group_reports/test/multiqc_plots/png/picard_base_distribution_by_cycle__Adenine.png",
                "multiqc/group_reports/test/multiqc_plots/png/picard_base_distribution_by_cycle__Cytosine.png",
                "multiqc/group_reports/test/multiqc_plots/png/picard_base_distribution_by_cycle__Guanine.png",
                "multiqc/group_reports/test/multiqc_plots/png/picard_base_distribution_by_cycle__Thymine.png",
                "multiqc/group_reports/test/multiqc_plots/png/picard_base_distribution_by_cycle__Undetermined.png",
                "multiqc/group_reports/test/multiqc_plots/png/picard_hsmetrics_table.png",
                "multiqc/group_reports/test/multiqc_plots/png/picard_quality_by_cycle.png",
                "multiqc/group_reports/test/multiqc_plots/png/picard_quality_score_distribution.png",
                "multiqc/group_reports/test/multiqc_plots/svg",
                "multiqc/group_reports/test/multiqc_plots/svg/picard_alignment_readlength_plot.svg",
                "multiqc/group_reports/test/multiqc_plots/svg/picard_alignment_summary-cnt.svg",
                "multiqc/group_reports/test/multiqc_plots/svg/picard_alignment_summary-pct.svg",
                "multiqc/group_reports/test/multiqc_plots/svg/picard_base_distribution_by_cycle__Adenine.svg",
                "multiqc/group_reports/test/multiqc_plots/svg/picard_base_distribution_by_cycle__Cytosine.svg",
                "multiqc/group_reports/test/multiqc_plots/svg/picard_base_distribution_by_cycle__Guanine.svg",
                "multiqc/group_reports/test/multiqc_plots/svg/picard_base_distribution_by_cycle__Thymine.svg",
                "multiqc/group_reports/test/multiqc_plots/svg/picard_base_distribution_by_cycle__Undetermined.svg",
                "multiqc/group_reports/test/multiqc_plots/svg/picard_hsmetrics_table.svg",
                "multiqc/group_reports/test/multiqc_plots/svg/picard_quality_by_cycle.svg",
                "multiqc/group_reports/test/multiqc_plots/svg/picard_quality_score_distribution.svg",
                "multiqc/group_reports/test/multiqc_report.html",
                "pipeline_info",
                "pipeline_info/nf_core_seqinspector_software_mqc_versions.yml",
                "references",
                "references/R64-1-1.dict",
                "references/bwamem2",
                "references/bwamem2/genome.fa.0123",
                "references/bwamem2/genome.fa.amb",
                "references/bwamem2/genome.fa.ann",
                "references/bwamem2/genome.fa.bwt.2bit.64",
                "references/bwamem2/genome.fa.pac",
                "references/genome.fa.fai",
                "reports",
                "reports/picard_collecthsmetrics",
                "reports/picard_collecthsmetrics/Sample1_01",
                "reports/picard_collecthsmetrics/Sample1_01/Sample1_01.CollectHsMetrics.coverage_metrics",
                "reports/picard_collecthsmetrics/Sample23_03",
                "reports/picard_collecthsmetrics/Sample23_03/Sample23_03.CollectHsMetrics.coverage_metrics",
                "reports/picard_collecthsmetrics/SampleA_02",
                "reports/picard_collecthsmetrics/SampleA_02/SampleA_02.CollectHsMetrics.coverage_metrics",
                "reports/picard_collecthsmetrics/Undetermined_05",
                "reports/picard_collecthsmetrics/Undetermined_05/Undetermined_05.CollectHsMetrics.coverage_metrics",
                "reports/picard_collecthsmetrics/sampletest_04",
                "reports/picard_collecthsmetrics/sampletest_04/sampletest_04.CollectHsMetrics.coverage_metrics",
                "reports/picard_collectmultiplemetrics",
                "reports/picard_collectmultiplemetrics/Sample1_01",
                "reports/picard_collectmultiplemetrics/Sample1_01/Sample1_01.CollectMultipleMetrics.alignment_summary_metrics",
                "reports/picard_collectmultiplemetrics/Sample1_01/Sample1_01.CollectMultipleMetrics.base_distribution_by_cycle_metrics",
                "reports/picard_collectmultiplemetrics/Sample1_01/Sample1_01.CollectMultipleMetrics.quality_by_cycle_metrics",
                "reports/picard_collectmultiplemetrics/Sample1_01/Sample1_01.CollectMultipleMetrics.quality_distribution_metrics",
                "reports/picard_collectmultiplemetrics/Sample23_03",
                "reports/picard_collectmultiplemetrics/Sample23_03/Sample23_03.CollectMultipleMetrics.alignment_summary_metrics",
                "reports/picard_collectmultiplemetrics/Sample23_03/Sample23_03.CollectMultipleMetrics.base_distribution_by_cycle_metrics",
                "reports/picard_collectmultiplemetrics/Sample23_03/Sample23_03.CollectMultipleMetrics.quality_by_cycle_metrics",
                "reports/picard_collectmultiplemetrics/Sample23_03/Sample23_03.CollectMultipleMetrics.quality_distribution_metrics",
                "reports/picard_collectmultiplemetrics/SampleA_02",
                "reports/picard_collectmultiplemetrics/SampleA_02/SampleA_02.CollectMultipleMetrics.alignment_summary_metrics",
                "reports/picard_collectmultiplemetrics/SampleA_02/SampleA_02.CollectMultipleMetrics.base_distribution_by_cycle_metrics",
                "reports/picard_collectmultiplemetrics/SampleA_02/SampleA_02.CollectMultipleMetrics.quality_by_cycle_metrics",
                "reports/picard_collectmultiplemetrics/SampleA_02/SampleA_02.CollectMultipleMetrics.quality_distribution_metrics",
                "reports/picard_collectmultiplemetrics/Undetermined_05",
                "reports/picard_collectmultiplemetrics/Undetermined_05/Undetermined_05.CollectMultipleMetrics.alignment_summary_metrics",
                "reports/picard_collectmultiplemetrics/Undetermined_05/Undetermined_05.CollectMultipleMetrics.base_distribution_by_cycle_metrics",
                "reports/picard_collectmultiplemetrics/Undetermined_05/Undetermined_05.CollectMultipleMetrics.quality_by_cycle_metrics",
                "reports/picard_collectmultiplemetrics/Undetermined_05/Undetermined_05.CollectMultipleMetrics.quality_distribution_metrics",
                "reports/picard_collectmultiplemetrics/sampletest_04",
                "reports/picard_collectmultiplemetrics/sampletest_04/sampletest_04.CollectMultipleMetrics.alignment_summary_metrics",
                "reports/picard_collectmultiplemetrics/sampletest_04/sampletest_04.CollectMultipleMetrics.base_distribution_by_cycle_metrics",
                "reports/picard_collectmultiplemetrics/sampletest_04/sampletest_04.CollectMultipleMetrics.quality_by_cycle_metrics",
                "reports/picard_collectmultiplemetrics/sampletest_04/sampletest_04.CollectMultipleMetrics.quality_distribution_metrics"
            ],
            [
                "multiqc_citations.txt:md5,4c806e63a283ec1b7e78cdae3a923d4f",
                "multiqc_picard_AlignmentSummaryMetrics.txt:md5,b113ea40790fa45fa739f224f2710556",
                "multiqc_picard_HsMetrics.txt:md5,aba396c190bc672bfd57722572684c7c",
                "multiqc_picard_baseContent.txt:md5,e06c0dea80cb5cef312436e005aa0095",
                "multiqc_picard_quality_by_cycle.txt:md5,6e13ddbd97caa0eaa52c118966e5f9fa",
                "multiqc_picard_quality_score_distribution.txt:md5,39d3430744e9139020d7af3eb15fc629",
                "picard_MarkIlluminaAdapters_histogram.txt:md5,d41d8cd98f00b204e9800998ecf8427e",
                "picard_MeanQualityByCycle_histogram.txt:md5,d41d8cd98f00b204e9800998ecf8427e",
                "picard_MeanQualityByCycle_histogram_1.txt:md5,6e13ddbd97caa0eaa52c118966e5f9fa",
                "picard_QualityScoreDistribution_histogram.txt:md5,39d3430744e9139020d7af3eb15fc629",
                "picard_alignment_readlength_plot.txt:md5,57ee2de637b69efc49290bb5d4b57905",
                "picard_alignment_summary.txt:md5,3fee23a738a44ee84592cb1144b32775",
                "picard_base_distribution_by_cycle__Adenine.txt:md5,dfb9e50700b61cdbc0344690db202559",
                "picard_base_distribution_by_cycle__Cytosine.txt:md5,5eec2a9bbb5db321c7cbbbee26d90357",
                "picard_base_distribution_by_cycle__Guanine.txt:md5,5b100b42e93792fed754deb276645e61",
                "picard_base_distribution_by_cycle__Thymine.txt:md5,d0317fe5ef2cf1b692526cb9a18aa50c",
                "picard_base_distribution_by_cycle__Undetermined.txt:md5,8aafe701b59b4e70ccec86748c7d6eb3",
                "picard_hsmetrics_table.txt:md5,a01a360843a8911ce08620fd506d6df5",
                "picard_quality_by_cycle.txt:md5,366ee22c93a11c1335f867020bb03da5",
                "picard_quality_score_distribution.txt:md5,17d6f490cb59e16a7ed4b04ffaa1a100",
                "multiqc_citations.txt:md5,4c806e63a283ec1b7e78cdae3a923d4f",
                "multiqc_picard_AlignmentSummaryMetrics.txt:md5,1debd96f9f64c60a8ec742411da51a28",
                "multiqc_picard_HsMetrics.txt:md5,ff14d45c96481f2042a16147e5f1cce7",
                "multiqc_picard_baseContent.txt:md5,afb4046944e302b40faea2233bca535c",
                "multiqc_picard_quality_by_cycle.txt:md5,6a7552b74dd22410c3cab2c750de792e",
                "multiqc_picard_quality_score_distribution.txt:md5,d6343c5f39942bc3f10c194067e6e9bc",
                "picard_MarkIlluminaAdapters_histogram.txt:md5,d41d8cd98f00b204e9800998ecf8427e",
                "picard_MeanQualityByCycle_histogram.txt:md5,d41d8cd98f00b204e9800998ecf8427e",
                "picard_MeanQualityByCycle_histogram_1.txt:md5,6a7552b74dd22410c3cab2c750de792e",
                "picard_QualityScoreDistribution_histogram.txt:md5,d6343c5f39942bc3f10c194067e6e9bc",
                "picard_alignment_readlength_plot.txt:md5,01140e65e813b4ae43aabe662ef2f49a",
                "picard_alignment_summary.txt:md5,79312cf30761025cc6902811c4165290",
                "picard_base_distribution_by_cycle__Adenine.txt:md5,3c3671ac2aa18d883691d59adbfe3b2b",
                "picard_base_distribution_by_cycle__Cytosine.txt:md5,6cc2ae1411899de5542321ff1592b192",
                "picard_base_distribution_by_cycle__Guanine.txt:md5,326471bc846a9fb6b54ff38cbdfb8d90",
                "picard_base_distribution_by_cycle__Thymine.txt:md5,3132dac406a9b9e1f18af658ab856a5c",
                "picard_base_distribution_by_cycle__Undetermined.txt:md5,0ed7f750b500e7c5387ea5309e1ef467",
                "picard_hsmetrics_table.txt:md5,778004bc114ea9354d2276f19f1eb589",
                "picard_quality_by_cycle.txt:md5,fe4e6ab1c849a4f833eae9a8554ea432",
                "picard_quality_score_distribution.txt:md5,c0864f8a1269d8ffd7a51abb6bd3ca2e",
                "multiqc_citations.txt:md5,4c806e63a283ec1b7e78cdae3a923d4f",
                "multiqc_picard_AlignmentSummaryMetrics.txt:md5,3b1929de09267fc1c1a15804cb5bf536",
                "multiqc_picard_HsMetrics.txt:md5,eb0231c84820ff00d7716d99992f6d94",
                "multiqc_picard_baseContent.txt:md5,ff36be9e2642089aa711c637d3cdba29",
                "multiqc_picard_quality_by_cycle.txt:md5,9521c83313eaf5f681ac9a75de83a4b7",
                "multiqc_picard_quality_score_distribution.txt:md5,90b9e29f22fa16cf2b0c4d92caf2dbb0",
                "picard_MarkIlluminaAdapters_histogram.txt:md5,d41d8cd98f00b204e9800998ecf8427e",
                "picard_MeanQualityByCycle_histogram.txt:md5,d41d8cd98f00b204e9800998ecf8427e",
                "picard_MeanQualityByCycle_histogram_1.txt:md5,9521c83313eaf5f681ac9a75de83a4b7",
                "picard_QualityScoreDistribution_histogram.txt:md5,90b9e29f22fa16cf2b0c4d92caf2dbb0",
                "picard_alignment_readlength_plot.txt:md5,9c80659c5c9b2fe9926b789fb67ba6ac",
                "picard_alignment_summary.txt:md5,27bbb1fcdeecd26641938e5622087c23",
                "picard_base_distribution_by_cycle__Adenine.txt:md5,99c5e961a4d26754e68047c8eb983798",
                "picard_base_distribution_by_cycle__Cytosine.txt:md5,44981dd399013d8c06481958be338040",
                "picard_base_distribution_by_cycle__Guanine.txt:md5,b6369a23d3926edb90ae9bfdc6d90526",
                "picard_base_distribution_by_cycle__Thymine.txt:md5,b253d3fca7c07b6a6dfea91725c58102",
                "picard_base_distribution_by_cycle__Undetermined.txt:md5,0f2fd628631d42ed5e6a1db22578daaa",
                "picard_hsmetrics_table.txt:md5,d763e2dbf2b3d8a817eb30e1a77fa734",
                "picard_quality_by_cycle.txt:md5,3c34ae2bd2442a816577b1a794add2d6",
                "picard_quality_score_distribution.txt:md5,0d58c59eac2952e6f71cefc35d4c4477",
                "multiqc_citations.txt:md5,4c806e63a283ec1b7e78cdae3a923d4f",
                "multiqc_picard_AlignmentSummaryMetrics.txt:md5,153c6e6a407ec128b1a02798ca2f1115",
                "multiqc_picard_HsMetrics.txt:md5,2b2ba5d36e5b3519f05326208d6c0489",
                "multiqc_picard_baseContent.txt:md5,6349e514552a0b5a0530fa6f311878a5",
                "multiqc_picard_quality_by_cycle.txt:md5,c0c8b4c0197428d4d50e2c532814e1e2",
                "multiqc_picard_quality_score_distribution.txt:md5,40e0b6faa75e1b51af42407f7ededb0c",
                "picard_MarkIlluminaAdapters_histogram.txt:md5,d41d8cd98f00b204e9800998ecf8427e",
                "picard_MeanQualityByCycle_histogram.txt:md5,d41d8cd98f00b204e9800998ecf8427e",
                "picard_MeanQualityByCycle_histogram_1.txt:md5,c0c8b4c0197428d4d50e2c532814e1e2",
                "picard_QualityScoreDistribution_histogram.txt:md5,40e0b6faa75e1b51af42407f7ededb0c",
                "picard_alignment_readlength_plot.txt:md5,5a19b1f8e2ac49d97f36a7792429419c",
                "picard_alignment_summary.txt:md5,f9f791b7c569cfae07aef70aa630d40e",
                "picard_base_distribution_by_cycle__Adenine.txt:md5,0165f522c84da6b17a286d37dc30abec",
                "picard_base_distribution_by_cycle__Cytosine.txt:md5,6fa0d29d40fe7fa24c166b664b6d4f4b",
                "picard_base_distribution_by_cycle__Guanine.txt:md5,bf2426e09ac1ca4773edfc284c220122",
                "picard_base_distribution_by_cycle__Thymine.txt:md5,3cbace572471ccf6c58673181dd0c0ec",
                "picard_base_distribution_by_cycle__Undetermined.txt:md5,b317ce09cb7a2be2366b544ea9b20ce6",
                "picard_hsmetrics_table.txt:md5,c761bceaa275f7802638eece40784aaf",
                "picard_quality_by_cycle.txt:md5,7cb705007bc97da8c0da7d93201e6975",
                "picard_quality_score_distribution.txt:md5,47d684abae0a8f4f09df43e91d54fb9a",
                "multiqc_citations.txt:md5,4c806e63a283ec1b7e78cdae3a923d4f",
                "multiqc_picard_AlignmentSummaryMetrics.txt:md5,2d05e826f5152fd0143edf7270de1235",
                "multiqc_picard_HsMetrics.txt:md5,c567994efb59c12b0b47c798f165b094",
                "multiqc_picard_baseContent.txt:md5,f3f23899a30a96260d8b5b3020708703",
                "multiqc_picard_quality_by_cycle.txt:md5,c7edfc271ab59ecedad0ab046afd3563",
                "multiqc_picard_quality_score_distribution.txt:md5,7fa89b52b8bc96dd1074aa07cb5a5a54",
                "picard_MarkIlluminaAdapters_histogram.txt:md5,d41d8cd98f00b204e9800998ecf8427e",
                "picard_MeanQualityByCycle_histogram.txt:md5,d41d8cd98f00b204e9800998ecf8427e",
                "picard_MeanQualityByCycle_histogram_1.txt:md5,c7edfc271ab59ecedad0ab046afd3563",
                "picard_QualityScoreDistribution_histogram.txt:md5,7fa89b52b8bc96dd1074aa07cb5a5a54",
                "picard_alignment_readlength_plot.txt:md5,c1519319c4942162b05e6225fea10569",
                "picard_alignment_summary.txt:md5,49f5c0d2cf21a13d5f363cb42cf3790e",
                "picard_base_distribution_by_cycle__Adenine.txt:md5,466a14fc9c09f9f4de02a00e8763cd2a",
                "picard_base_distribution_by_cycle__Cytosine.txt:md5,d5854c22df4ac60b8c47c4002d975fe9",
                "picard_base_distribution_by_cycle__Guanine.txt:md5,c27b5aa2b90397b1302b880dff3ec958",
                "picard_base_distribution_by_cycle__Thymine.txt:md5,6f2a3e9d03f17a93c69476607a1a580d",
                "picard_base_distribution_by_cycle__Undetermined.txt:md5,33b70326d8f888ac5a3d99b85f365e43",
                "picard_hsmetrics_table.txt:md5,ca20275e5a43182f0967ea65b2defa81",
                "picard_quality_by_cycle.txt:md5,0aa028d69d8bb02f0a2bcd0ed08f4235",
                "picard_quality_score_distribution.txt:md5,a2882ff59902dc95830ed4bdb955561a",
                "genome.fa.0123:md5,8af61f4bc59cc2fe7b396db46a2173f3",
                "genome.fa.amb:md5,657cfdf0628d140d645d8d01a24f0c5f",
                "genome.fa.ann:md5,4439f90bdaaf2cdf9089c9f7f07b9d6b",
                "genome.fa.bwt.2bit.64:md5,c9a1ea631cf4ad59f4c3549a030c6c5e",
                "genome.fa.pac:md5,fd24ae5f67c642dfe9453e63350618cc",
                "genome.fa.fai:md5,6f4c0ce5258e6948135ad006e1f9ee1b"
            ],
            [
                "Sample1_01.bam:md5,d06ccfde49cc474faebcab2ebf71b324",
                "Sample23_03.bam:md5,5ff9f554c6255fd07d3841c6616c5031",
                "SampleA_02.bam:md5,250d0031520e59ee59a7112ab1ea32e1",
                "Undetermined_05.bam:md5,8fcc158f1e0736b366152d5e187644ca",
                "sampletest_04.bam:md5,f80371e37421d97499b3bfd55221ed00"
            ],
            "No warnings"
        ],
        "timestamp": "2026-07-13T16:50:56.501313672",
        "meta": {
            "nf-test": "0.9.5",
            "nextflow": "26.04.4"
        }
    },
    "NovaSeq6000 data test - picard_collecthsmetrics and picard_collectmultiplemetrics - stub": {
        "content": [
            28,
            {
                "BWAMEM2_INDEX": {
                    "bwamem2": "2.2.1"
                },
                "BWAMEM2_MEM": {
                    "bwamem2": "2.2.1",
                    "samtools": "1.22.1"
                },
                "PICARD_COLLECTHSMETRICS": {
                    "picard": "3.4.0"
                },
                "PICARD_COLLECTMULTIPLEMETRICS": {
                    "picard": "3.4.0"
                },
                "PICARD_CREATESEQUENCEDICTIONARY": {
                    "picard": "3.4.0"
                },
                "SAMTOOLS_FAIDX": {
                    "samtools": "1.24"
                },
                "SAMTOOLS_INDEX": {
                    "samtools": "1.24"
                }
            },
            [
                "mapped",
                "mapped/Sample1_01",
                "mapped/Sample1_01/Sample1_01.bam",
                "mapped/Sample1_01/Sample1_01.bam.bai",
                "mapped/Sample23_03",
                "mapped/Sample23_03/Sample23_03.bam",
                "mapped/Sample23_03/Sample23_03.bam.bai",
                "mapped/SampleA_02",
                "mapped/SampleA_02/SampleA_02.bam",
                "mapped/SampleA_02/SampleA_02.bam.bai",
                "mapped/Undetermined_05",
                "mapped/Undetermined_05/Undetermined_05.bam",
                "mapped/Undetermined_05/Undetermined_05.bam.bai",
                "mapped/sampletest_04",
                "mapped/sampletest_04/sampletest_04.bam",
                "mapped/sampletest_04/sampletest_04.bam.bai",
                "multiqc",
                "multiqc/global_report",
                "multiqc/global_report/multiqc_data",
                "multiqc/global_report/multiqc_data/.stub",
                "multiqc/global_report/multiqc_plots",
                "multiqc/global_report/multiqc_plots/.stub",
                "multiqc/global_report/multiqc_report.html",
                "multiqc/group_reports",
                "multiqc/group_reports/group1",
                "multiqc/group_reports/group1/multiqc_data",
                "multiqc/group_reports/group1/multiqc_data/.stub",
                "multiqc/group_reports/group1/multiqc_plots",
                "multiqc/group_reports/group1/multiqc_plots/.stub",
                "multiqc/group_reports/group1/multiqc_report.html",
                "multiqc/group_reports/group2",
                "multiqc/group_reports/group2/multiqc_data",
                "multiqc/group_reports/group2/multiqc_data/.stub",
                "multiqc/group_reports/group2/multiqc_plots",
                "multiqc/group_reports/group2/multiqc_plots/.stub",
                "multiqc/group_reports/group2/multiqc_report.html",
                "multiqc/group_reports/lane1",
                "multiqc/group_reports/lane1/multiqc_data",
                "multiqc/group_reports/lane1/multiqc_data/.stub",
                "multiqc/group_reports/lane1/multiqc_plots",
                "multiqc/group_reports/lane1/multiqc_plots/.stub",
                "multiqc/group_reports/lane1/multiqc_report.html",
                "multiqc/group_reports/test",
                "multiqc/group_reports/test/multiqc_data",
                "multiqc/group_reports/test/multiqc_data/.stub",
                "multiqc/group_reports/test/multiqc_plots",
                "multiqc/group_reports/test/multiqc_plots/.stub",
                "multiqc/group_reports/test/multiqc_report.html",
                "pipeline_info",
                "pipeline_info/nf_core_seqinspector_software_mqc_versions.yml",
                "references",
                "references/R64-1-1.dict",
                "references/bwamem2",
                "references/bwamem2/genome.fa.0123",
                "references/bwamem2/genome.fa.amb",
                "references/bwamem2/genome.fa.ann",
                "references/bwamem2/genome.fa.bwt.2bit.64",
                "references/bwamem2/genome.fa.pac",
                "references/genome.fa.fai",
                "reports",
                "reports/picard_collecthsmetrics",
                "reports/picard_collecthsmetrics/Sample1_01",
                "reports/picard_collecthsmetrics/Sample1_01/Sample1_01.CollectHsMetrics.coverage_metrics",
                "reports/picard_collecthsmetrics/Sample23_03",
                "reports/picard_collecthsmetrics/Sample23_03/Sample23_03.CollectHsMetrics.coverage_metrics",
                "reports/picard_collecthsmetrics/SampleA_02",
                "reports/picard_collecthsmetrics/SampleA_02/SampleA_02.CollectHsMetrics.coverage_metrics",
                "reports/picard_collecthsmetrics/Undetermined_05",
                "reports/picard_collecthsmetrics/Undetermined_05/Undetermined_05.CollectHsMetrics.coverage_metrics",
                "reports/picard_collecthsmetrics/sampletest_04",
                "reports/picard_collecthsmetrics/sampletest_04/sampletest_04.CollectHsMetrics.coverage_metrics",
                "reports/picard_collectmultiplemetrics",
                "reports/picard_collectmultiplemetrics/Sample1_01",
                "reports/picard_collectmultiplemetrics/Sample1_01/Sample1_01.CollectMultipleMetrics.alignment_summary_metrics",
                "reports/picard_collectmultiplemetrics/Sample1_01/Sample1_01.CollectMultipleMetrics.base_distribution_by_cycle_metrics",
                "reports/picard_collectmultiplemetrics/Sample1_01/Sample1_01.CollectMultipleMetrics.insert_size_metrics",
                "reports/picard_collectmultiplemetrics/Sample1_01/Sample1_01.CollectMultipleMetrics.quality_by_cycle_metrics",
                "reports/picard_collectmultiplemetrics/Sample1_01/Sample1_01.CollectMultipleMetrics.quality_distribution_metrics",
                "reports/picard_collectmultiplemetrics/Sample23_03",
                "reports/picard_collectmultiplemetrics/Sample23_03/Sample23_03.CollectMultipleMetrics.alignment_summary_metrics",
                "reports/picard_collectmultiplemetrics/Sample23_03/Sample23_03.CollectMultipleMetrics.base_distribution_by_cycle_metrics",
                "reports/picard_collectmultiplemetrics/Sample23_03/Sample23_03.CollectMultipleMetrics.insert_size_metrics",
                "reports/picard_collectmultiplemetrics/Sample23_03/Sample23_03.CollectMultipleMetrics.quality_by_cycle_metrics",
                "reports/picard_collectmultiplemetrics/Sample23_03/Sample23_03.CollectMultipleMetrics.quality_distribution_metrics",
                "reports/picard_collectmultiplemetrics/SampleA_02",
                "reports/picard_collectmultiplemetrics/SampleA_02/SampleA_02.CollectMultipleMetrics.alignment_summary_metrics",
                "reports/picard_collectmultiplemetrics/SampleA_02/SampleA_02.CollectMultipleMetrics.base_distribution_by_cycle_metrics",
                "reports/picard_collectmultiplemetrics/SampleA_02/SampleA_02.CollectMultipleMetrics.insert_size_metrics",
                "reports/picard_collectmultiplemetrics/SampleA_02/SampleA_02.CollectMultipleMetrics.quality_by_cycle_metrics",
                "reports/picard_collectmultiplemetrics/SampleA_02/SampleA_02.CollectMultipleMetrics.quality_distribution_metrics",
                "reports/picard_collectmultiplemetrics/Undetermined_05",
                "reports/picard_collectmultiplemetrics/Undetermined_05/Undetermined_05.CollectMultipleMetrics.alignment_summary_metrics",
                "reports/picard_collectmultiplemetrics/Undetermined_05/Undetermined_05.CollectMultipleMetrics.base_distribution_by_cycle_metrics",
                "reports/picard_collectmultiplemetrics/Undetermined_05/Undetermined_05.CollectMultipleMetrics.insert_size_metrics",
                "reports/picard_collectmultiplemetrics/Undetermined_05/Undetermined_05.CollectMultipleMetrics.quality_by_cycle_metrics",
                "reports/picard_collectmultiplemetrics/Undetermined_05/Undetermined_05.CollectMultipleMetrics.quality_distribution_metrics",
                "reports/picard_collectmultiplemetrics/sampletest_04",
                "reports/picard_collectmultiplemetrics/sampletest_04/sampletest_04.CollectMultipleMetrics.alignment_summary_metrics",
                "reports/picard_collectmultiplemetrics/sampletest_04/sampletest_04.CollectMultipleMetrics.base_distribution_by_cycle_metrics",
                "reports/picard_collectmultiplemetrics/sampletest_04/sampletest_04.CollectMultipleMetrics.insert_size_metrics",
                "reports/picard_collectmultiplemetrics/sampletest_04/sampletest_04.CollectMultipleMetrics.quality_by_cycle_metrics",
                "reports/picard_collectmultiplemetrics/sampletest_04/sampletest_04.CollectMultipleMetrics.quality_distribution_metrics"
            ],
            [
                "WARN: nf-core pipelines do not accept positional arguments. The positional argument `true` has been detected."
            ]
        ],
        "timestamp": "2026-07-13T16:51:39.926061626",
        "meta": {
            "nf-test": "0.9.5",
            "nextflow": "26.04.4"
        }
    }
}