{
    "NovaSeq6000 data test - kraken2 - no_db": {
        "content": [
            [
                "pipeline_info"
            ],
            "No stable content",
            "No BAM files",
            [
                "No kraken2_db was provided, but Kraken2 was requested"
            ]
        ],
        "timestamp": "2026-03-23T13:36:27.214583547",
        "meta": {
            "nf-test": "0.9.4",
            "nextflow": "26.03.0"
        }
    },
    "NovaSeq6000 data test - kraken2": {
        "content": [
            11,
            {
                "KRAKEN2_KRAKEN2": {
                    "kraken2": "2.1.6",
                    "pigz": "2.8"
                },
                "KRONA_KTIMPORTTAXONOMY": {
                    "krona": "2.8.1"
                },
                "KRONA_KTUPDATETAXONOMY": {
                    "krona": "2.8.1"
                },
                "SEQTK_SAMPLE": {
                    "seqtk": "1.4-r122"
                },
                "UNTAR_KRAKEN2DB": {
                    "untar": "1.34"
                }
            },
            [
                "kraken2",
                "kraken2/krona",
                "kraken2/krona/sampletest_04.html",
                "kraken2/sampletest_04.kraken2.report.txt",
                "multiqc",
                "multiqc/global_report",
                "multiqc/global_report/multiqc_data",
                "multiqc/global_report/multiqc_data/kraken-top-n-plot_Class.txt",
                "multiqc/global_report/multiqc_data/kraken-top-n-plot_Domain.txt",
                "multiqc/global_report/multiqc_data/kraken-top-n-plot_Family.txt",
                "multiqc/global_report/multiqc_data/kraken-top-n-plot_Genus.txt",
                "multiqc/global_report/multiqc_data/kraken-top-n-plot_Kingdom.txt",
                "multiqc/global_report/multiqc_data/kraken-top-n-plot_Order.txt",
                "multiqc/global_report/multiqc_data/kraken-top-n-plot_Phylum.txt",
                "multiqc/global_report/multiqc_data/kraken-top-n-plot_Species.txt",
                "multiqc/global_report/multiqc_data/kraken-top-n-plot_Unclassified.txt",
                "multiqc/global_report/multiqc_data/llms-full.txt",
                "multiqc/global_report/multiqc_data/multiqc.log",
                "multiqc/global_report/multiqc_data/multiqc.parquet",
                "multiqc/global_report/multiqc_data/multiqc_citations.txt",
                "multiqc/global_report/multiqc_data/multiqc_data.json",
                "multiqc/global_report/multiqc_data/multiqc_general_stats.txt",
                "multiqc/global_report/multiqc_data/multiqc_kraken.txt",
                "multiqc/global_report/multiqc_data/multiqc_software_versions.txt",
                "multiqc/global_report/multiqc_data/multiqc_sources.txt",
                "multiqc/global_report/multiqc_plots",
                "multiqc/global_report/multiqc_plots/pdf",
                "multiqc/global_report/multiqc_plots/pdf/kraken-top-n-plot_Class-cnt.pdf",
                "multiqc/global_report/multiqc_plots/pdf/kraken-top-n-plot_Class-pct.pdf",
                "multiqc/global_report/multiqc_plots/pdf/kraken-top-n-plot_Domain-cnt.pdf",
                "multiqc/global_report/multiqc_plots/pdf/kraken-top-n-plot_Domain-pct.pdf",
                "multiqc/global_report/multiqc_plots/pdf/kraken-top-n-plot_Family-cnt.pdf",
                "multiqc/global_report/multiqc_plots/pdf/kraken-top-n-plot_Family-pct.pdf",
                "multiqc/global_report/multiqc_plots/pdf/kraken-top-n-plot_Genus-cnt.pdf",
                "multiqc/global_report/multiqc_plots/pdf/kraken-top-n-plot_Genus-pct.pdf",
                "multiqc/global_report/multiqc_plots/pdf/kraken-top-n-plot_Kingdom-cnt.pdf",
                "multiqc/global_report/multiqc_plots/pdf/kraken-top-n-plot_Kingdom-pct.pdf",
                "multiqc/global_report/multiqc_plots/pdf/kraken-top-n-plot_Order-cnt.pdf",
                "multiqc/global_report/multiqc_plots/pdf/kraken-top-n-plot_Order-pct.pdf",
                "multiqc/global_report/multiqc_plots/pdf/kraken-top-n-plot_Phylum-cnt.pdf",
                "multiqc/global_report/multiqc_plots/pdf/kraken-top-n-plot_Phylum-pct.pdf",
                "multiqc/global_report/multiqc_plots/pdf/kraken-top-n-plot_Species-cnt.pdf",
                "multiqc/global_report/multiqc_plots/pdf/kraken-top-n-plot_Species-pct.pdf",
                "multiqc/global_report/multiqc_plots/pdf/kraken-top-n-plot_Unclassified-cnt.pdf",
                "multiqc/global_report/multiqc_plots/pdf/kraken-top-n-plot_Unclassified-pct.pdf",
                "multiqc/global_report/multiqc_plots/png",
                "multiqc/global_report/multiqc_plots/png/kraken-top-n-plot_Class-cnt.png",
                "multiqc/global_report/multiqc_plots/png/kraken-top-n-plot_Class-pct.png",
                "multiqc/global_report/multiqc_plots/png/kraken-top-n-plot_Domain-cnt.png",
                "multiqc/global_report/multiqc_plots/png/kraken-top-n-plot_Domain-pct.png",
                "multiqc/global_report/multiqc_plots/png/kraken-top-n-plot_Family-cnt.png",
                "multiqc/global_report/multiqc_plots/png/kraken-top-n-plot_Family-pct.png",
                "multiqc/global_report/multiqc_plots/png/kraken-top-n-plot_Genus-cnt.png",
                "multiqc/global_report/multiqc_plots/png/kraken-top-n-plot_Genus-pct.png",
                "multiqc/global_report/multiqc_plots/png/kraken-top-n-plot_Kingdom-cnt.png",
                "multiqc/global_report/multiqc_plots/png/kraken-top-n-plot_Kingdom-pct.png",
                "multiqc/global_report/multiqc_plots/png/kraken-top-n-plot_Order-cnt.png",
                "multiqc/global_report/multiqc_plots/png/kraken-top-n-plot_Order-pct.png",
                "multiqc/global_report/multiqc_plots/png/kraken-top-n-plot_Phylum-cnt.png",
                "multiqc/global_report/multiqc_plots/png/kraken-top-n-plot_Phylum-pct.png",
                "multiqc/global_report/multiqc_plots/png/kraken-top-n-plot_Species-cnt.png",
                "multiqc/global_report/multiqc_plots/png/kraken-top-n-plot_Species-pct.png",
                "multiqc/global_report/multiqc_plots/png/kraken-top-n-plot_Unclassified-cnt.png",
                "multiqc/global_report/multiqc_plots/png/kraken-top-n-plot_Unclassified-pct.png",
                "multiqc/global_report/multiqc_plots/svg",
                "multiqc/global_report/multiqc_plots/svg/kraken-top-n-plot_Class-cnt.svg",
                "multiqc/global_report/multiqc_plots/svg/kraken-top-n-plot_Class-pct.svg",
                "multiqc/global_report/multiqc_plots/svg/kraken-top-n-plot_Domain-cnt.svg",
                "multiqc/global_report/multiqc_plots/svg/kraken-top-n-plot_Domain-pct.svg",
                "multiqc/global_report/multiqc_plots/svg/kraken-top-n-plot_Family-cnt.svg",
                "multiqc/global_report/multiqc_plots/svg/kraken-top-n-plot_Family-pct.svg",
                "multiqc/global_report/multiqc_plots/svg/kraken-top-n-plot_Genus-cnt.svg",
                "multiqc/global_report/multiqc_plots/svg/kraken-top-n-plot_Genus-pct.svg",
                "multiqc/global_report/multiqc_plots/svg/kraken-top-n-plot_Kingdom-cnt.svg",
                "multiqc/global_report/multiqc_plots/svg/kraken-top-n-plot_Kingdom-pct.svg",
                "multiqc/global_report/multiqc_plots/svg/kraken-top-n-plot_Order-cnt.svg",
                "multiqc/global_report/multiqc_plots/svg/kraken-top-n-plot_Order-pct.svg",
                "multiqc/global_report/multiqc_plots/svg/kraken-top-n-plot_Phylum-cnt.svg",
                "multiqc/global_report/multiqc_plots/svg/kraken-top-n-plot_Phylum-pct.svg",
                "multiqc/global_report/multiqc_plots/svg/kraken-top-n-plot_Species-cnt.svg",
                "multiqc/global_report/multiqc_plots/svg/kraken-top-n-plot_Species-pct.svg",
                "multiqc/global_report/multiqc_plots/svg/kraken-top-n-plot_Unclassified-cnt.svg",
                "multiqc/global_report/multiqc_plots/svg/kraken-top-n-plot_Unclassified-pct.svg",
                "multiqc/global_report/multiqc_report.html",
                "multiqc/group_reports",
                "multiqc/group_reports/test",
                "multiqc/group_reports/test/multiqc_data",
                "multiqc/group_reports/test/multiqc_data/kraken-top-n-plot_Class.txt",
                "multiqc/group_reports/test/multiqc_data/kraken-top-n-plot_Domain.txt",
                "multiqc/group_reports/test/multiqc_data/kraken-top-n-plot_Family.txt",
                "multiqc/group_reports/test/multiqc_data/kraken-top-n-plot_Genus.txt",
                "multiqc/group_reports/test/multiqc_data/kraken-top-n-plot_Kingdom.txt",
                "multiqc/group_reports/test/multiqc_data/kraken-top-n-plot_Order.txt",
                "multiqc/group_reports/test/multiqc_data/kraken-top-n-plot_Phylum.txt",
                "multiqc/group_reports/test/multiqc_data/kraken-top-n-plot_Species.txt",
                "multiqc/group_reports/test/multiqc_data/kraken-top-n-plot_Unclassified.txt",
                "multiqc/group_reports/test/multiqc_data/llms-full.txt",
                "multiqc/group_reports/test/multiqc_data/multiqc.log",
                "multiqc/group_reports/test/multiqc_data/multiqc.parquet",
                "multiqc/group_reports/test/multiqc_data/multiqc_citations.txt",
                "multiqc/group_reports/test/multiqc_data/multiqc_data.json",
                "multiqc/group_reports/test/multiqc_data/multiqc_general_stats.txt",
                "multiqc/group_reports/test/multiqc_data/multiqc_kraken.txt",
                "multiqc/group_reports/test/multiqc_data/multiqc_software_versions.txt",
                "multiqc/group_reports/test/multiqc_data/multiqc_sources.txt",
                "multiqc/group_reports/test/multiqc_plots",
                "multiqc/group_reports/test/multiqc_plots/pdf",
                "multiqc/group_reports/test/multiqc_plots/pdf/kraken-top-n-plot_Class-cnt.pdf",
                "multiqc/group_reports/test/multiqc_plots/pdf/kraken-top-n-plot_Class-pct.pdf",
                "multiqc/group_reports/test/multiqc_plots/pdf/kraken-top-n-plot_Domain-cnt.pdf",
                "multiqc/group_reports/test/multiqc_plots/pdf/kraken-top-n-plot_Domain-pct.pdf",
                "multiqc/group_reports/test/multiqc_plots/pdf/kraken-top-n-plot_Family-cnt.pdf",
                "multiqc/group_reports/test/multiqc_plots/pdf/kraken-top-n-plot_Family-pct.pdf",
                "multiqc/group_reports/test/multiqc_plots/pdf/kraken-top-n-plot_Genus-cnt.pdf",
                "multiqc/group_reports/test/multiqc_plots/pdf/kraken-top-n-plot_Genus-pct.pdf",
                "multiqc/group_reports/test/multiqc_plots/pdf/kraken-top-n-plot_Kingdom-cnt.pdf",
                "multiqc/group_reports/test/multiqc_plots/pdf/kraken-top-n-plot_Kingdom-pct.pdf",
                "multiqc/group_reports/test/multiqc_plots/pdf/kraken-top-n-plot_Order-cnt.pdf",
                "multiqc/group_reports/test/multiqc_plots/pdf/kraken-top-n-plot_Order-pct.pdf",
                "multiqc/group_reports/test/multiqc_plots/pdf/kraken-top-n-plot_Phylum-cnt.pdf",
                "multiqc/group_reports/test/multiqc_plots/pdf/kraken-top-n-plot_Phylum-pct.pdf",
                "multiqc/group_reports/test/multiqc_plots/pdf/kraken-top-n-plot_Species-cnt.pdf",
                "multiqc/group_reports/test/multiqc_plots/pdf/kraken-top-n-plot_Species-pct.pdf",
                "multiqc/group_reports/test/multiqc_plots/pdf/kraken-top-n-plot_Unclassified-cnt.pdf",
                "multiqc/group_reports/test/multiqc_plots/pdf/kraken-top-n-plot_Unclassified-pct.pdf",
                "multiqc/group_reports/test/multiqc_plots/png",
                "multiqc/group_reports/test/multiqc_plots/png/kraken-top-n-plot_Class-cnt.png",
                "multiqc/group_reports/test/multiqc_plots/png/kraken-top-n-plot_Class-pct.png",
                "multiqc/group_reports/test/multiqc_plots/png/kraken-top-n-plot_Domain-cnt.png",
                "multiqc/group_reports/test/multiqc_plots/png/kraken-top-n-plot_Domain-pct.png",
                "multiqc/group_reports/test/multiqc_plots/png/kraken-top-n-plot_Family-cnt.png",
                "multiqc/group_reports/test/multiqc_plots/png/kraken-top-n-plot_Family-pct.png",
                "multiqc/group_reports/test/multiqc_plots/png/kraken-top-n-plot_Genus-cnt.png",
                "multiqc/group_reports/test/multiqc_plots/png/kraken-top-n-plot_Genus-pct.png",
                "multiqc/group_reports/test/multiqc_plots/png/kraken-top-n-plot_Kingdom-cnt.png",
                "multiqc/group_reports/test/multiqc_plots/png/kraken-top-n-plot_Kingdom-pct.png",
                "multiqc/group_reports/test/multiqc_plots/png/kraken-top-n-plot_Order-cnt.png",
                "multiqc/group_reports/test/multiqc_plots/png/kraken-top-n-plot_Order-pct.png",
                "multiqc/group_reports/test/multiqc_plots/png/kraken-top-n-plot_Phylum-cnt.png",
                "multiqc/group_reports/test/multiqc_plots/png/kraken-top-n-plot_Phylum-pct.png",
                "multiqc/group_reports/test/multiqc_plots/png/kraken-top-n-plot_Species-cnt.png",
                "multiqc/group_reports/test/multiqc_plots/png/kraken-top-n-plot_Species-pct.png",
                "multiqc/group_reports/test/multiqc_plots/png/kraken-top-n-plot_Unclassified-cnt.png",
                "multiqc/group_reports/test/multiqc_plots/png/kraken-top-n-plot_Unclassified-pct.png",
                "multiqc/group_reports/test/multiqc_plots/svg",
                "multiqc/group_reports/test/multiqc_plots/svg/kraken-top-n-plot_Class-cnt.svg",
                "multiqc/group_reports/test/multiqc_plots/svg/kraken-top-n-plot_Class-pct.svg",
                "multiqc/group_reports/test/multiqc_plots/svg/kraken-top-n-plot_Domain-cnt.svg",
                "multiqc/group_reports/test/multiqc_plots/svg/kraken-top-n-plot_Domain-pct.svg",
                "multiqc/group_reports/test/multiqc_plots/svg/kraken-top-n-plot_Family-cnt.svg",
                "multiqc/group_reports/test/multiqc_plots/svg/kraken-top-n-plot_Family-pct.svg",
                "multiqc/group_reports/test/multiqc_plots/svg/kraken-top-n-plot_Genus-cnt.svg",
                "multiqc/group_reports/test/multiqc_plots/svg/kraken-top-n-plot_Genus-pct.svg",
                "multiqc/group_reports/test/multiqc_plots/svg/kraken-top-n-plot_Kingdom-cnt.svg",
                "multiqc/group_reports/test/multiqc_plots/svg/kraken-top-n-plot_Kingdom-pct.svg",
                "multiqc/group_reports/test/multiqc_plots/svg/kraken-top-n-plot_Order-cnt.svg",
                "multiqc/group_reports/test/multiqc_plots/svg/kraken-top-n-plot_Order-pct.svg",
                "multiqc/group_reports/test/multiqc_plots/svg/kraken-top-n-plot_Phylum-cnt.svg",
                "multiqc/group_reports/test/multiqc_plots/svg/kraken-top-n-plot_Phylum-pct.svg",
                "multiqc/group_reports/test/multiqc_plots/svg/kraken-top-n-plot_Species-cnt.svg",
                "multiqc/group_reports/test/multiqc_plots/svg/kraken-top-n-plot_Species-pct.svg",
                "multiqc/group_reports/test/multiqc_plots/svg/kraken-top-n-plot_Unclassified-cnt.svg",
                "multiqc/group_reports/test/multiqc_plots/svg/kraken-top-n-plot_Unclassified-pct.svg",
                "multiqc/group_reports/test/multiqc_report.html",
                "pipeline_info",
                "pipeline_info/nf_core_seqinspector_software_mqc_versions.yml",
                "seqtk",
                "seqtk/Sample1_01_Sample1_S1_L001_R1_001.fastq.gz",
                "seqtk/Sample23_03_Sample23_S3_L001_R1_001.fastq.gz",
                "seqtk/SampleA_02_SampleA_S2_L001_R1_001.fastq.gz",
                "seqtk/Undetermined_05_Undetermined_S0_L001_R1_001.fastq.gz",
                "seqtk/sampletest_04_sampletest_S4_L001_R1_001.fastq.gz"
            ],
            [
                "kraken-top-n-plot_Class.txt:md5,a13b71af7a7dcddb8115bcdd0fa40359",
                "kraken-top-n-plot_Domain.txt:md5,82db5aaecc316522a6da92c8f65480a4",
                "kraken-top-n-plot_Family.txt:md5,1c75b2d40c8ba2e6033776b7912f8a14",
                "kraken-top-n-plot_Genus.txt:md5,cc61ae7c31dc34c24dda368d32524342",
                "kraken-top-n-plot_Kingdom.txt:md5,9b0c5b1cd73c62fbdf9025a05327e771",
                "kraken-top-n-plot_Order.txt:md5,15eb44dda6c0c17544fda1ac9e0e96df",
                "kraken-top-n-plot_Phylum.txt:md5,c83ff419af9187ccbc39395fac8e04d7",
                "kraken-top-n-plot_Species.txt:md5,16bd531df0d56359c5351fdbb7425bed",
                "kraken-top-n-plot_Unclassified.txt:md5,ce60858b43f20bfc521440ab452a5e63",
                "multiqc_citations.txt:md5,6c7f11ec8908181ce5daed75ddb6dc32",
                "multiqc_kraken.txt:md5,e699437914dfa0e4f79712bcf5a9d407",
                "kraken-top-n-plot_Class.txt:md5,a13b71af7a7dcddb8115bcdd0fa40359",
                "kraken-top-n-plot_Domain.txt:md5,82db5aaecc316522a6da92c8f65480a4",
                "kraken-top-n-plot_Family.txt:md5,1c75b2d40c8ba2e6033776b7912f8a14",
                "kraken-top-n-plot_Genus.txt:md5,cc61ae7c31dc34c24dda368d32524342",
                "kraken-top-n-plot_Kingdom.txt:md5,9b0c5b1cd73c62fbdf9025a05327e771",
                "kraken-top-n-plot_Order.txt:md5,15eb44dda6c0c17544fda1ac9e0e96df",
                "kraken-top-n-plot_Phylum.txt:md5,c83ff419af9187ccbc39395fac8e04d7",
                "kraken-top-n-plot_Species.txt:md5,16bd531df0d56359c5351fdbb7425bed",
                "kraken-top-n-plot_Unclassified.txt:md5,ce60858b43f20bfc521440ab452a5e63",
                "multiqc_citations.txt:md5,6c7f11ec8908181ce5daed75ddb6dc32",
                "multiqc_kraken.txt:md5,e699437914dfa0e4f79712bcf5a9d407",
                "Sample1_01_Sample1_S1_L001_R1_001.fastq.gz:md5,3ccd132ff32399706842b0f1d00f477e",
                "Sample23_03_Sample23_S3_L001_R1_001.fastq.gz:md5,3802f03450693b42531fdf5b0b542c2f",
                "SampleA_02_SampleA_S2_L001_R1_001.fastq.gz:md5,f99d5407aac64cb36451c6f0a1db5ade",
                "Undetermined_05_Undetermined_S0_L001_R1_001.fastq.gz:md5,104dbbef386db0eef3e02c586feb01a1",
                "sampletest_04_sampletest_S4_L001_R1_001.fastq.gz:md5,30aa24a51e27e24390ac8b90158df8f2"
            ],
            "No BAM files",
            "No warnings"
        ],
        "timestamp": "2026-03-23T14:10:22.968055666",
        "meta": {
            "nf-test": "0.9.4",
            "nextflow": "26.03.0"
        }
    }
}