{
    "Test with picard_collecthsmetrics": {
        "content": [
            [
                [
                    "earlycasualcaiman.CollectHsMetrics.coverage_metrics"
                ]
            ]
        ],
        "timestamp": "2026-03-30T16:09:32.192049122",
        "meta": {
            "nf-test": "0.9.5",
            "nextflow": "25.10.2"
        }
    },
    "Test with picard_collectmultiplemetrics": {
        "content": [
            [
                [
                    "earlycasualcaiman.CollectMultipleMetrics.alignment_summary_metrics",
                    "earlycasualcaiman.CollectMultipleMetrics.base_distribution_by_cycle_metrics",
                    "earlycasualcaiman.CollectMultipleMetrics.insert_size_metrics",
                    "earlycasualcaiman.CollectMultipleMetrics.quality_by_cycle_metrics",
                    "earlycasualcaiman.CollectMultipleMetrics.quality_distribution_metrics"
                ]
            ]
        ],
        "timestamp": "2026-03-30T16:11:11.309734276",
        "meta": {
            "nf-test": "0.9.5",
            "nextflow": "25.10.2"
        }
    },
    "Test with picard_collecthsmetrics and picard_collectmultiplemetrics": {
        "content": [
            [
                [
                    "earlycasualcaiman.CollectHsMetrics.coverage_metrics"
                ],
                [
                    "earlycasualcaiman.CollectMultipleMetrics.alignment_summary_metrics",
                    "earlycasualcaiman.CollectMultipleMetrics.base_distribution_by_cycle_metrics",
                    "earlycasualcaiman.CollectMultipleMetrics.insert_size_metrics",
                    "earlycasualcaiman.CollectMultipleMetrics.quality_by_cycle_metrics",
                    "earlycasualcaiman.CollectMultipleMetrics.quality_distribution_metrics"
                ]
            ]
        ],
        "timestamp": "2026-03-30T16:10:46.321973272",
        "meta": {
            "nf-test": "0.9.5",
            "nextflow": "25.10.2"
        }
    }
}