{
    "Test with run_picard_collecthsmetrics=false": {
        "content": [
            {
                "multiple_metrics": [
                    [
                        "earlycasualcaiman.CollectMultipleMetrics.alignment_summary_metrics",
                        "earlycasualcaiman.CollectMultipleMetrics.base_distribution_by_cycle_metrics",
                        "earlycasualcaiman.CollectMultipleMetrics.insert_size_metrics",
                        "earlycasualcaiman.CollectMultipleMetrics.quality_by_cycle_metrics",
                        "earlycasualcaiman.CollectMultipleMetrics.quality_distribution_metrics"
                    ]
                ],
                "versions": [
                    {
                        "QC_BAM:PICARD_COLLECTMULTIPLEMETRICS": {
                            "picard": "3.4.0"
                        }
                    }
                ]
            }
        ],
        "meta": {
            "nf-test": "0.9.3",
            "nextflow": "25.10.2"
        },
        "timestamp": "2025-12-15T13:01:33.166952245"
    },
    "Test with run_picard_collecthsmetrics=true": {
        "content": [
            {
                "hs_metrics": [
                    "earlycasualcaiman.CollectHsMetrics.coverage_metrics"
                ],
                "multiple_metrics": [
                    [
                        "earlycasualcaiman.CollectMultipleMetrics.alignment_summary_metrics",
                        "earlycasualcaiman.CollectMultipleMetrics.base_distribution_by_cycle_metrics",
                        "earlycasualcaiman.CollectMultipleMetrics.insert_size_metrics",
                        "earlycasualcaiman.CollectMultipleMetrics.quality_by_cycle_metrics",
                        "earlycasualcaiman.CollectMultipleMetrics.quality_distribution_metrics"
                    ]
                ],
                "versions": [
                    {
                        "QC_BAM:PICARD_COLLECTMULTIPLEMETRICS": {
                            "picard": "3.4.0"
                        }
                    },
                    {
                        "QC_BAM:PICARD_COLLECTHSMETRICS": {
                            "picard": "3.4.0"
                        }
                    }
                ]
            }
        ],
        "meta": {
            "nf-test": "0.9.3",
            "nextflow": "25.10.2"
        },
        "timestamp": "2025-12-15T13:02:46.733316125"
    }
}